Archive member included to satisfy reference by file (symbol)

/opt/st/stm32cubeide_1.0.2/plugins/com.st.stm32cube.ide.mcu.externaltools.gnu-tools-for-stm32.7-2018-q2-update.linux64_1.0.0.201904181610/tools/bin/../lib/gcc/arm-none-eabi/7.3.1/../../../../arm-none-eabi/lib/thumb/v7e-m/fpv5/hard/libc_nano.a(lib_a-errno.o)
                              Src/syscalls.o (__errno)
/opt/st/stm32cubeide_1.0.2/plugins/com.st.stm32cube.ide.mcu.externaltools.gnu-tools-for-stm32.7-2018-q2-update.linux64_1.0.0.201904181610/tools/bin/../lib/gcc/arm-none-eabi/7.3.1/../../../../arm-none-eabi/lib/thumb/v7e-m/fpv5/hard/libc_nano.a(lib_a-exit.o)
                              /opt/st/stm32cubeide_1.0.2/plugins/com.st.stm32cube.ide.mcu.externaltools.gnu-tools-for-stm32.7-2018-q2-update.linux64_1.0.0.201904181610/tools/bin/../lib/gcc/arm-none-eabi/7.3.1/../../../../arm-none-eabi/lib/thumb/v7e-m/fpv5/hard/crt0.o (exit)
/opt/st/stm32cubeide_1.0.2/plugins/com.st.stm32cube.ide.mcu.externaltools.gnu-tools-for-stm32.7-2018-q2-update.linux64_1.0.0.201904181610/tools/bin/../lib/gcc/arm-none-eabi/7.3.1/../../../../arm-none-eabi/lib/thumb/v7e-m/fpv5/hard/libc_nano.a(lib_a-impure.o)
                              /opt/st/stm32cubeide_1.0.2/plugins/com.st.stm32cube.ide.mcu.externaltools.gnu-tools-for-stm32.7-2018-q2-update.linux64_1.0.0.201904181610/tools/bin/../lib/gcc/arm-none-eabi/7.3.1/../../../../arm-none-eabi/lib/thumb/v7e-m/fpv5/hard/libc_nano.a(lib_a-exit.o) (_global_impure_ptr)
/opt/st/stm32cubeide_1.0.2/plugins/com.st.stm32cube.ide.mcu.externaltools.gnu-tools-for-stm32.7-2018-q2-update.linux64_1.0.0.201904181610/tools/bin/../lib/gcc/arm-none-eabi/7.3.1/../../../../arm-none-eabi/lib/thumb/v7e-m/fpv5/hard/libc_nano.a(lib_a-init.o)
                              /opt/st/stm32cubeide_1.0.2/plugins/com.st.stm32cube.ide.mcu.externaltools.gnu-tools-for-stm32.7-2018-q2-update.linux64_1.0.0.201904181610/tools/bin/../lib/gcc/arm-none-eabi/7.3.1/../../../../arm-none-eabi/lib/thumb/v7e-m/fpv5/hard/crt0.o (__libc_init_array)
/opt/st/stm32cubeide_1.0.2/plugins/com.st.stm32cube.ide.mcu.externaltools.gnu-tools-for-stm32.7-2018-q2-update.linux64_1.0.0.201904181610/tools/bin/../lib/gcc/arm-none-eabi/7.3.1/../../../../arm-none-eabi/lib/thumb/v7e-m/fpv5/hard/libc_nano.a(lib_a-malloc.o)
                              Middlewares/ST/STM32_USB_Device_Library/Class/CDC/Src/usbd_cdc.o (malloc)
/opt/st/stm32cubeide_1.0.2/plugins/com.st.stm32cube.ide.mcu.externaltools.gnu-tools-for-stm32.7-2018-q2-update.linux64_1.0.0.201904181610/tools/bin/../lib/gcc/arm-none-eabi/7.3.1/../../../../arm-none-eabi/lib/thumb/v7e-m/fpv5/hard/libc_nano.a(lib_a-memcpy-stub.o)
                              Middlewares/Third_Party/FreeRTOS/Source/queue.o (memcpy)
/opt/st/stm32cubeide_1.0.2/plugins/com.st.stm32cube.ide.mcu.externaltools.gnu-tools-for-stm32.7-2018-q2-update.linux64_1.0.0.201904181610/tools/bin/../lib/gcc/arm-none-eabi/7.3.1/../../../../arm-none-eabi/lib/thumb/v7e-m/fpv5/hard/libc_nano.a(lib_a-memset.o)
                              /opt/st/stm32cubeide_1.0.2/plugins/com.st.stm32cube.ide.mcu.externaltools.gnu-tools-for-stm32.7-2018-q2-update.linux64_1.0.0.201904181610/tools/bin/../lib/gcc/arm-none-eabi/7.3.1/../../../../arm-none-eabi/lib/thumb/v7e-m/fpv5/hard/crt0.o (memset)
/opt/st/stm32cubeide_1.0.2/plugins/com.st.stm32cube.ide.mcu.externaltools.gnu-tools-for-stm32.7-2018-q2-update.linux64_1.0.0.201904181610/tools/bin/../lib/gcc/arm-none-eabi/7.3.1/../../../../arm-none-eabi/lib/thumb/v7e-m/fpv5/hard/libc_nano.a(lib_a-nano-freer.o)
                              /opt/st/stm32cubeide_1.0.2/plugins/com.st.stm32cube.ide.mcu.externaltools.gnu-tools-for-stm32.7-2018-q2-update.linux64_1.0.0.201904181610/tools/bin/../lib/gcc/arm-none-eabi/7.3.1/../../../../arm-none-eabi/lib/thumb/v7e-m/fpv5/hard/libc_nano.a(lib_a-malloc.o) (_free_r)
/opt/st/stm32cubeide_1.0.2/plugins/com.st.stm32cube.ide.mcu.externaltools.gnu-tools-for-stm32.7-2018-q2-update.linux64_1.0.0.201904181610/tools/bin/../lib/gcc/arm-none-eabi/7.3.1/../../../../arm-none-eabi/lib/thumb/v7e-m/fpv5/hard/libc_nano.a(lib_a-nano-mallocr.o)
                              /opt/st/stm32cubeide_1.0.2/plugins/com.st.stm32cube.ide.mcu.externaltools.gnu-tools-for-stm32.7-2018-q2-update.linux64_1.0.0.201904181610/tools/bin/../lib/gcc/arm-none-eabi/7.3.1/../../../../arm-none-eabi/lib/thumb/v7e-m/fpv5/hard/libc_nano.a(lib_a-malloc.o) (_malloc_r)
/opt/st/stm32cubeide_1.0.2/plugins/com.st.stm32cube.ide.mcu.externaltools.gnu-tools-for-stm32.7-2018-q2-update.linux64_1.0.0.201904181610/tools/bin/../lib/gcc/arm-none-eabi/7.3.1/../../../../arm-none-eabi/lib/thumb/v7e-m/fpv5/hard/libc_nano.a(lib_a-printf.o)
                              Src/main.o (printf)
/opt/st/stm32cubeide_1.0.2/plugins/com.st.stm32cube.ide.mcu.externaltools.gnu-tools-for-stm32.7-2018-q2-update.linux64_1.0.0.201904181610/tools/bin/../lib/gcc/arm-none-eabi/7.3.1/../../../../arm-none-eabi/lib/thumb/v7e-m/fpv5/hard/libc_nano.a(lib_a-sbrkr.o)
[...]
Memory Configuration

Name             Origin             Length             Attributes
RAM              0x0000000020000000 0x0000000000080000 xrw
FLASH            0x0000000008000000 0x0000000000200000 xr
*default*        0x0000000000000000 0xffffffffffffffff

Linker script and memory map

LOAD /opt/st/stm32cubeide_1.0.2/plugins/com.st.stm32cube.ide.mcu.externaltools.gnu-tools-for-stm32.7-2018-q2-update.linux64_1.0.0.201904181610/tools/bin/../lib/gcc/arm-none-eabi/7.3.1/thumb/v7e-m/fpv5/hard/crti.o
LOAD /opt/st/stm32cubeide_1.0.2/plugins/com.st.stm32cube.ide.mcu.externaltools.gnu-tools-for-stm32.7-2018-q2-update.linux64_1.0.0.201904181610/tools/bin/../lib/gcc/arm-none-eabi/7.3.1/thumb/v7e-m/fpv5/hard/crtbegin.o
LOAD /opt/st/stm32cubeide_1.0.2/plugins/com.st.stm32cube.ide.mcu.externaltools.gnu-tools-for-stm32.7-2018-q2-update.linux64_1.0.0.201904181610/tools/bin/../lib/gcc/arm-none-eabi/7.3.1/../../../../arm-none-eabi/lib/thumb/v7e-m/fpv5/hard/crt0.o
LOAD Drivers/STM32F7xx_HAL_Driver/Src/stm32f7xx_hal.o
LOAD Drivers/STM32F7xx_HAL_Driver/Src/stm32f7xx_hal_adc.o
LOAD Drivers/STM32F7xx_HAL_Driver/Src/stm32f7xx_hal_adc_ex.o
LOAD Drivers/STM32F7xx_HAL_Driver/Src/stm32f7xx_hal_cortex.o
LOAD Drivers/STM32F7xx_HAL_Driver/Src/stm32f7xx_hal_dma.o
LOAD Drivers/STM32F7xx_HAL_Driver/Src/stm32f7xx_hal_dma_ex.o
LOAD Drivers/STM32F7xx_HAL_Driver/Src/stm32f7xx_hal_eth.o
LOAD Drivers/STM32F7xx_HAL_Driver/Src/stm32f7xx_hal_exti.o
LOAD Drivers/STM32F7xx_HAL_Driver/Src/stm32f7xx_hal_flash.o
LOAD Drivers/STM32F7xx_HAL_Driver/Src/stm32f7xx_hal_flash_ex.o
LOAD Drivers/STM32F7xx_HAL_Driver/Src/stm32f7xx_hal_gpio.o
LOAD Drivers/STM32F7xx_HAL_Driver/Src/stm32f7xx_hal_i2c.o
LOAD Drivers/STM32F7xx_HAL_Driver/Src/stm32f7xx_hal_i2c_ex.o
LOAD Drivers/STM32F7xx_HAL_Driver/Src/stm32f7xx_hal_pcd.o
LOAD Drivers/STM32F7xx_HAL_Driver/Src/stm32f7xx_hal_pcd_ex.o
LOAD Drivers/STM32F7xx_HAL_Driver/Src/stm32f7xx_hal_pwr.o
LOAD Drivers/STM32F7xx_HAL_Driver/Src/stm32f7xx_hal_pwr_ex.o
LOAD Drivers/STM32F7xx_HAL_Driver/Src/stm32f7xx_hal_rcc.o
LOAD Drivers/STM32F7xx_HAL_Driver/Src/stm32f7xx_hal_rcc_ex.o
LOAD Drivers/STM32F7xx_HAL_Driver/Src/stm32f7xx_hal_tim.o
LOAD Drivers/STM32F7xx_HAL_Driver/Src/stm32f7xx_hal_tim_ex.o
LOAD Drivers/STM32F7xx_HAL_Driver/Src/stm32f7xx_hal_uart.o
LOAD Drivers/STM32F7xx_HAL_Driver/Src/stm32f7xx_hal_uart_ex.o
LOAD Drivers/STM32F7xx_HAL_Driver/Src/stm32f7xx_ll_usb.o
LOAD Middlewares/ST/STM32_USB_Device_Library/Class/CDC/Src/usbd_cdc.o
LOAD Middlewares/ST/STM32_USB_Device_Library/Core/Src/usbd_core.o
LOAD Middlewares/ST/STM32_USB_Device_Library/Core/Src/usbd_ctlreq.o
LOAD Middlewares/ST/STM32_USB_Device_Library/Core/Src/usbd_ioreq.o
LOAD Middlewares/Third_Party/FreeRTOS/Source/CMSIS_RTOS/cmsis_os.o
LOAD Middlewares/Third_Party/FreeRTOS/Source/croutine.o
LOAD Middlewares/Third_Party/FreeRTOS/Source/event_groups.o
LOAD Middlewares/Third_Party/FreeRTOS/Source/list.o
LOAD Middlewares/Third_Party/FreeRTOS/Source/queue.o
LOAD Middlewares/Third_Party/FreeRTOS/Source/stream_buffer.o
LOAD Middlewares/Third_Party/FreeRTOS/Source/tasks.o
LOAD Middlewares/Third_Party/FreeRTOS/Source/timers.o
LOAD Middlewares/Third_Party/FreeRTOS/Source/portable/GCC/ARM_CM7/r0p1/port.o
LOAD Middlewares/Third_Party/FreeRTOS/Source/portable/MemMang/heap_4.o
LOAD Src/ADCtoUSB.o
LOAD Src/PeriodicPrintTask.o
LOAD Src/buttonPressTask.o
LOAD Src/freertos.o
LOAD Src/helperFunctions.o
LOAD Src/main.o
LOAD Src/stm32f7xx_hal_msp.o
LOAD Src/stm32f7xx_hal_timebase_tim.o
LOAD Src/stm32f7xx_it.o
LOAD Src/syscalls.o
LOAD Src/sysmem.o
LOAD Src/system_stm32f7xx.o
LOAD Src/usb_device.o
LOAD Src/usbd_cdc_if.o
LOAD Src/usbd_conf.o
LOAD Src/usbd_desc.o
LOAD Startup/startup_stm32f767zitx.o
START GROUP
LOAD /opt/st/stm32cubeide_1.0.2/plugins/com.st.stm32cube.ide.mcu.externaltools.gnu-tools-for-stm32.7-2018-q2-update.linux64_1.0.0.201904181610/tools/bin/../lib/gcc/arm-none-eabi/7.3.1/../../../../arm-none-eabi/lib/thumb/v7e-m/fpv5/hard/libc_nano.a
LOAD /opt/st/stm32cubeide_1.0.2/plugins/com.st.stm32cube.ide.mcu.externaltools.gnu-tools-for-stm32.7-2018-q2-update.linux64_1.0.0.201904181610/tools/bin/../lib/gcc/arm-none-eabi/7.3.1/../../../../arm-none-eabi/lib/thumb/v7e-m/fpv5/hard/libm.a
END GROUP
START GROUP
LOAD /opt/st/stm32cubeide_1.0.2/plugins/com.st.stm32cube.ide.mcu.externaltools.gnu-tools-for-stm32.7-2018-q2-update.linux64_1.0.0.201904181610/tools/bin/../lib/gcc/arm-none-eabi/7.3.1/thumb/v7e-m/fpv5/hard/libgcc.a
LOAD /opt/st/stm32cubeide_1.0.2/plugins/com.st.stm32cube.ide.mcu.externaltools.gnu-tools-for-stm32.7-2018-q2-update.linux64_1.0.0.201904181610/tools/bin/../lib/gcc/arm-none-eabi/7.3.1/../../../../arm-none-eabi/lib/thumb/v7e-m/fpv5/hard/libc_nano.a
END GROUP
START GROUP
LOAD /opt/st/stm32cubeide_1.0.2/plugins/com.st.stm32cube.ide.mcu.externaltools.gnu-tools-for-stm32.7-2018-q2-update.linux64_1.0.0.201904181610/tools/bin/../lib/gcc/arm-none-eabi/7.3.1/thumb/v7e-m/fpv5/hard/libgcc.a
LOAD /opt/st/stm32cubeide_1.0.2/plugins/com.st.stm32cube.ide.mcu.externaltools.gnu-tools-for-stm32.7-2018-q2-update.linux64_1.0.0.201904181610/tools/bin/../lib/gcc/arm-none-eabi/7.3.1/../../../../arm-none-eabi/lib/thumb/v7e-m/fpv5/hard/libc_nano.a
LOAD /opt/st/stm32cubeide_1.0.2/plugins/com.st.stm32cube.ide.mcu.externaltools.gnu-tools-for-stm32.7-2018-q2-update.linux64_1.0.0.201904181610/tools/bin/../lib/gcc/arm-none-eabi/7.3.1/../../../../arm-none-eabi/lib/thumb/v7e-m/fpv5/hard/libnosys.a
END GROUP
START GROUP
LOAD /opt/st/stm32cubeide_1.0.2/plugins/com.st.stm32cube.ide.mcu.externaltools.gnu-tools-for-stm32.7-2018-q2-update.linux64_1.0.0.201904181610/tools/bin/../lib/gcc/arm-none-eabi/7.3.1/thumb/v7e-m/fpv5/hard/libgcc.a
LOAD /opt/st/stm32cubeide_1.0.2/plugins/com.st.stm32cube.ide.mcu.externaltools.gnu-tools-for-stm32.7-2018-q2-update.linux64_1.0.0.201904181610/tools/bin/../lib/gcc/arm-none-eabi/7.3.1/../../../../arm-none-eabi/lib/thumb/v7e-m/fpv5/hard/libc_nano.a
LOAD /opt/st/stm32cubeide_1.0.2/plugins/com.st.stm32cube.ide.mcu.externaltools.gnu-tools-for-stm32.7-2018-q2-update.linux64_1.0.0.201904181610/tools/bin/../lib/gcc/arm-none-eabi/7.3.1/../../../../arm-none-eabi/lib/thumb/v7e-m/fpv5/hard/libnosys.a
END GROUP
LOAD /opt/st/stm32cubeide_1.0.2/plugins/com.st.stm32cube.ide.mcu.externaltools.gnu-tools-for-stm32.7-2018-q2-update.linux64_1.0.0.201904181610/tools/bin/../lib/gcc/arm-none-eabi/7.3.1/thumb/v7e-m/fpv5/hard/crtend.o
LOAD /opt/st/stm32cubeide_1.0.2/plugins/com.st.stm32cube.ide.mcu.externaltools.gnu-tools-for-stm32.7-2018-q2-update.linux64_1.0.0.201904181610/tools/bin/../lib/gcc/arm-none-eabi/7.3.1/thumb/v7e-m/fpv5/hard/crtn.o
                0x0000000020080000                _estack = 0x20080000
                0x0000000000000200                _Min_Heap_Size = 0x200
                0x0000000000000400                _Min_Stack_Size = 0x400

.isr_vector     0x0000000008000000      0x1f8
                0x0000000008000000                . = ALIGN (0x4)
 *(.isr_vector)
 .isr_vector    0x0000000008000000      0x1f8 Startup/startup_stm32f767zitx.o
                0x0000000008000000                g_pfnVectors
                0x00000000080001f8                . = ALIGN (0x4)

.text           0x0000000008000200     0xc4d8
                0x0000000008000200                . = ALIGN (0x4)
 *(.text)
 .text          0x0000000008000200       0x40 /opt/st/stm32cubeide_1.0.2/plugins/com.st.stm32cube.ide.mcu.externaltools.gnu-tools-for-stm32.7-2018-q2-update.linux64_1.0.0.201904181610/tools/bin/../lib/gcc/arm-none-eabi/7.3.1/thumb/v7e-m/fpv5/hard/crtbegin.o
 .text          0x0000000008000240       0xa0 /opt/st/stm32cubeide_1.0.2/plugins/com.st.stm32cube.ide.mcu.externaltools.gnu-tools-for-stm32.7-2018-q2-update.linux64_1.0.0.201904181610/tools/bin/../lib/gcc/arm-none-eabi/7.3.1/../../../../arm-none-eabi/lib/thumb/v7e-m/fpv5/hard/libc_nano.a(lib_a-memchr.o)
                0x0000000008000240                memchr
 .text          0x00000000080002e0       0x30 /opt/st/stm32cubeide_1.0.2/plugins/com.st.stm32cube.ide.mcu.externaltools.gnu-tools-for-stm32.7-2018-q2-update.linux64_1.0.0.201904181610/tools/bin/../lib/gcc/arm-none-eabi/7.3.1/thumb/v7e-m/fpv5/hard/libgcc.a(_aeabi_uldivmod.o)
                0x00000000080002e0                __aeabi_uldivmod
 .text          0x0000000008000310      0x2cc /opt/st/stm32cubeide_1.0.2/plugins/com.st.stm32cube.ide.mcu.externaltools.gnu-tools-for-stm32.7-2018-q2-update.linux64_1.0.0.201904181610/tools/bin/../lib/gcc/arm-none-eabi/7.3.1/thumb/v7e-m/fpv5/hard/libgcc.a(_udivmoddi4.o)
                0x0000000008000310                __udivmoddi4
 .text          0x00000000080005dc        0x4 /opt/st/stm32cubeide_1.0.2/plugins/com.st.stm32cube.ide.mcu.externaltools.gnu-tools-for-stm32.7-2018-q2-update.linux64_1.0.0.201904181610/tools/bin/../lib/gcc/arm-none-eabi/7.3.1/thumb/v7e-m/fpv5/hard/libgcc.a(_dvmd_tls.o)
                0x00000000080005dc                __aeabi_ldiv0
                0x00000000080005dc                __aeabi_idiv0
 *(.text*)
 .text.HAL_Init
                0x00000000080005e0       0x1a Drivers/STM32F7xx_HAL_Driver/Src/stm32f7xx_hal.o
                0x00000000080005e0                HAL_Init
 *fill*         0x00000000080005fa        0x2 
 .text.HAL_IncTick
                0x00000000080005fc       0x28 Drivers/STM32F7xx_HAL_Driver/Src/stm32f7xx_hal.o
                0x00000000080005fc                HAL_IncTick
 .text.HAL_GetTick
                0x0000000008000624       0x18 Drivers/STM32F7xx_HAL_Driver/Src/stm32f7xx_hal.o
                0x0000000008000624                HAL_GetTick
 .text.HAL_Delay
                0x000000000800063c       0x44 Drivers/STM32F7xx_HAL_Driver/Src/stm32f7xx_hal.o
                0x000000000800063c                HAL_Delay
 .text.HAL_ADC_Init
                0x0000000008000680       0x88 Drivers/STM32F7xx_HAL_Driver/Src/stm32f7xx_hal_adc.o
                0x0000000008000680                HAL_ADC_Init
 .text.HAL_ADC_Start_IT
                0x0000000008000708      0x194 Drivers/STM32F7xx_HAL_Driver/Src/stm32f7xx_hal_adc.o
                0x0000000008000708                HAL_ADC_Start_IT
 .text.HAL_ADC_IRQHandler
                0x000000000800089c      0x282 Drivers/STM32F7xx_HAL_Driver/Src/stm32f7xx_hal_adc.o
                0x000000000800089c                HAL_ADC_IRQHandler
 .text.HAL_ADC_GetValue
                0x0000000008000b1e       0x1a Drivers/STM32F7xx_HAL_Driver/Src/stm32f7xx_hal_adc.o
                0x0000000008000b1e                HAL_ADC_GetValue
 .text.HAL_ADC_ConvCpltCallback
                0x0000000008000b38       0x14 Drivers/STM32F7xx_HAL_Driver/Src/stm32f7xx_hal_adc.o
                0x0000000008000b38                HAL_ADC_ConvCpltCallback
 .text.HAL_ADC_LevelOutOfWindowCallback
                0x0000000008000b4c       0x14 Drivers/STM32F7xx_HAL_Driver/Src/stm32f7xx_hal_adc.o
                0x0000000008000b4c                HAL_ADC_LevelOutOfWindowCallback
 .text.HAL_ADC_ErrorCallback
                0x0000000008000b60       0x14 Drivers/STM32F7xx_HAL_Driver/Src/stm32f7xx_hal_adc.o
                0x0000000008000b60                HAL_ADC_ErrorCallback
 .text.HAL_ADC_ConfigChannel
                0x0000000008000b74      0x268 Drivers/STM32F7xx_HAL_Driver/Src/stm32f7xx_hal_adc.o
                0x0000000008000b74                HAL_ADC_ConfigChannel
 .text.ADC_Init
                0x0000000008000ddc      0x1f4 Drivers/STM32F7xx_HAL_Driver/Src/stm32f7xx_hal_adc.o
 .text.HAL_ADCEx_InjectedConvCpltCallback
                0x0000000008000fd0       0x14 Drivers/STM32F7xx_HAL_Driver/Src/stm32f7xx_hal_adc_ex.o
                0x0000000008000fd0                HAL_ADCEx_InjectedConvCpltCallback
 .text.__NVIC_SetPriorityGrouping
                0x0000000008000fe4       0x48 Drivers/STM32F7xx_HAL_Driver/Src/stm32f7xx_hal_cortex.o
 .text.__NVIC_GetPriorityGrouping
                0x000000000800102c       0x1c Drivers/STM32F7xx_HAL_Driver/Src/stm32f7xx_hal_cortex.o
 .text.__NVIC_EnableIRQ
                0x0000000008001048       0x3c Drivers/STM32F7xx_HAL_Driver/Src/stm32f7xx_hal_cortex.o
 .text.__NVIC_SetPriority
                0x0000000008001084       0x54 Drivers/STM32F7xx_HAL_Driver/Src/stm32f7xx_hal_cortex.o
 .text.NVIC_EncodePriority
                0x00000000080010d8       0x66 Drivers/STM32F7xx_HAL_Driver/Src/stm32f7xx_hal_cortex.o
 .text.HAL_NVIC_SetPriorityGrouping
                0x000000000800113e       0x16 Drivers/STM32F7xx_HAL_Driver/Src/stm32f7xx_hal_cortex.o
                0x000000000800113e                HAL_NVIC_SetPriorityGrouping
 .text.HAL_NVIC_SetPriority
                0x0000000008001154       0x38 Drivers/STM32F7xx_HAL_Driver/Src/stm32f7xx_hal_cortex.o
                0x0000000008001154                HAL_NVIC_SetPriority
 .text.HAL_NVIC_EnableIRQ
                0x000000000800118c       0x1c Drivers/STM32F7xx_HAL_Driver/Src/stm32f7xx_hal_cortex.o
                0x000000000800118c                HAL_NVIC_EnableIRQ
 .text.HAL_ETH_Init
                0x00000000080011a8      0x338 Drivers/STM32F7xx_HAL_Driver/Src/stm32f7xx_hal_eth.o
                0x00000000080011a8                HAL_ETH_Init
 .text.HAL_ETH_ReadPHYRegister
                0x00000000080014e0       0xd0 Drivers/STM32F7xx_HAL_Driver/Src/stm32f7xx_hal_eth.o
                0x00000000080014e0                HAL_ETH_ReadPHYRegister
 .text.HAL_ETH_WritePHYRegister
                0x00000000080015b0       0xcc Drivers/STM32F7xx_HAL_Driver/Src/stm32f7xx_hal_eth.o
                0x00000000080015b0                HAL_ETH_WritePHYRegister
 .text.ETH_MACDMAConfig
                0x000000000800167c      0x394 Drivers/STM32F7xx_HAL_Driver/Src/stm32f7xx_hal_eth.o
 .text.ETH_MACAddressConfig
                0x0000000008001a10       0x70 Drivers/STM32F7xx_HAL_Driver/Src/stm32f7xx_hal_eth.o
 .text.HAL_GPIO_Init
                0x0000000008001a80      0x354 Drivers/STM32F7xx_HAL_Driver/Src/stm32f7xx_hal_gpio.o
                0x0000000008001a80                HAL_GPIO_Init
 .text.HAL_GPIO_WritePin
                0x0000000008001dd4       0x32 Drivers/STM32F7xx_HAL_Driver/Src/stm32f7xx_hal_gpio.o
                0x0000000008001dd4                HAL_GPIO_WritePin
 .text.HAL_GPIO_TogglePin
                0x0000000008001e06       0x36 Drivers/STM32F7xx_HAL_Driver/Src/stm32f7xx_hal_gpio.o
                0x0000000008001e06                HAL_GPIO_TogglePin
 .text.HAL_GPIO_EXTI_IRQHandler
                0x0000000008001e3c       0x30 Drivers/STM32F7xx_HAL_Driver/Src/stm32f7xx_hal_gpio.o
                0x0000000008001e3c                HAL_GPIO_EXTI_IRQHandler
 .text.HAL_GPIO_EXTI_Callback
                0x0000000008001e6c       0x16 Drivers/STM32F7xx_HAL_Driver/Src/stm32f7xx_hal_gpio.o
                0x0000000008001e6c                HAL_GPIO_EXTI_Callback
 .text.HAL_PCD_Init
                0x0000000008001e82      0x230 Drivers/STM32F7xx_HAL_Driver/Src/stm32f7xx_hal_pcd.o
                0x0000000008001e82                HAL_PCD_Init
 .text.HAL_PCD_Start
                0x00000000080020b2       0x44 Drivers/STM32F7xx_HAL_Driver/Src/stm32f7xx_hal_pcd.o
                0x00000000080020b2                HAL_PCD_Start
 .text.HAL_PCD_IRQHandler
                0x00000000080020f6      0x7a8 Drivers/STM32F7xx_HAL_Driver/Src/stm32f7xx_hal_pcd.o
                0x00000000080020f6                HAL_PCD_IRQHandler
 .text.HAL_PCD_SetAddress
                0x000000000800289e       0x4a Drivers/STM32F7xx_HAL_Driver/Src/stm32f7xx_hal_pcd.o
                0x000000000800289e                HAL_PCD_SetAddress
 .text.HAL_PCD_EP_Open
                0x00000000080028e8       0xd0 Drivers/STM32F7xx_HAL_Driver/Src/stm32f7xx_hal_pcd.o
                0x00000000080028e8                HAL_PCD_EP_Open
 .text.HAL_PCD_EP_Close
                0x00000000080029b8       0x94 Drivers/STM32F7xx_HAL_Driver/Src/stm32f7xx_hal_pcd.o
                0x00000000080029b8                HAL_PCD_EP_Close
 .text.HAL_PCD_EP_Receive
                0x0000000008002a4c       0x96 Drivers/STM32F7xx_HAL_Driver/Src/stm32f7xx_hal_pcd.o
                0x0000000008002a4c                HAL_PCD_EP_Receive
 .text.HAL_PCD_EP_GetRxCount
                0x0000000008002ae2       0x30 Drivers/STM32F7xx_HAL_Driver/Src/stm32f7xx_hal_pcd.o
                0x0000000008002ae2                HAL_PCD_EP_GetRxCount
 .text.HAL_PCD_EP_Transmit
                0x0000000008002b12       0x94 Drivers/STM32F7xx_HAL_Driver/Src/stm32f7xx_hal_pcd.o
                0x0000000008002b12                HAL_PCD_EP_Transmit
 .text.HAL_PCD_EP_SetStall
                0x0000000008002ba6       0xc8 Drivers/STM32F7xx_HAL_Driver/Src/stm32f7xx_hal_pcd.o
                0x0000000008002ba6                HAL_PCD_EP_SetStall
 .text.HAL_PCD_EP_ClrStall
                0x0000000008002c6e       0xac Drivers/STM32F7xx_HAL_Driver/Src/stm32f7xx_hal_pcd.o
                0x0000000008002c6e                HAL_PCD_EP_ClrStall
 .text.PCD_WriteEmptyTxFifo
                0x0000000008002d1a      0x11a Drivers/STM32F7xx_HAL_Driver/Src/stm32f7xx_hal_pcd.o
 .text.PCD_EP_OutXfrComplete_int
                0x0000000008002e34      0x210 Drivers/STM32F7xx_HAL_Driver/Src/stm32f7xx_hal_pcd.o
 .text.PCD_EP_OutSetupPacket_int
                0x0000000008003044       0xc0 Drivers/STM32F7xx_HAL_Driver/Src/stm32f7xx_hal_pcd.o
 .text.HAL_PCDEx_SetTxFiFo
                0x0000000008003104       0x8e Drivers/STM32F7xx_HAL_Driver/Src/stm32f7xx_hal_pcd_ex.o
                0x0000000008003104                HAL_PCDEx_SetTxFiFo
 .text.HAL_PCDEx_SetRxFiFo
                0x0000000008003192       0x22 Drivers/STM32F7xx_HAL_Driver/Src/stm32f7xx_hal_pcd_ex.o
                0x0000000008003192                HAL_PCDEx_SetRxFiFo
 .text.HAL_PCDEx_ActivateLPM
                0x00000000080031b4       0x48 Drivers/STM32F7xx_HAL_Driver/Src/stm32f7xx_hal_pcd_ex.o
                0x00000000080031b4                HAL_PCDEx_ActivateLPM
 .text.HAL_PWR_EnableBkUpAccess
                0x00000000080031fc       0x20 Drivers/STM32F7xx_HAL_Driver/Src/stm32f7xx_hal_pwr.o
                0x00000000080031fc                HAL_PWR_EnableBkUpAccess
 .text.HAL_RCC_OscConfig
                0x000000000800321c      0x4e4 Drivers/STM32F7xx_HAL_Driver/Src/stm32f7xx_hal_rcc.o
                0x000000000800321c                HAL_RCC_OscConfig
 .text.HAL_RCC_ClockConfig
                0x0000000008003700      0x1d0 Drivers/STM32F7xx_HAL_Driver/Src/stm32f7xx_hal_rcc.o
                0x0000000008003700                HAL_RCC_ClockConfig
 .text.HAL_RCC_GetSysClockFreq
                0x00000000080038d0      0x1b0 Drivers/STM32F7xx_HAL_Driver/Src/stm32f7xx_hal_rcc.o
                0x00000000080038d0                HAL_RCC_GetSysClockFreq
 .text.HAL_RCC_GetHCLKFreq
                0x0000000008003a80       0x18 Drivers/STM32F7xx_HAL_Driver/Src/stm32f7xx_hal_rcc.o
                0x0000000008003a80                HAL_RCC_GetHCLKFreq
 .text.HAL_RCC_GetPCLK1Freq
                0x0000000008003a98       0x28 Drivers/STM32F7xx_HAL_Driver/Src/stm32f7xx_hal_rcc.o
                0x0000000008003a98                HAL_RCC_GetPCLK1Freq
 .text.HAL_RCC_GetPCLK2Freq
                0x0000000008003ac0       0x28 Drivers/STM32F7xx_HAL_Driver/Src/stm32f7xx_hal_rcc.o
                0x0000000008003ac0                HAL_RCC_GetPCLK2Freq
 .text.HAL_RCC_GetClockConfig
                0x0000000008003ae8       0x64 Drivers/STM32F7xx_HAL_Driver/Src/stm32f7xx_hal_rcc.o
                0x0000000008003ae8                HAL_RCC_GetClockConfig
 .text.HAL_RCCEx_PeriphCLKConfig
                0x0000000008003b4c      0x84c Drivers/STM32F7xx_HAL_Driver/Src/stm32f7xx_hal_rcc_ex.o
                0x0000000008003b4c                HAL_RCCEx_PeriphCLKConfig
 .text.HAL_TIM_Base_Init
                0x0000000008004398       0x56 Drivers/STM32F7xx_HAL_Driver/Src/stm32f7xx_hal_tim.o
                0x0000000008004398                HAL_TIM_Base_Init
 *fill*         0x00000000080043ee        0x2 
 .text.HAL_TIM_Base_Start_IT
                0x00000000080043f0       0x54 Drivers/STM32F7xx_HAL_Driver/Src/stm32f7xx_hal_tim.o
                0x00000000080043f0                HAL_TIM_Base_Start_IT
 .text.HAL_TIM_Base_Stop_IT
                0x0000000008004444       0x56 Drivers/STM32F7xx_HAL_Driver/Src/stm32f7xx_hal_tim.o
                0x0000000008004444                HAL_TIM_Base_Stop_IT
 .text.HAL_TIM_IRQHandler
                0x000000000800449a      0x23e Drivers/STM32F7xx_HAL_Driver/Src/stm32f7xx_hal_tim.o
                0x000000000800449a                HAL_TIM_IRQHandler
 .text.HAL_TIM_OC_DelayElapsedCallback
                0x00000000080046d8       0x14 Drivers/STM32F7xx_HAL_Driver/Src/stm32f7xx_hal_tim.o
                0x00000000080046d8                HAL_TIM_OC_DelayElapsedCallback
 .text.HAL_TIM_IC_CaptureCallback
                0x00000000080046ec       0x14 Drivers/STM32F7xx_HAL_Driver/Src/stm32f7xx_hal_tim.o
                0x00000000080046ec                HAL_TIM_IC_CaptureCallback
 .text.HAL_TIM_PWM_PulseFinishedCallback
                0x0000000008004700       0x14 Drivers/STM32F7xx_HAL_Driver/Src/stm32f7xx_hal_tim.o
                0x0000000008004700                HAL_TIM_PWM_PulseFinishedCallback
 .text.HAL_TIM_TriggerCallback
                0x0000000008004714       0x14 Drivers/STM32F7xx_HAL_Driver/Src/stm32f7xx_hal_tim.o
                0x0000000008004714                HAL_TIM_TriggerCallback
 .text.TIM_Base_SetConfig
                0x0000000008004728      0x140 Drivers/STM32F7xx_HAL_Driver/Src/stm32f7xx_hal_tim.o
                0x0000000008004728                TIM_Base_SetConfig
 .text.HAL_TIMEx_MasterConfigSynchronization
                0x0000000008004868       0xb8 Drivers/STM32F7xx_HAL_Driver/Src/stm32f7xx_hal_tim_ex.o
                0x0000000008004868                HAL_TIMEx_MasterConfigSynchronization
 .text.HAL_TIMEx_CommutCallback
                0x0000000008004920       0x14 Drivers/STM32F7xx_HAL_Driver/Src/stm32f7xx_hal_tim_ex.o
                0x0000000008004920                HAL_TIMEx_CommutCallback
 .text.HAL_TIMEx_BreakCallback
                0x0000000008004934       0x14 Drivers/STM32F7xx_HAL_Driver/Src/stm32f7xx_hal_tim_ex.o
                0x0000000008004934                HAL_TIMEx_BreakCallback
 .text.HAL_TIMEx_Break2Callback
                0x0000000008004948       0x14 Drivers/STM32F7xx_HAL_Driver/Src/stm32f7xx_hal_tim_ex.o
                0x0000000008004948                HAL_TIMEx_Break2Callback
 .text.HAL_UART_Init
                0x000000000800495c       0x9c Drivers/STM32F7xx_HAL_Driver/Src/stm32f7xx_hal_uart.o
                0x000000000800495c                HAL_UART_Init
 .text.UART_SetConfig
                0x00000000080049f8      0x548 Drivers/STM32F7xx_HAL_Driver/Src/stm32f7xx_hal_uart.o
                0x00000000080049f8                UART_SetConfig
 .text.UART_AdvFeatureConfig
                0x0000000008004f40      0x144 Drivers/STM32F7xx_HAL_Driver/Src/stm32f7xx_hal_uart.o
                0x0000000008004f40                UART_AdvFeatureConfig
 .text.UART_CheckIdleState
                0x0000000008005084       0x5e Drivers/STM32F7xx_HAL_Driver/Src/stm32f7xx_hal_uart.o
                0x0000000008005084                UART_CheckIdleState
 .text.UART_WaitOnFlagUntilTimeout
                0x00000000080050e2       0x90 Drivers/STM32F7xx_HAL_Driver/Src/stm32f7xx_hal_uart.o
                0x00000000080050e2                UART_WaitOnFlagUntilTimeout
 *fill*         0x0000000008005172        0x2 
 .text.USB_CoreInit
                0x0000000008005174       0xb0 Drivers/STM32F7xx_HAL_Driver/Src/stm32f7xx_ll_usb.o
                0x0000000008005174                USB_CoreInit
 .text.USB_SetTurnaroundTime
                0x0000000008005224      0x144 Drivers/STM32F7xx_HAL_Driver/Src/stm32f7xx_ll_usb.o
                0x0000000008005224                USB_SetTurnaroundTime
 .text.USB_EnableGlobalInt
                0x0000000008005368       0x22 Drivers/STM32F7xx_HAL_Driver/Src/stm32f7xx_ll_usb.o
                0x0000000008005368                USB_EnableGlobalInt
 .text.USB_DisableGlobalInt
                0x000000000800538a       0x22 Drivers/STM32F7xx_HAL_Driver/Src/stm32f7xx_ll_usb.o
                0x000000000800538a                USB_DisableGlobalInt
 .text.USB_SetCurrentMode
                0x00000000080053ac       0x54 Drivers/STM32F7xx_HAL_Driver/Src/stm32f7xx_ll_usb.o
                0x00000000080053ac                USB_SetCurrentMode
 .text.USB_DevInit
                0x0000000008005400      0x2f8 Drivers/STM32F7xx_HAL_Driver/Src/stm32f7xx_ll_usb.o
                0x0000000008005400                USB_DevInit
 .text.USB_FlushTxFifo
                0x00000000080056f8       0x4c Drivers/STM32F7xx_HAL_Driver/Src/stm32f7xx_ll_usb.o
                0x00000000080056f8                USB_FlushTxFifo
 .text.USB_FlushRxFifo
                0x0000000008005744       0x44 Drivers/STM32F7xx_HAL_Driver/Src/stm32f7xx_ll_usb.o
                0x0000000008005744                USB_FlushRxFifo
 .text.USB_SetDevSpeed
                0x0000000008005788       0x32 Drivers/STM32F7xx_HAL_Driver/Src/stm32f7xx_ll_usb.o
                0x0000000008005788                USB_SetDevSpeed
 .text.USB_GetDevSpeed
                0x00000000080057ba       0x4a Drivers/STM32F7xx_HAL_Driver/Src/stm32f7xx_ll_usb.o
                0x00000000080057ba                USB_GetDevSpeed
 .text.USB_ActivateEndpoint
                0x0000000008005804      0x110 Drivers/STM32F7xx_HAL_Driver/Src/stm32f7xx_ll_usb.o
                0x0000000008005804                USB_ActivateEndpoint
 .text.USB_DeactivateEndpoint
                0x0000000008005914      0x108 Drivers/STM32F7xx_HAL_Driver/Src/stm32f7xx_ll_usb.o
                0x0000000008005914                USB_DeactivateEndpoint
 .text.USB_EPStartXfer
                0x0000000008005a1c      0x42c Drivers/STM32F7xx_HAL_Driver/Src/stm32f7xx_ll_usb.o
                0x0000000008005a1c                USB_EPStartXfer
 .text.USB_EP0StartXfer
                0x0000000008005e48      0x290 Drivers/STM32F7xx_HAL_Driver/Src/stm32f7xx_ll_usb.o
                0x0000000008005e48                USB_EP0StartXfer
 .text.USB_WritePacket
                0x00000000080060d8       0x6a Drivers/STM32F7xx_HAL_Driver/Src/stm32f7xx_ll_usb.o
                0x00000000080060d8                USB_WritePacket
 .text.USB_ReadPacket
                0x0000000008006142       0x52 Drivers/STM32F7xx_HAL_Driver/Src/stm32f7xx_ll_usb.o
                0x0000000008006142                USB_ReadPacket
 .text.USB_EPSetStall
                0x0000000008006194       0xdc Drivers/STM32F7xx_HAL_Driver/Src/stm32f7xx_ll_usb.o
                0x0000000008006194                USB_EPSetStall
 .text.USB_EPClearStall
                0x0000000008006270       0xcc Drivers/STM32F7xx_HAL_Driver/Src/stm32f7xx_ll_usb.o
                0x0000000008006270                USB_EPClearStall
 .text.USB_SetDevAddress
                0x000000000800633c       0x4c Drivers/STM32F7xx_HAL_Driver/Src/stm32f7xx_ll_usb.o
                0x000000000800633c                USB_SetDevAddress
 .text.USB_DevConnect
                0x0000000008006388       0x30 Drivers/STM32F7xx_HAL_Driver/Src/stm32f7xx_ll_usb.o
                0x0000000008006388                USB_DevConnect
 .text.USB_DevDisconnect
                0x00000000080063b8       0x30 Drivers/STM32F7xx_HAL_Driver/Src/stm32f7xx_ll_usb.o
                0x00000000080063b8                USB_DevDisconnect
 .text.USB_ReadInterrupts
                0x00000000080063e8       0x26 Drivers/STM32F7xx_HAL_Driver/Src/stm32f7xx_ll_usb.o
                0x00000000080063e8                USB_ReadInterrupts
 .text.USB_ReadDevAllOutEpInterrupt
                0x000000000800640e       0x34 Drivers/STM32F7xx_HAL_Driver/Src/stm32f7xx_ll_usb.o
                0x000000000800640e                USB_ReadDevAllOutEpInterrupt
 .text.USB_ReadDevAllInEpInterrupt
                0x0000000008006442       0x34 Drivers/STM32F7xx_HAL_Driver/Src/stm32f7xx_ll_usb.o
                0x0000000008006442                USB_ReadDevAllInEpInterrupt
 .text.USB_ReadDevOutEPInterrupt
                0x0000000008006476       0x3c Drivers/STM32F7xx_HAL_Driver/Src/stm32f7xx_ll_usb.o
                0x0000000008006476                USB_ReadDevOutEPInterrupt
 .text.USB_ReadDevInEPInterrupt
                0x00000000080064b2       0x5c Drivers/STM32F7xx_HAL_Driver/Src/stm32f7xx_ll_usb.o
                0x00000000080064b2                USB_ReadDevInEPInterrupt
 .text.USB_GetMode
                0x000000000800650e       0x1c Drivers/STM32F7xx_HAL_Driver/Src/stm32f7xx_ll_usb.o
                0x000000000800650e                USB_GetMode
 *fill*         0x000000000800652a        0x2 
 .text.USB_ActivateSetup
                0x000000000800652c       0x6c Drivers/STM32F7xx_HAL_Driver/Src/stm32f7xx_ll_usb.o
                0x000000000800652c                USB_ActivateSetup
 .text.USB_EP0_OutStart
                0x0000000008006598       0xbc Drivers/STM32F7xx_HAL_Driver/Src/stm32f7xx_ll_usb.o
                0x0000000008006598                USB_EP0_OutStart
 .text.USB_CoreReset
                0x0000000008006654       0x68 Drivers/STM32F7xx_HAL_Driver/Src/stm32f7xx_ll_usb.o
 .text.USBD_CDC_Init
                0x00000000080066bc       0xf6 Middlewares/ST/STM32_USB_Device_Library/Class/CDC/Src/usbd_cdc.o
 .text.USBD_CDC_DeInit
                0x00000000080067b2       0x6e Middlewares/ST/STM32_USB_Device_Library/Class/CDC/Src/usbd_cdc.o
 .text.USBD_CDC_Setup
                0x0000000008006820      0x140 Middlewares/ST/STM32_USB_Device_Library/Class/CDC/Src/usbd_cdc.o
 .text.USBD_CDC_DataIn
                0x0000000008006960       0xa6 Middlewares/ST/STM32_USB_Device_Library/Class/CDC/Src/usbd_cdc.o
 .text.USBD_CDC_DataOut
                0x0000000008006a06       0x56 Middlewares/ST/STM32_USB_Device_Library/Class/CDC/Src/usbd_cdc.o
 .text.USBD_CDC_EP0_RxReady
                0x0000000008006a5c       0x50 Middlewares/ST/STM32_USB_Device_Library/Class/CDC/Src/usbd_cdc.o
 .text.USBD_CDC_GetFSCfgDesc
                0x0000000008006aac       0x20 Middlewares/ST/STM32_USB_Device_Library/Class/CDC/Src/usbd_cdc.o
 .text.USBD_CDC_GetHSCfgDesc
                0x0000000008006acc       0x20 Middlewares/ST/STM32_USB_Device_Library/Class/CDC/Src/usbd_cdc.o
 .text.USBD_CDC_GetOtherSpeedCfgDesc
                0x0000000008006aec       0x20 Middlewares/ST/STM32_USB_Device_Library/Class/CDC/Src/usbd_cdc.o
 .text.USBD_CDC_GetDeviceQualifierDescriptor
                0x0000000008006b0c       0x20 Middlewares/ST/STM32_USB_Device_Library/Class/CDC/Src/usbd_cdc.o
                0x0000000008006b0c                USBD_CDC_GetDeviceQualifierDescriptor
 .text.USBD_CDC_RegisterInterface
                0x0000000008006b2c       0x2e Middlewares/ST/STM32_USB_Device_Library/Class/CDC/Src/usbd_cdc.o
                0x0000000008006b2c                USBD_CDC_RegisterInterface
 .text.USBD_CDC_SetTxBuffer
                0x0000000008006b5a       0x34 Middlewares/ST/STM32_USB_Device_Library/Class/CDC/Src/usbd_cdc.o
                0x0000000008006b5a                USBD_CDC_SetTxBuffer
 .text.USBD_CDC_SetRxBuffer
                0x0000000008006b8e       0x28 Middlewares/ST/STM32_USB_Device_Library/Class/CDC/Src/usbd_cdc.o
                0x0000000008006b8e                USBD_CDC_SetRxBuffer
 .text.USBD_CDC_TransmitPacket
                0x0000000008006bb6       0x5e Middlewares/ST/STM32_USB_Device_Library/Class/CDC/Src/usbd_cdc.o
                0x0000000008006bb6                USBD_CDC_TransmitPacket
 .text.USBD_CDC_ReceivePacket
                0x0000000008006c14       0x54 Middlewares/ST/STM32_USB_Device_Library/Class/CDC/Src/usbd_cdc.o
                0x0000000008006c14                USBD_CDC_ReceivePacket
 .text.USBD_Init
                0x0000000008006c68       0x56 Middlewares/ST/STM32_USB_Device_Library/Core/Src/usbd_core.o
                0x0000000008006c68                USBD_Init
 .text.USBD_RegisterClass
                0x0000000008006cbe       0x34 Middlewares/ST/STM32_USB_Device_Library/Core/Src/usbd_core.o
                0x0000000008006cbe                USBD_RegisterClass
 .text.USBD_Start
                0x0000000008006cf2       0x18 Middlewares/ST/STM32_USB_Device_Library/Core/Src/usbd_core.o
                0x0000000008006cf2                USBD_Start
 .text.USBD_RunTestMode
                0x0000000008006d0a       0x16 Middlewares/ST/STM32_USB_Device_Library/Core/Src/usbd_core.o
                0x0000000008006d0a                USBD_RunTestMode
 .text.USBD_SetClassConfig
                0x0000000008006d20       0x3e Middlewares/ST/STM32_USB_Device_Library/Core/Src/usbd_core.o
                0x0000000008006d20                USBD_SetClassConfig
 .text.USBD_ClrClassConfig
                0x0000000008006d5e       0x26 Middlewares/ST/STM32_USB_Device_Library/Core/Src/usbd_core.o
                0x0000000008006d5e                USBD_ClrClassConfig
 .text.USBD_LL_SetupStage
                0x0000000008006d84       0x96 Middlewares/ST/STM32_USB_Device_Library/Core/Src/usbd_core.o
                0x0000000008006d84                USBD_LL_SetupStage
 .text.USBD_LL_DataOutStage
                0x0000000008006e1a       0xe2 Middlewares/ST/STM32_USB_Device_Library/Core/Src/usbd_core.o
                0x0000000008006e1a                USBD_LL_DataOutStage
 .text.USBD_LL_DataInStage
                0x0000000008006efc      0x14a Middlewares/ST/STM32_USB_Device_Library/Core/Src/usbd_core.o
                0x0000000008006efc                USBD_LL_DataInStage
 .text.USBD_LL_Reset
                0x0000000008007046       0x82 Middlewares/ST/STM32_USB_Device_Library/Core/Src/usbd_core.o
                0x0000000008007046                USBD_LL_Reset
 .text.USBD_LL_SetSpeed
                0x00000000080070c8       0x20 Middlewares/ST/STM32_USB_Device_Library/Core/Src/usbd_core.o
                0x00000000080070c8                USBD_LL_SetSpeed
 .text.USBD_LL_Suspend
                0x00000000080070e8       0x2a Middlewares/ST/STM32_USB_Device_Library/Core/Src/usbd_core.o
                0x00000000080070e8                USBD_LL_Suspend
 .text.USBD_LL_Resume
                0x0000000008007112       0x22 Middlewares/ST/STM32_USB_Device_Library/Core/Src/usbd_core.o
                0x0000000008007112                USBD_LL_Resume
 .text.USBD_LL_SOF
                0x0000000008007134       0x34 Middlewares/ST/STM32_USB_Device_Library/Core/Src/usbd_core.o
                0x0000000008007134                USBD_LL_SOF
 .text.USBD_LL_IsoINIncomplete
                0x0000000008007168       0x1a Middlewares/ST/STM32_USB_Device_Library/Core/Src/usbd_core.o
                0x0000000008007168                USBD_LL_IsoINIncomplete
 .text.USBD_LL_IsoOUTIncomplete
                0x0000000008007182       0x1a Middlewares/ST/STM32_USB_Device_Library/Core/Src/usbd_core.o
                0x0000000008007182                USBD_LL_IsoOUTIncomplete
 .text.USBD_LL_DevConnected
                0x000000000800719c       0x16 Middlewares/ST/STM32_USB_Device_Library/Core/Src/usbd_core.o
                0x000000000800719c                USBD_LL_DevConnected
 .text.USBD_LL_DevDisconnected
                0x00000000080071b2       0x2e Middlewares/ST/STM32_USB_Device_Library/Core/Src/usbd_core.o
                0x00000000080071b2                USBD_LL_DevDisconnected
 .text.USBD_StdDevReq
                0x00000000080071e0       0xd4 Middlewares/ST/STM32_USB_Device_Library/Core/Src/usbd_ctlreq.o
                0x00000000080071e0                USBD_StdDevReq
 .text.USBD_StdItfReq
                0x00000000080072b4       0x8c Middlewares/ST/STM32_USB_Device_Library/Core/Src/usbd_ctlreq.o
                0x00000000080072b4                USBD_StdItfReq
 .text.USBD_StdEPReq
                0x0000000008007340      0x2b6 Middlewares/ST/STM32_USB_Device_Library/Core/Src/usbd_ctlreq.o
                0x0000000008007340                USBD_StdEPReq
 *fill*         0x00000000080075f6        0x2 
 .text.USBD_GetDescriptor
                0x00000000080075f8      0x22c Middlewares/ST/STM32_USB_Device_Library/Core/Src/usbd_ctlreq.o
 .text.USBD_SetAddress
                0x0000000008007824       0x84 Middlewares/ST/STM32_USB_Device_Library/Core/Src/usbd_ctlreq.o
 .text.USBD_SetConfig
                0x00000000080078a8      0x11c Middlewares/ST/STM32_USB_Device_Library/Core/Src/usbd_ctlreq.o
 .text.USBD_GetConfig
                0x00000000080079c4       0x68 Middlewares/ST/STM32_USB_Device_Library/Core/Src/usbd_ctlreq.o
 .text.USBD_GetStatus
                0x0000000008007a2c       0x66 Middlewares/ST/STM32_USB_Device_Library/Core/Src/usbd_ctlreq.o
 .text.USBD_SetFeature
                0x0000000008007a92       0x28 Middlewares/ST/STM32_USB_Device_Library/Core/Src/usbd_ctlreq.o
 .text.USBD_ClrFeature
                0x0000000008007aba       0x42 Middlewares/ST/STM32_USB_Device_Library/Core/Src/usbd_ctlreq.o
 .text.USBD_ParseSetupRequest
                0x0000000008007afc       0x7a Middlewares/ST/STM32_USB_Device_Library/Core/Src/usbd_ctlreq.o
                0x0000000008007afc                USBD_ParseSetupRequest
 .text.USBD_CtlError
                0x0000000008007b76       0x22 Middlewares/ST/STM32_USB_Device_Library/Core/Src/usbd_ctlreq.o
                0x0000000008007b76                USBD_CtlError
 .text.USBD_GetString
                0x0000000008007b98       0x84 Middlewares/ST/STM32_USB_Device_Library/Core/Src/usbd_ctlreq.o
                0x0000000008007b98                USBD_GetString
 .text.USBD_GetLen
                0x0000000008007c1c       0x30 Middlewares/ST/STM32_USB_Device_Library/Core/Src/usbd_ctlreq.o
 .text.USBD_CtlSendData
                0x0000000008007c4c       0x38 Middlewares/ST/STM32_USB_Device_Library/Core/Src/usbd_ioreq.o
                0x0000000008007c4c                USBD_CtlSendData
 .text.USBD_CtlContinueSendData
                0x0000000008007c84       0x24 Middlewares/ST/STM32_USB_Device_Library/Core/Src/usbd_ioreq.o
                0x0000000008007c84                USBD_CtlContinueSendData
 .text.USBD_CtlPrepareRx
                0x0000000008007ca8       0x3c Middlewares/ST/STM32_USB_Device_Library/Core/Src/usbd_ioreq.o
                0x0000000008007ca8                USBD_CtlPrepareRx
 .text.USBD_CtlContinueRx
                0x0000000008007ce4       0x24 Middlewares/ST/STM32_USB_Device_Library/Core/Src/usbd_ioreq.o
                0x0000000008007ce4                USBD_CtlContinueRx
 .text.USBD_CtlSendStatus
                0x0000000008007d08       0x26 Middlewares/ST/STM32_USB_Device_Library/Core/Src/usbd_ioreq.o
                0x0000000008007d08                USBD_CtlSendStatus
 .text.USBD_CtlReceiveStatus
                0x0000000008007d2e       0x26 Middlewares/ST/STM32_USB_Device_Library/Core/Src/usbd_ioreq.o
                0x0000000008007d2e                USBD_CtlReceiveStatus
 .text.vListInitialise
                0x0000000008007d54       0x40 Middlewares/Third_Party/FreeRTOS/Source/list.o
                0x0000000008007d54                vListInitialise
 .text.vListInitialiseItem
                0x0000000008007d94       0x1a Middlewares/Third_Party/FreeRTOS/Source/list.o
                0x0000000008007d94                vListInitialiseItem
 .text.vListInsertEnd
                0x0000000008007dae       0x48 Middlewares/Third_Party/FreeRTOS/Source/list.o
                0x0000000008007dae                vListInsertEnd
 .text.vListInsert
                0x0000000008007df6       0x72 Middlewares/Third_Party/FreeRTOS/Source/list.o
                0x0000000008007df6                vListInsert
 .text.uxListRemove
                0x0000000008007e68       0x54 Middlewares/Third_Party/FreeRTOS/Source/list.o
                0x0000000008007e68                uxListRemove
 .text.xQueueGenericReset
                0x0000000008007ebc       0xd4 Middlewares/Third_Party/FreeRTOS/Source/queue.o
                0x0000000008007ebc                xQueueGenericReset
 .text.xQueueGenericCreate
                0x0000000008007f90       0x76 Middlewares/Third_Party/FreeRTOS/Source/queue.o
                0x0000000008007f90                xQueueGenericCreate
 .text.prvInitialiseNewQueue
                0x0000000008008006       0x3e Middlewares/Third_Party/FreeRTOS/Source/queue.o
 .text.xQueueGenericSend
                0x0000000008008044      0x204 Middlewares/Third_Party/FreeRTOS/Source/queue.o
                0x0000000008008044                xQueueGenericSend
 .text.xQueueGiveFromISR
                0x0000000008008248      0x122 Middlewares/Third_Party/FreeRTOS/Source/queue.o
                0x0000000008008248                xQueueGiveFromISR
 *fill*         0x000000000800836a        0x2 
 .text.xQueueSemaphoreTake
                0x000000000800836c      0x220 Middlewares/Third_Party/FreeRTOS/Source/queue.o
                0x000000000800836c                xQueueSemaphoreTake
 .text.prvGetDisinheritPriorityAfterTimeout
                0x000000000800858c       0x30 Middlewares/Third_Party/FreeRTOS/Source/queue.o
 .text.prvCopyDataToQueue
                0x00000000080085bc       0xd4 Middlewares/Third_Party/FreeRTOS/Source/queue.o
 .text.prvUnlockQueue
                0x0000000008008690       0xa4 Middlewares/Third_Party/FreeRTOS/Source/queue.o
 .text.prvIsQueueEmpty
                0x0000000008008734       0x2c Middlewares/Third_Party/FreeRTOS/Source/queue.o
 .text.prvIsQueueFull
                0x0000000008008760       0x30 Middlewares/Third_Party/FreeRTOS/Source/queue.o
 .text.xTaskCreate
                0x0000000008008790       0x82 Middlewares/Third_Party/FreeRTOS/Source/tasks.o
                0x0000000008008790                xTaskCreate
 .text.prvInitialiseNewTask
                0x0000000008008812      0x100 Middlewares/Third_Party/FreeRTOS/Source/tasks.o
 *fill*         0x0000000008008912        0x2 
 .text.prvAddNewTaskToReadyList
                0x0000000008008914       0xd4 Middlewares/Third_Party/FreeRTOS/Source/tasks.o
 .text.vTaskStartScheduler
                0x00000000080089e8       0x94 Middlewares/Third_Party/FreeRTOS/Source/tasks.o
                0x00000000080089e8                vTaskStartScheduler
 .text.vTaskSuspendAll
                0x0000000008008a7c       0x1c Middlewares/Third_Party/FreeRTOS/Source/tasks.o
                0x0000000008008a7c                vTaskSuspendAll
 .text.xTaskResumeAll
                0x0000000008008a98      0x13c Middlewares/Third_Party/FreeRTOS/Source/tasks.o
                0x0000000008008a98                xTaskResumeAll
 .text.xTaskGetTickCountFromISR
                0x0000000008008bd4       0x24 Middlewares/Third_Party/FreeRTOS/Source/tasks.o
                0x0000000008008bd4                xTaskGetTickCountFromISR
 .text.xTaskIncrementTick
                0x0000000008008bf8      0x17c Middlewares/Third_Party/FreeRTOS/Source/tasks.o
                0x0000000008008bf8                xTaskIncrementTick
 .text.vTaskSwitchContext
                0x0000000008008d74       0xb8 Middlewares/Third_Party/FreeRTOS/Source/tasks.o
                0x0000000008008d74                vTaskSwitchContext
 .text.vTaskPlaceOnEventList
                0x0000000008008e2c       0x4c Middlewares/Third_Party/FreeRTOS/Source/tasks.o
                0x0000000008008e2c                vTaskPlaceOnEventList
 .text.xTaskRemoveFromEventList
                0x0000000008008e78       0xc8 Middlewares/Third_Party/FreeRTOS/Source/tasks.o
                0x0000000008008e78                xTaskRemoveFromEventList
 .text.vTaskInternalSetTimeOutState
                0x0000000008008f40       0x2c Middlewares/Third_Party/FreeRTOS/Source/tasks.o
                0x0000000008008f40                vTaskInternalSetTimeOutState
 .text.xTaskCheckForTimeOut
                0x0000000008008f6c       0xc8 Middlewares/Third_Party/FreeRTOS/Source/tasks.o
                0x0000000008008f6c                xTaskCheckForTimeOut
 .text.vTaskMissedYield
                0x0000000008009034       0x18 Middlewares/Third_Party/FreeRTOS/Source/tasks.o
                0x0000000008009034                vTaskMissedYield
 .text.prvIdleTask
                0x000000000800904c       0x30 Middlewares/Third_Party/FreeRTOS/Source/tasks.o
 .text.prvInitialiseTaskLists
                0x000000000800907c       0x80 Middlewares/Third_Party/FreeRTOS/Source/tasks.o
 .text.prvCheckTasksWaitingTermination
                0x00000000080090fc       0x58 Middlewares/Third_Party/FreeRTOS/Source/tasks.o
 .text.prvDeleteTCB
                0x0000000008009154       0x20 Middlewares/Third_Party/FreeRTOS/Source/tasks.o
 .text.prvResetNextTaskUnblockTime
                0x0000000008009174       0x4c Middlewares/Third_Party/FreeRTOS/Source/tasks.o
 .text.xTaskGetSchedulerState
                0x00000000080091c0       0x3c Middlewares/Third_Party/FreeRTOS/Source/tasks.o
                0x00000000080091c0                xTaskGetSchedulerState
 .text.xTaskPriorityInherit
                0x00000000080091fc      0x10c Middlewares/Third_Party/FreeRTOS/Source/tasks.o
                0x00000000080091fc                xTaskPriorityInherit
 .text.xTaskPriorityDisinherit
                0x0000000008009308      0x110 Middlewares/Third_Party/FreeRTOS/Source/tasks.o
                0x0000000008009308                xTaskPriorityDisinherit
 .text.vTaskPriorityDisinheritAfterTimeout
                0x0000000008009418      0x144 Middlewares/Third_Party/FreeRTOS/Source/tasks.o
                0x0000000008009418                vTaskPriorityDisinheritAfterTimeout
 .text.pvTaskIncrementMutexHeldCount
                0x000000000800955c       0x28 Middlewares/Third_Party/FreeRTOS/Source/tasks.o
                0x000000000800955c                pvTaskIncrementMutexHeldCount
 .text.prvAddCurrentTaskToDelayedList
                0x0000000008009584       0xcc Middlewares/Third_Party/FreeRTOS/Source/tasks.o
 .text.pxPortInitialiseStack
                0x0000000008009650       0x68 Middlewares/Third_Party/FreeRTOS/Source/portable/GCC/ARM_CM7/r0p1/port.o
                0x0000000008009650                pxPortInitialiseStack
 .text.prvTaskExitError
                0x00000000080096b8       0x5c Middlewares/Third_Party/FreeRTOS/Source/portable/GCC/ARM_CM7/r0p1/port.o
 *fill*         0x0000000008009714        0xc 
 .text.SVC_Handler
                0x0000000008009720       0x28 Middlewares/Third_Party/FreeRTOS/Source/portable/GCC/ARM_CM7/r0p1/port.o
                0x0000000008009720                SVC_Handler
 .text.prvPortStartFirstTask
                0x0000000008009748       0x28 Middlewares/Third_Party/FreeRTOS/Source/portable/GCC/ARM_CM7/r0p1/port.o
 .text.xPortStartScheduler
                0x0000000008009770       0xf8 Middlewares/Third_Party/FreeRTOS/Source/portable/GCC/ARM_CM7/r0p1/port.o
                0x0000000008009770                xPortStartScheduler
 .text.vPortEnterCritical
                0x0000000008009868       0x64 Middlewares/Third_Party/FreeRTOS/Source/portable/GCC/ARM_CM7/r0p1/port.o
                0x0000000008009868                vPortEnterCritical
 .text.vPortExitCritical
                0x00000000080098cc       0x54 Middlewares/Third_Party/FreeRTOS/Source/portable/GCC/ARM_CM7/r0p1/port.o
                0x00000000080098cc                vPortExitCritical
 .text.PendSV_Handler
                0x0000000008009920       0x68 Middlewares/Third_Party/FreeRTOS/Source/portable/GCC/ARM_CM7/r0p1/port.o
                0x0000000008009920                PendSV_Handler
 .text.SysTick_Handler
                0x0000000008009988       0x44 Middlewares/Third_Party/FreeRTOS/Source/portable/GCC/ARM_CM7/r0p1/port.o
                0x0000000008009988                SysTick_Handler
 .text.vPortSetupTimerInterrupt
                0x00000000080099cc       0x48 Middlewares/Third_Party/FreeRTOS/Source/portable/GCC/ARM_CM7/r0p1/port.o
                0x00000000080099cc                vPortSetupTimerInterrupt
 .text.vPortEnableVFP
                0x0000000008009a14       0x14 Middlewares/Third_Party/FreeRTOS/Source/portable/GCC/ARM_CM7/r0p1/port.o
 .text.vPortValidateInterruptPriority
                0x0000000008009a28       0x84 Middlewares/Third_Party/FreeRTOS/Source/portable/GCC/ARM_CM7/r0p1/port.o
                0x0000000008009a28                vPortValidateInterruptPriority
 .text.pvPortMalloc
                0x0000000008009aac      0x190 Middlewares/Third_Party/FreeRTOS/Source/portable/MemMang/heap_4.o
                0x0000000008009aac                pvPortMalloc
 .text.vPortFree
                0x0000000008009c3c       0xb8 Middlewares/Third_Party/FreeRTOS/Source/portable/MemMang/heap_4.o
                0x0000000008009c3c                vPortFree
 .text.prvHeapInit
                0x0000000008009cf4       0xc4 Middlewares/Third_Party/FreeRTOS/Source/portable/MemMang/heap_4.o
 .text.prvInsertBlockIntoFreeList
                0x0000000008009db8       0xb4 Middlewares/Third_Party/FreeRTOS/Source/portable/MemMang/heap_4.o
 .text.TransmitTask
                0x0000000008009e6c       0xc4 Src/ADCtoUSB.o
                0x0000000008009e6c                TransmitTask
 .text.buttonPressTask
                0x0000000008009f30       0xd4 Src/buttonPressTask.o
                0x0000000008009f30                buttonPressTask
 .text.toggleAllLEDs
                0x000000000800a004       0x28 Src/helperFunctions.o
                0x000000000800a004                toggleAllLEDs
 .text.main     0x000000000800a02c       0xb8 Src/main.o
                0x000000000800a02c                main
 .text.SystemClock_Config
                0x000000000800a0e4      0x120 Src/main.o
                0x000000000800a0e4                SystemClock_Config
 .text.MX_ADC1_Init
                0x000000000800a204       0xc4 Src/main.o
 .text.MX_ETH_Init
                0x000000000800a2c8       0x6c Src/main.o
 .text.MX_TIM7_Init
                0x000000000800a334       0x6c Src/main.o
 .text.MX_USART3_UART_Init
                0x000000000800a3a0       0x60 Src/main.o
 .text.MX_GPIO_Init
                0x000000000800a400      0x1e0 Src/main.o
 .text.HAL_TIM_PeriodElapsedCallback
                0x000000000800a5e0       0x24 Src/main.o
                0x000000000800a5e0                HAL_TIM_PeriodElapsedCallback
 .text.Error_Handler
                0x000000000800a604        0xe Src/main.o
                0x000000000800a604                Error_Handler
 *fill*         0x000000000800a612        0x2 
 .text.HAL_MspInit
                0x000000000800a614       0x50 Src/stm32f7xx_hal_msp.o
                0x000000000800a614                HAL_MspInit
 .text.HAL_ADC_MspInit
                0x000000000800a664       0x90 Src/stm32f7xx_hal_msp.o
                0x000000000800a664                HAL_ADC_MspInit
 .text.HAL_ETH_MspInit
                0x000000000800a6f4      0x170 Src/stm32f7xx_hal_msp.o
                0x000000000800a6f4                HAL_ETH_MspInit
 .text.HAL_TIM_Base_MspInit
                0x000000000800a864       0x4c Src/stm32f7xx_hal_msp.o
                0x000000000800a864                HAL_TIM_Base_MspInit
 .text.HAL_UART_MspInit
                0x000000000800a8b0       0x88 Src/stm32f7xx_hal_msp.o
                0x000000000800a8b0                HAL_UART_MspInit
 .text.HAL_InitTick
                0x000000000800a938       0xb0 Src/stm32f7xx_hal_timebase_tim.o
                0x000000000800a938                HAL_InitTick
 .text.NMI_Handler
                0x000000000800a9e8        0xe Src/stm32f7xx_it.o
                0x000000000800a9e8                NMI_Handler
 .text.HardFault_Handler
                0x000000000800a9f6        0x6 Src/stm32f7xx_it.o
                0x000000000800a9f6                HardFault_Handler
 .text.MemManage_Handler
                0x000000000800a9fc        0x6 Src/stm32f7xx_it.o
                0x000000000800a9fc                MemManage_Handler
 .text.BusFault_Handler
                0x000000000800aa02        0x6 Src/stm32f7xx_it.o
                0x000000000800aa02                BusFault_Handler
 .text.UsageFault_Handler
                0x000000000800aa08        0x6 Src/stm32f7xx_it.o
                0x000000000800aa08                UsageFault_Handler
 .text.DebugMon_Handler
                0x000000000800aa0e        0xe Src/stm32f7xx_it.o
                0x000000000800aa0e                DebugMon_Handler
 .text.ADC_IRQHandler
                0x000000000800aa1c       0x84 Src/stm32f7xx_it.o
                0x000000000800aa1c                ADC_IRQHandler
 .text.TIM1_UP_TIM10_IRQHandler
                0x000000000800aaa0       0x14 Src/stm32f7xx_it.o
                0x000000000800aaa0                TIM1_UP_TIM10_IRQHandler
 .text.EXTI15_10_IRQHandler
                0x000000000800aab4       0x64 Src/stm32f7xx_it.o
                0x000000000800aab4                EXTI15_10_IRQHandler
 .text.TIM7_IRQHandler
                0x000000000800ab18       0x1c Src/stm32f7xx_it.o
                0x000000000800ab18                TIM7_IRQHandler
 .text.OTG_FS_IRQHandler
                0x000000000800ab34       0x14 Src/stm32f7xx_it.o
                0x000000000800ab34                OTG_FS_IRQHandler
 .text._read    0x000000000800ab48       0x3a Src/syscalls.o
                0x000000000800ab48                _read
 .text._write   0x000000000800ab82       0x38 Src/syscalls.o
                0x000000000800ab82                _write
 .text._close   0x000000000800abba       0x18 Src/syscalls.o
                0x000000000800abba                _close
 .text._fstat   0x000000000800abd2       0x20 Src/syscalls.o
                0x000000000800abd2                _fstat
 .text._isatty  0x000000000800abf2       0x16 Src/syscalls.o
                0x000000000800abf2                _isatty
 .text._lseek   0x000000000800ac08       0x1a Src/syscalls.o
                0x000000000800ac08                _lseek
 *fill*         0x000000000800ac22        0x2 
 .text._sbrk    0x000000000800ac24       0x58 Src/sysmem.o
                0x000000000800ac24                _sbrk
 .text.SystemInit
                0x000000000800ac7c       0x6c Src/system_stm32f7xx.o
                0x000000000800ac7c                SystemInit
 .text.MX_USB_DEVICE_Init
                0x000000000800ace8       0x60 Src/usb_device.o
                0x000000000800ace8                MX_USB_DEVICE_Init
 .text.CDC_Init_FS
                0x000000000800ad48       0x28 Src/usbd_cdc_if.o
 .text.CDC_DeInit_FS
                0x000000000800ad70       0x10 Src/usbd_cdc_if.o
 .text.CDC_Control_FS
                0x000000000800ad80       0xfc Src/usbd_cdc_if.o
 .text.CDC_Receive_FS
                0x000000000800ae7c       0x38 Src/usbd_cdc_if.o
 .text.CDC_Transmit_FS
                0x000000000800aeb4       0x4c Src/usbd_cdc_if.o
                0x000000000800aeb4                CDC_Transmit_FS
 .text.HAL_PCD_MspInit
                0x000000000800af00       0xc8 Src/usbd_conf.o
                0x000000000800af00                HAL_PCD_MspInit
 .text.HAL_PCD_SetupStageCallback
                0x000000000800afc8       0x24 Src/usbd_conf.o
                0x000000000800afc8                HAL_PCD_SetupStageCallback
 .text.HAL_PCD_DataOutStageCallback
                0x000000000800afec       0x36 Src/usbd_conf.o
                0x000000000800afec                HAL_PCD_DataOutStageCallback
 .text.HAL_PCD_DataInStageCallback
                0x000000000800b022       0x34 Src/usbd_conf.o
                0x000000000800b022                HAL_PCD_DataInStageCallback
 .text.HAL_PCD_SOFCallback
                0x000000000800b056       0x1c Src/usbd_conf.o
                0x000000000800b056                HAL_PCD_SOFCallback
 .text.HAL_PCD_ResetCallback
                0x000000000800b072       0x50 Src/usbd_conf.o
                0x000000000800b072                HAL_PCD_ResetCallback
 *fill*         0x000000000800b0c2        0x2 
 .text.HAL_PCD_SuspendCallback
                0x000000000800b0c4       0x4c Src/usbd_conf.o
                0x000000000800b0c4                HAL_PCD_SuspendCallback
 .text.HAL_PCD_ResumeCallback
                0x000000000800b110       0x1c Src/usbd_conf.o
                0x000000000800b110                HAL_PCD_ResumeCallback
 .text.HAL_PCD_ISOOUTIncompleteCallback
                0x000000000800b12c       0x24 Src/usbd_conf.o
                0x000000000800b12c                HAL_PCD_ISOOUTIncompleteCallback
 .text.HAL_PCD_ISOINIncompleteCallback
                0x000000000800b150       0x24 Src/usbd_conf.o
                0x000000000800b150                HAL_PCD_ISOINIncompleteCallback
 .text.HAL_PCD_ConnectCallback
                0x000000000800b174       0x1c Src/usbd_conf.o
                0x000000000800b174                HAL_PCD_ConnectCallback
 .text.HAL_PCD_DisconnectCallback
                0x000000000800b190       0x1c Src/usbd_conf.o
                0x000000000800b190                HAL_PCD_DisconnectCallback
 .text.USBD_LL_Init
                0x000000000800b1ac       0x98 Src/usbd_conf.o
                0x000000000800b1ac                USBD_LL_Init
 .text.USBD_LL_Start
                0x000000000800b244       0x36 Src/usbd_conf.o
                0x000000000800b244                USBD_LL_Start
 .text.USBD_LL_OpenEP
                0x000000000800b27a       0x4c Src/usbd_conf.o
                0x000000000800b27a                USBD_LL_OpenEP
 .text.USBD_LL_CloseEP
                0x000000000800b2c6       0x3e Src/usbd_conf.o
                0x000000000800b2c6                USBD_LL_CloseEP
 .text.USBD_LL_StallEP
                0x000000000800b304       0x3e Src/usbd_conf.o
                0x000000000800b304                USBD_LL_StallEP
 .text.USBD_LL_ClearStallEP
                0x000000000800b342       0x3e Src/usbd_conf.o
                0x000000000800b342                USBD_LL_ClearStallEP
 .text.USBD_LL_IsStallEP
                0x000000000800b380       0x58 Src/usbd_conf.o
                0x000000000800b380                USBD_LL_IsStallEP
 .text.USBD_LL_SetUSBAddress
                0x000000000800b3d8       0x3e Src/usbd_conf.o
                0x000000000800b3d8                USBD_LL_SetUSBAddress
 .text.USBD_LL_Transmit
                0x000000000800b416       0x46 Src/usbd_conf.o
                0x000000000800b416                USBD_LL_Transmit
 .text.USBD_LL_PrepareReceive
                0x000000000800b45c       0x46 Src/usbd_conf.o
                0x000000000800b45c                USBD_LL_PrepareReceive
 .text.USBD_LL_GetRxDataSize
                0x000000000800b4a2       0x26 Src/usbd_conf.o
                0x000000000800b4a2                USBD_LL_GetRxDataSize
 .text.HAL_PCDEx_LPM_Callback
                0x000000000800b4c8       0x9c Src/usbd_conf.o
                0x000000000800b4c8                HAL_PCDEx_LPM_Callback
 .text.SystemClockConfig_Resume
                0x000000000800b564        0xc Src/usbd_conf.o
 .text.USBD_Get_USB_Status
                0x000000000800b570       0x58 Src/usbd_conf.o
                0x000000000800b570                USBD_Get_USB_Status
 .text.USBD_FS_DeviceDescriptor
                0x000000000800b5c8       0x24 Src/usbd_desc.o
                0x000000000800b5c8                USBD_FS_DeviceDescriptor
 .text.USBD_FS_LangIDStrDescriptor
                0x000000000800b5ec       0x24 Src/usbd_desc.o
                0x000000000800b5ec                USBD_FS_LangIDStrDescriptor
 .text.USBD_FS_ProductStrDescriptor
                0x000000000800b610       0x3c Src/usbd_desc.o
                0x000000000800b610                USBD_FS_ProductStrDescriptor
 .text.USBD_FS_ManufacturerStrDescriptor
                0x000000000800b64c       0x28 Src/usbd_desc.o
                0x000000000800b64c                USBD_FS_ManufacturerStrDescriptor
 .text.USBD_FS_SerialStrDescriptor
                0x000000000800b674       0x24 Src/usbd_desc.o
                0x000000000800b674                USBD_FS_SerialStrDescriptor
 .text.USBD_FS_ConfigStrDescriptor
                0x000000000800b698       0x3c Src/usbd_desc.o
                0x000000000800b698                USBD_FS_ConfigStrDescriptor
 .text.USBD_FS_InterfaceStrDescriptor
                0x000000000800b6d4       0x3c Src/usbd_desc.o
                0x000000000800b6d4                USBD_FS_InterfaceStrDescriptor
 .text.USBD_FS_USR_BOSDescriptor
                0x000000000800b710       0x24 Src/usbd_desc.o
                0x000000000800b710                USBD_FS_USR_BOSDescriptor
 .text.Get_SerialNum
                0x000000000800b734       0x58 Src/usbd_desc.o
 .text.IntToUnicode
                0x000000000800b78c       0x7c Src/usbd_desc.o
 .text.Reset_Handler
                0x000000000800b808       0x50 Startup/startup_stm32f767zitx.o
                0x000000000800b808                Reset_Handler
 .text.Default_Handler
                0x000000000800b858        0x2 Startup/startup_stm32f767zitx.o
                0x000000000800b858                RTC_Alarm_IRQHandler
                0x000000000800b858                EXTI2_IRQHandler
                0x000000000800b858                TIM8_CC_IRQHandler
                0x000000000800b858                UART8_IRQHandler
                0x000000000800b858                SPI4_IRQHandler
                0x000000000800b858                TIM1_CC_IRQHandler
                0x000000000800b858                DMA2_Stream5_IRQHandler
                0x000000000800b858                JPEG_IRQHandler
                0x000000000800b858                DMA1_Stream5_IRQHandler
                0x000000000800b858                CAN3_RX1_IRQHandler
                0x000000000800b858                PVD_IRQHandler
                0x000000000800b858                TAMP_STAMP_IRQHandler
                0x000000000800b858                CAN2_RX1_IRQHandler
                0x000000000800b858                EXTI3_IRQHandler
                0x000000000800b858                TIM8_TRG_COM_TIM14_IRQHandler
                0x000000000800b858                DFSDM1_FLT1_IRQHandler
                0x000000000800b858                TIM8_UP_TIM13_IRQHandler
                0x000000000800b858                I2C3_ER_IRQHandler
                0x000000000800b858                DFSDM1_FLT2_IRQHandler
                0x000000000800b858                EXTI0_IRQHandler
                0x000000000800b858                I2C2_EV_IRQHandler
                0x000000000800b858                DMA1_Stream2_IRQHandler
                0x000000000800b858                CAN1_RX0_IRQHandler
                0x000000000800b858                FPU_IRQHandler
                0x000000000800b858                OTG_HS_WKUP_IRQHandler
                0x000000000800b858                CAN3_SCE_IRQHandler
                0x000000000800b858                LTDC_ER_IRQHandler
                0x000000000800b858                CAN2_SCE_IRQHandler
                0x000000000800b858                DMA2_Stream2_IRQHandler
                0x000000000800b858                SPI1_IRQHandler
                0x000000000800b858                TIM6_DAC_IRQHandler
                0x000000000800b858                TIM1_BRK_TIM9_IRQHandler
                0x000000000800b858                DCMI_IRQHandler
                0x000000000800b858                CAN2_RX0_IRQHandler
                0x000000000800b858                DMA2_Stream3_IRQHandler
                0x000000000800b858                SAI2_IRQHandler
                0x000000000800b858                DFSDM1_FLT3_IRQHandler
                0x000000000800b858                USART6_IRQHandler
                0x000000000800b858                CAN3_RX0_IRQHandler
                0x000000000800b858                USART3_IRQHandler
                0x000000000800b858                CAN1_RX1_IRQHandler
                0x000000000800b858                UART5_IRQHandler
                0x000000000800b858                DMA2_Stream0_IRQHandler
                0x000000000800b858                TIM4_IRQHandler
                0x000000000800b858                QUADSPI_IRQHandler
                0x000000000800b858                I2C1_EV_IRQHandler
                0x000000000800b858                DMA1_Stream6_IRQHandler
                0x000000000800b858                DMA1_Stream1_IRQHandler
                0x000000000800b858                UART4_IRQHandler
                0x000000000800b858                TIM3_IRQHandler
                0x000000000800b858                RCC_IRQHandler
                0x000000000800b858                TIM8_BRK_TIM12_IRQHandler
                0x000000000800b858                Default_Handler
                0x000000000800b858                CEC_IRQHandler
                0x000000000800b858                DMA1_Stream7_IRQHandler
                0x000000000800b858                SPI5_IRQHandler
                0x000000000800b858                SDMMC1_IRQHandler
                0x000000000800b858                CAN2_TX_IRQHandler
                0x000000000800b858                TIM5_IRQHandler
                0x000000000800b858                DMA2_Stream7_IRQHandler
                0x000000000800b858                I2C3_EV_IRQHandler
                0x000000000800b858                EXTI9_5_IRQHandler
                0x000000000800b858                RTC_WKUP_IRQHandler
                0x000000000800b858                LTDC_IRQHandler
                0x000000000800b858                ETH_WKUP_IRQHandler
                0x000000000800b858                SPDIF_RX_IRQHandler
                0x000000000800b858                SPI2_IRQHandler
                0x000000000800b858                OTG_HS_EP1_IN_IRQHandler
                0x000000000800b858                DMA1_Stream0_IRQHandler
                0x000000000800b858                CAN1_TX_IRQHandler
                0x000000000800b858                EXTI4_IRQHandler
                0x000000000800b858                RNG_IRQHandler
                0x000000000800b858                ETH_IRQHandler
                0x000000000800b858                OTG_HS_EP1_OUT_IRQHandler
                0x000000000800b858                WWDG_IRQHandler
                0x000000000800b858                SPI6_IRQHandler
                0x000000000800b858                MDIOS_IRQHandler
                0x000000000800b858                I2C4_EV_IRQHandler
                0x000000000800b858                CAN3_TX_IRQHandler
                0x000000000800b858                TIM2_IRQHandler
                0x000000000800b858                OTG_FS_WKUP_IRQHandler
                0x000000000800b858                TIM1_TRG_COM_TIM11_IRQHandler
                0x000000000800b858                OTG_HS_IRQHandler
                0x000000000800b858                DMA2D_IRQHandler
                0x000000000800b858                EXTI1_IRQHandler
                0x000000000800b858                SDMMC2_IRQHandler
                0x000000000800b858                UART7_IRQHandler
                0x000000000800b858                USART2_IRQHandler
                0x000000000800b858                DFSDM1_FLT0_IRQHandler
                0x000000000800b858                I2C2_ER_IRQHandler
                0x000000000800b858                DMA2_Stream1_IRQHandler
                0x000000000800b858                CAN1_SCE_IRQHandler
                0x000000000800b858                FLASH_IRQHandler
                0x000000000800b858                DMA2_Stream4_IRQHandler
                0x000000000800b858                USART1_IRQHandler
                0x000000000800b858                SPI3_IRQHandler
                0x000000000800b858                DMA1_Stream4_IRQHandler
                0x000000000800b858                I2C1_ER_IRQHandler
                0x000000000800b858                FMC_IRQHandler
                0x000000000800b858                LPTIM1_IRQHandler
                0x000000000800b858                I2C4_ER_IRQHandler
                0x000000000800b858                DMA2_Stream6_IRQHandler
                0x000000000800b858                SAI1_IRQHandler
                0x000000000800b858                DMA1_Stream3_IRQHandler
 *fill*         0x000000000800b85a        0x2 
 .text.__errno  0x000000000800b85c        0xc /opt/st/stm32cubeide_1.0.2/plugins/com.st.stm32cube.ide.mcu.externaltools.gnu-tools-for-stm32.7-2018-q2-update.linux64_1.0.0.201904181610/tools/bin/../lib/gcc/arm-none-eabi/7.3.1/../../../../arm-none-eabi/lib/thumb/v7e-m/fpv5/hard/libc_nano.a(lib_a-errno.o)
                0x000000000800b85c                __errno
 .text.__libc_init_array
                0x000000000800b868       0x48 /opt/st/stm32cubeide_1.0.2/plugins/com.st.stm32cube.ide.mcu.externaltools.gnu-tools-for-stm32.7-2018-q2-update.linux64_1.0.0.201904181610/tools/bin/../lib/gcc/arm-none-eabi/7.3.1/../../../../arm-none-eabi/lib/thumb/v7e-m/fpv5/hard/libc_nano.a(lib_a-init.o)
                0x000000000800b868                __libc_init_array
 .text.malloc   0x000000000800b8b0       0x10 /opt/st/stm32cubeide_1.0.2/plugins/com.st.stm32cube.ide.mcu.externaltools.gnu-tools-for-stm32.7-2018-q2-update.linux64_1.0.0.201904181610/tools/bin/../lib/gcc/arm-none-eabi/7.3.1/../../../../arm-none-eabi/lib/thumb/v7e-m/fpv5/hard/libc_nano.a(lib_a-malloc.o)
                0x000000000800b8b0                malloc
 .text.free     0x000000000800b8c0       0x10 /opt/st/stm32cubeide_1.0.2/plugins/com.st.stm32cube.ide.mcu.externaltools.gnu-tools-for-stm32.7-2018-q2-update.linux64_1.0.0.201904181610/tools/bin/../lib/gcc/arm-none-eabi/7.3.1/../../../../arm-none-eabi/lib/thumb/v7e-m/fpv5/hard/libc_nano.a(lib_a-malloc.o)
                0x000000000800b8c0                free
 .text.memcpy   0x000000000800b8d0       0x16 /opt/st/stm32cubeide_1.0.2/plugins/com.st.stm32cube.ide.mcu.externaltools.gnu-tools-for-stm32.7-2018-q2-update.linux64_1.0.0.201904181610/tools/bin/../lib/gcc/arm-none-eabi/7.3.1/../../../../arm-none-eabi/lib/thumb/v7e-m/fpv5/hard/libc_nano.a(lib_a-memcpy-stub.o)
                0x000000000800b8d0                memcpy
 .text.memset   0x000000000800b8e6       0x10 /opt/st/stm32cubeide_1.0.2/plugins/com.st.stm32cube.ide.mcu.externaltools.gnu-tools-for-stm32.7-2018-q2-update.linux64_1.0.0.201904181610/tools/bin/../lib/gcc/arm-none-eabi/7.3.1/../../../../arm-none-eabi/lib/thumb/v7e-m/fpv5/hard/libc_nano.a(lib_a-memset.o)
                0x000000000800b8e6                memset
 *fill*         0x000000000800b8f6        0x2 
 .text._free_r  0x000000000800b8f8       0x9c /opt/st/stm32cubeide_1.0.2/plugins/com.st.stm32cube.ide.mcu.externaltools.gnu-tools-for-stm32.7-2018-q2-update.linux64_1.0.0.201904181610/tools/bin/../lib/gcc/arm-none-eabi/7.3.1/../../../../arm-none-eabi/lib/thumb/v7e-m/fpv5/hard/libc_nano.a(lib_a-nano-freer.o)
                0x000000000800b8f8                _free_r
 .text._malloc_r
                0x000000000800b994       0xb4 /opt/st/stm32cubeide_1.0.2/plugins/com.st.stm32cube.ide.mcu.externaltools.gnu-tools-for-stm32.7-2018-q2-update.linux64_1.0.0.201904181610/tools/bin/../lib/gcc/arm-none-eabi/7.3.1/../../../../arm-none-eabi/lib/thumb/v7e-m/fpv5/hard/libc_nano.a(lib_a-nano-mallocr.o)
                0x000000000800b994                _malloc_r
 .text.printf   0x000000000800ba48       0x30 /opt/st/stm32cubeide_1.0.2/plugins/com.st.stm32cube.ide.mcu.externaltools.gnu-tools-for-stm32.7-2018-q2-update.linux64_1.0.0.201904181610/tools/bin/../lib/gcc/arm-none-eabi/7.3.1/../../../../arm-none-eabi/lib/thumb/v7e-m/fpv5/hard/libc_nano.a(lib_a-printf.o)
                0x000000000800ba48                printf
                0x000000000800ba48                iprintf
 .text._sbrk_r  0x000000000800ba78       0x20 /opt/st/stm32cubeide_1.0.2/plugins/com.st.stm32cube.ide.mcu.externaltools.gnu-tools-for-stm32.7-2018-q2-update.linux64_1.0.0.201904181610/tools/bin/../lib/gcc/arm-none-eabi/7.3.1/../../../../arm-none-eabi/lib/thumb/v7e-m/fpv5/hard/libc_nano.a(lib_a-sbrkr.o)
                0x000000000800ba78                _sbrk_r
 .text.std      0x000000000800ba98       0x48 /opt/st/stm32cubeide_1.0.2/plugins/com.st.stm32cube.ide.mcu.externaltools.gnu-tools-for-stm32.7-2018-q2-update.linux64_1.0.0.201904181610/tools/bin/../lib/gcc/arm-none-eabi/7.3.1/../../../../arm-none-eabi/lib/thumb/v7e-m/fpv5/hard/libc_nano.a(lib_a-findfp.o)
 .text._cleanup_r
                0x000000000800bae0        0xc /opt/st/stm32cubeide_1.0.2/plugins/com.st.stm32cube.ide.mcu.externaltools.gnu-tools-for-stm32.7-2018-q2-update.linux64_1.0.0.201904181610/tools/bin/../lib/gcc/arm-none-eabi/7.3.1/../../../../arm-none-eabi/lib/thumb/v7e-m/fpv5/hard/libc_nano.a(lib_a-findfp.o)
                0x000000000800bae0                _cleanup_r
 .text.__sfmoreglue
                0x000000000800baec       0x2c /opt/st/stm32cubeide_1.0.2/plugins/com.st.stm32cube.ide.mcu.externaltools.gnu-tools-for-stm32.7-2018-q2-update.linux64_1.0.0.201904181610/tools/bin/../lib/gcc/arm-none-eabi/7.3.1/../../../../arm-none-eabi/lib/thumb/v7e-m/fpv5/hard/libc_nano.a(lib_a-findfp.o)
                0x000000000800baec                __sfmoreglue
 .text.__sinit  0x000000000800bb18       0x60 /opt/st/stm32cubeide_1.0.2/plugins/com.st.stm32cube.ide.mcu.externaltools.gnu-tools-for-stm32.7-2018-q2-update.linux64_1.0.0.201904181610/tools/bin/../lib/gcc/arm-none-eabi/7.3.1/../../../../arm-none-eabi/lib/thumb/v7e-m/fpv5/hard/libc_nano.a(lib_a-findfp.o)
                0x000000000800bb18                __sinit
 .text.__sfp    0x000000000800bb78       0x78 /opt/st/stm32cubeide_1.0.2/plugins/com.st.stm32cube.ide.mcu.externaltools.gnu-tools-for-stm32.7-2018-q2-update.linux64_1.0.0.201904181610/tools/bin/../lib/gcc/arm-none-eabi/7.3.1/../../../../arm-none-eabi/lib/thumb/v7e-m/fpv5/hard/libc_nano.a(lib_a-findfp.o)
                0x000000000800bb78                __sfp
 .text._fwalk_reent
                0x000000000800bbf0       0x3c /opt/st/stm32cubeide_1.0.2/plugins/com.st.stm32cube.ide.mcu.externaltools.gnu-tools-for-stm32.7-2018-q2-update.linux64_1.0.0.201904181610/tools/bin/../lib/gcc/arm-none-eabi/7.3.1/../../../../arm-none-eabi/lib/thumb/v7e-m/fpv5/hard/libc_nano.a(lib_a-fwalk.o)
                0x000000000800bbf0                _fwalk_reent
 .text.__malloc_lock
                0x000000000800bc2c        0x2 /opt/st/stm32cubeide_1.0.2/plugins/com.st.stm32cube.ide.mcu.externaltools.gnu-tools-for-stm32.7-2018-q2-update.linux64_1.0.0.201904181610/tools/bin/../lib/gcc/arm-none-eabi/7.3.1/../../../../arm-none-eabi/lib/thumb/v7e-m/fpv5/hard/libc_nano.a(lib_a-mlock.o)
                0x000000000800bc2c                __malloc_lock
 .text.__malloc_unlock
                0x000000000800bc2e        0x2 /opt/st/stm32cubeide_1.0.2/plugins/com.st.stm32cube.ide.mcu.externaltools.gnu-tools-for-stm32.7-2018-q2-update.linux64_1.0.0.201904181610/tools/bin/../lib/gcc/arm-none-eabi/7.3.1/../../../../arm-none-eabi/lib/thumb/v7e-m/fpv5/hard/libc_nano.a(lib_a-mlock.o)
                0x000000000800bc2e                __malloc_unlock
 .text.__sfputc_r
                0x000000000800bc30       0x2e /opt/st/stm32cubeide_1.0.2/plugins/com.st.stm32cube.ide.mcu.externaltools.gnu-tools-for-stm32.7-2018-q2-update.linux64_1.0.0.201904181610/tools/bin/../lib/gcc/arm-none-eabi/7.3.1/../../../../arm-none-eabi/lib/thumb/v7e-m/fpv5/hard/libc_nano.a(lib_a-nano-vfprintf.o)
 .text.__sfputs_r
                0x000000000800bc5e       0x24 /opt/st/stm32cubeide_1.0.2/plugins/com.st.stm32cube.ide.mcu.externaltools.gnu-tools-for-stm32.7-2018-q2-update.linux64_1.0.0.201904181610/tools/bin/../lib/gcc/arm-none-eabi/7.3.1/../../../../arm-none-eabi/lib/thumb/v7e-m/fpv5/hard/libc_nano.a(lib_a-nano-vfprintf.o)
                0x000000000800bc5e                __sfputs_r
 *fill*         0x000000000800bc82        0x2 
 .text._vfprintf_r
                0x000000000800bc84      0x22c /opt/st/stm32cubeide_1.0.2/plugins/com.st.stm32cube.ide.mcu.externaltools.gnu-tools-for-stm32.7-2018-q2-update.linux64_1.0.0.201904181610/tools/bin/../lib/gcc/arm-none-eabi/7.3.1/../../../../arm-none-eabi/lib/thumb/v7e-m/fpv5/hard/libc_nano.a(lib_a-nano-vfprintf.o)
                0x000000000800bc84                _vfiprintf_r
                0x000000000800bc84                _vfprintf_r
 .text._printf_common
                0x000000000800beb0       0xea /opt/st/stm32cubeide_1.0.2/plugins/com.st.stm32cube.ide.mcu.externaltools.gnu-tools-for-stm32.7-2018-q2-update.linux64_1.0.0.201904181610/tools/bin/../lib/gcc/arm-none-eabi/7.3.1/../../../../arm-none-eabi/lib/thumb/v7e-m/fpv5/hard/libc_nano.a(lib_a-nano-vfprintf_i.o)
                0x000000000800beb0                _printf_common
 *fill*         0x000000000800bf9a        0x2 
 .text._printf_i
                0x000000000800bf9c      0x224 /opt/st/stm32cubeide_1.0.2/plugins/com.st.stm32cube.ide.mcu.externaltools.gnu-tools-for-stm32.7-2018-q2-update.linux64_1.0.0.201904181610/tools/bin/../lib/gcc/arm-none-eabi/7.3.1/../../../../arm-none-eabi/lib/thumb/v7e-m/fpv5/hard/libc_nano.a(lib_a-nano-vfprintf_i.o)
                0x000000000800bf9c                _printf_i
 .text.__sread  0x000000000800c1c0       0x22 /opt/st/stm32cubeide_1.0.2/plugins/com.st.stm32cube.ide.mcu.externaltools.gnu-tools-for-stm32.7-2018-q2-update.linux64_1.0.0.201904181610/tools/bin/../lib/gcc/arm-none-eabi/7.3.1/../../../../arm-none-eabi/lib/thumb/v7e-m/fpv5/hard/libc_nano.a(lib_a-stdio.o)
                0x000000000800c1c0                __sread
 .text.__swrite
                0x000000000800c1e2       0x38 /opt/st/stm32cubeide_1.0.2/plugins/com.st.stm32cube.ide.mcu.externaltools.gnu-tools-for-stm32.7-2018-q2-update.linux64_1.0.0.201904181610/tools/bin/../lib/gcc/arm-none-eabi/7.3.1/../../../../arm-none-eabi/lib/thumb/v7e-m/fpv5/hard/libc_nano.a(lib_a-stdio.o)
                0x000000000800c1e2                __swrite
 .text.__sseek  0x000000000800c21a       0x24 /opt/st/stm32cubeide_1.0.2/plugins/com.st.stm32cube.ide.mcu.externaltools.gnu-tools-for-stm32.7-2018-q2-update.linux64_1.0.0.201904181610/tools/bin/../lib/gcc/arm-none-eabi/7.3.1/../../../../arm-none-eabi/lib/thumb/v7e-m/fpv5/hard/libc_nano.a(lib_a-stdio.o)
                0x000000000800c21a                __sseek
 .text.__sclose
                0x000000000800c23e        0x8 /opt/st/stm32cubeide_1.0.2/plugins/com.st.stm32cube.ide.mcu.externaltools.gnu-tools-for-stm32.7-2018-q2-update.linux64_1.0.0.201904181610/tools/bin/../lib/gcc/arm-none-eabi/7.3.1/../../../../arm-none-eabi/lib/thumb/v7e-m/fpv5/hard/libc_nano.a(lib_a-stdio.o)
                0x000000000800c23e                __sclose
 *fill*         0x000000000800c246        0x2 
 .text.__swbuf_r
                0x000000000800c248       0xa4 /opt/st/stm32cubeide_1.0.2/plugins/com.st.stm32cube.ide.mcu.externaltools.gnu-tools-for-stm32.7-2018-q2-update.linux64_1.0.0.201904181610/tools/bin/../lib/gcc/arm-none-eabi/7.3.1/../../../../arm-none-eabi/lib/thumb/v7e-m/fpv5/hard/libc_nano.a(lib_a-wbuf.o)
                0x000000000800c248                __swbuf_r
 .text._write_r
                0x000000000800c2ec       0x24 /opt/st/stm32cubeide_1.0.2/plugins/com.st.stm32cube.ide.mcu.externaltools.gnu-tools-for-stm32.7-2018-q2-update.linux64_1.0.0.201904181610/tools/bin/../lib/gcc/arm-none-eabi/7.3.1/../../../../arm-none-eabi/lib/thumb/v7e-m/fpv5/hard/libc_nano.a(lib_a-writer.o)
                0x000000000800c2ec                _write_r
 .text.__swsetup_r
                0x000000000800c310       0xdc /opt/st/stm32cubeide_1.0.2/plugins/com.st.stm32cube.ide.mcu.externaltools.gnu-tools-for-stm32.7-2018-q2-update.linux64_1.0.0.201904181610/tools/bin/../lib/gcc/arm-none-eabi/7.3.1/../../../../arm-none-eabi/lib/thumb/v7e-m/fpv5/hard/libc_nano.a(lib_a-wsetup.o)
                0x000000000800c310                __swsetup_r
 .text._close_r
                0x000000000800c3ec       0x20 /opt/st/stm32cubeide_1.0.2/plugins/com.st.stm32cube.ide.mcu.externaltools.gnu-tools-for-stm32.7-2018-q2-update.linux64_1.0.0.201904181610/tools/bin/../lib/gcc/arm-none-eabi/7.3.1/../../../../arm-none-eabi/lib/thumb/v7e-m/fpv5/hard/libc_nano.a(lib_a-closer.o)
                0x000000000800c3ec                _close_r
 .text.__sflush_r
                0x000000000800c40c      0x10c /opt/st/stm32cubeide_1.0.2/plugins/com.st.stm32cube.ide.mcu.externaltools.gnu-tools-for-stm32.7-2018-q2-update.linux64_1.0.0.201904181610/tools/bin/../lib/gcc/arm-none-eabi/7.3.1/../../../../arm-none-eabi/lib/thumb/v7e-m/fpv5/hard/libc_nano.a(lib_a-fflush.o)
                0x000000000800c40c                __sflush_r
 .text._fflush_r
                0x000000000800c518       0x54 /opt/st/stm32cubeide_1.0.2/plugins/com.st.stm32cube.ide.mcu.externaltools.gnu-tools-for-stm32.7-2018-q2-update.linux64_1.0.0.201904181610/tools/bin/../lib/gcc/arm-none-eabi/7.3.1/../../../../arm-none-eabi/lib/thumb/v7e-m/fpv5/hard/libc_nano.a(lib_a-fflush.o)
                0x000000000800c518                _fflush_r
 .text._lseek_r
                0x000000000800c56c       0x24 /opt/st/stm32cubeide_1.0.2/plugins/com.st.stm32cube.ide.mcu.externaltools.gnu-tools-for-stm32.7-2018-q2-update.linux64_1.0.0.201904181610/tools/bin/../lib/gcc/arm-none-eabi/7.3.1/../../../../arm-none-eabi/lib/thumb/v7e-m/fpv5/hard/libc_nano.a(lib_a-lseekr.o)
                0x000000000800c56c                _lseek_r
 .text.__swhatbuf_r
                0x000000000800c590       0x48 /opt/st/stm32cubeide_1.0.2/plugins/com.st.stm32cube.ide.mcu.externaltools.gnu-tools-for-stm32.7-2018-q2-update.linux64_1.0.0.201904181610/tools/bin/../lib/gcc/arm-none-eabi/7.3.1/../../../../arm-none-eabi/lib/thumb/v7e-m/fpv5/hard/libc_nano.a(lib_a-makebuf.o)
                0x000000000800c590                __swhatbuf_r
 .text.__smakebuf_r
                0x000000000800c5d8       0x80 /opt/st/stm32cubeide_1.0.2/plugins/com.st.stm32cube.ide.mcu.externaltools.gnu-tools-for-stm32.7-2018-q2-update.linux64_1.0.0.201904181610/tools/bin/../lib/gcc/arm-none-eabi/7.3.1/../../../../arm-none-eabi/lib/thumb/v7e-m/fpv5/hard/libc_nano.a(lib_a-makebuf.o)
                0x000000000800c5d8                __smakebuf_r
 .text._read_r  0x000000000800c658       0x24 /opt/st/stm32cubeide_1.0.2/plugins/com.st.stm32cube.ide.mcu.externaltools.gnu-tools-for-stm32.7-2018-q2-update.linux64_1.0.0.201904181610/tools/bin/../lib/gcc/arm-none-eabi/7.3.1/../../../../arm-none-eabi/lib/thumb/v7e-m/fpv5/hard/libc_nano.a(lib_a-readr.o)
                0x000000000800c658                _read_r
 .text._fstat_r
                0x000000000800c67c       0x24 /opt/st/stm32cubeide_1.0.2/plugins/com.st.stm32cube.ide.mcu.externaltools.gnu-tools-for-stm32.7-2018-q2-update.linux64_1.0.0.201904181610/tools/bin/../lib/gcc/arm-none-eabi/7.3.1/../../../../arm-none-eabi/lib/thumb/v7e-m/fpv5/hard/libc_nano.a(lib_a-fstatr.o)
                0x000000000800c67c                _fstat_r
 .text._isatty_r
                0x000000000800c6a0       0x20 /opt/st/stm32cubeide_1.0.2/plugins/com.st.stm32cube.ide.mcu.externaltools.gnu-tools-for-stm32.7-2018-q2-update.linux64_1.0.0.201904181610/tools/bin/../lib/gcc/arm-none-eabi/7.3.1/../../../../arm-none-eabi/lib/thumb/v7e-m/fpv5/hard/libc_nano.a(lib_a-isattyr.o)
                0x000000000800c6a0                _isatty_r
 *(.glue_7)
 .glue_7        0x000000000800c6c0        0x0 linker stubs
 *(.glue_7t)
 .glue_7t       0x000000000800c6c0        0x0 linker stubs
 *(.eh_frame)
 .eh_frame      0x000000000800c6c0        0x0 /opt/st/stm32cubeide_1.0.2/plugins/com.st.stm32cube.ide.mcu.externaltools.gnu-tools-for-stm32.7-2018-q2-update.linux64_1.0.0.201904181610/tools/bin/../lib/gcc/arm-none-eabi/7.3.1/thumb/v7e-m/fpv5/hard/crtbegin.o
 *(.init)
 .init          0x000000000800c6c0        0x4 /opt/st/stm32cubeide_1.0.2/plugins/com.st.stm32cube.ide.mcu.externaltools.gnu-tools-for-stm32.7-2018-q2-update.linux64_1.0.0.201904181610/tools/bin/../lib/gcc/arm-none-eabi/7.3.1/thumb/v7e-m/fpv5/hard/crti.o
                0x000000000800c6c0                _init
 .init          0x000000000800c6c4        0x8 /opt/st/stm32cubeide_1.0.2/plugins/com.st.stm32cube.ide.mcu.externaltools.gnu-tools-for-stm32.7-2018-q2-update.linux64_1.0.0.201904181610/tools/bin/../lib/gcc/arm-none-eabi/7.3.1/thumb/v7e-m/fpv5/hard/crtn.o
 *(.fini)
 .fini          0x000000000800c6cc        0x4 /opt/st/stm32cubeide_1.0.2/plugins/com.st.stm32cube.ide.mcu.externaltools.gnu-tools-for-stm32.7-2018-q2-update.linux64_1.0.0.201904181610/tools/bin/../lib/gcc/arm-none-eabi/7.3.1/thumb/v7e-m/fpv5/hard/crti.o
                0x000000000800c6cc                _fini
 .fini          0x000000000800c6d0        0x8 /opt/st/stm32cubeide_1.0.2/plugins/com.st.stm32cube.ide.mcu.externaltools.gnu-tools-for-stm32.7-2018-q2-update.linux64_1.0.0.201904181610/tools/bin/../lib/gcc/arm-none-eabi/7.3.1/thumb/v7e-m/fpv5/hard/crtn.o
                0x000000000800c6d8                . = ALIGN (0x4)
                0x000000000800c6d8                _etext = .

.vfp11_veneer   0x000000000800c6d8        0x0
 .vfp11_veneer  0x000000000800c6d8        0x0 linker stubs

.v4_bx          0x000000000800c6d8        0x0
 .v4_bx         0x000000000800c6d8        0x0 linker stubs

.iplt           0x000000000800c6d8        0x0
 .iplt          0x000000000800c6d8        0x0 /opt/st/stm32cubeide_1.0.2/plugins/com.st.stm32cube.ide.mcu.externaltools.gnu-tools-for-stm32.7-2018-q2-update.linux64_1.0.0.201904181610/tools/bin/../lib/gcc/arm-none-eabi/7.3.1/thumb/v7e-m/fpv5/hard/crtbegin.o

.rodata         0x000000000800c6d8      0x140
                0x000000000800c6d8                . = ALIGN (0x4)
 *(.rodata)
 .rodata        0x000000000800c6d8        0x5 Middlewares/Third_Party/FreeRTOS/Source/tasks.o
 *fill*         0x000000000800c6dd        0x3 
 .rodata        0x000000000800c6e0       0x15 Src/buttonPressTask.o
 *fill*         0x000000000800c6f5        0x3 
 .rodata        0x000000000800c6f8       0x28 Src/main.o
 .rodata        0x000000000800c720       0x46 Src/usbd_desc.o
 *(.rodata*)
 *fill*         0x000000000800c766        0x2 
 .rodata.AHBPrescTable
                0x000000000800c768       0x10 Src/system_stm32f7xx.o
                0x000000000800c768                AHBPrescTable
 .rodata.APBPrescTable
                0x000000000800c778        0x8 Src/system_stm32f7xx.o
                0x000000000800c778                APBPrescTable
 .rodata._global_impure_ptr
                0x000000000800c780        0x4 /opt/st/stm32cubeide_1.0.2/plugins/com.st.stm32cube.ide.mcu.externaltools.gnu-tools-for-stm32.7-2018-q2-update.linux64_1.0.0.201904181610/tools/bin/../lib/gcc/arm-none-eabi/7.3.1/../../../../arm-none-eabi/lib/thumb/v7e-m/fpv5/hard/libc_nano.a(lib_a-impure.o)
                0x000000000800c780                _global_impure_ptr
 .rodata.__sf_fake_stderr
                0x000000000800c784       0x20 /opt/st/stm32cubeide_1.0.2/plugins/com.st.stm32cube.ide.mcu.externaltools.gnu-tools-for-stm32.7-2018-q2-update.linux64_1.0.0.201904181610/tools/bin/../lib/gcc/arm-none-eabi/7.3.1/../../../../arm-none-eabi/lib/thumb/v7e-m/fpv5/hard/libc_nano.a(lib_a-findfp.o)
                0x000000000800c784                __sf_fake_stderr
 .rodata.__sf_fake_stdin
                0x000000000800c7a4       0x20 /opt/st/stm32cubeide_1.0.2/plugins/com.st.stm32cube.ide.mcu.externaltools.gnu-tools-for-stm32.7-2018-q2-update.linux64_1.0.0.201904181610/tools/bin/../lib/gcc/arm-none-eabi/7.3.1/../../../../arm-none-eabi/lib/thumb/v7e-m/fpv5/hard/libc_nano.a(lib_a-findfp.o)
                0x000000000800c7a4                __sf_fake_stdin
 .rodata.__sf_fake_stdout
                0x000000000800c7c4       0x20 /opt/st/stm32cubeide_1.0.2/plugins/com.st.stm32cube.ide.mcu.externaltools.gnu-tools-for-stm32.7-2018-q2-update.linux64_1.0.0.201904181610/tools/bin/../lib/gcc/arm-none-eabi/7.3.1/../../../../arm-none-eabi/lib/thumb/v7e-m/fpv5/hard/libc_nano.a(lib_a-findfp.o)
                0x000000000800c7c4                __sf_fake_stdout
 .rodata._vfprintf_r.str1.1
                0x000000000800c7e4       0x11 /opt/st/stm32cubeide_1.0.2/plugins/com.st.stm32cube.ide.mcu.externaltools.gnu-tools-for-stm32.7-2018-q2-update.linux64_1.0.0.201904181610/tools/bin/../lib/gcc/arm-none-eabi/7.3.1/../../../../arm-none-eabi/lib/thumb/v7e-m/fpv5/hard/libc_nano.a(lib_a-nano-vfprintf.o)
 .rodata._printf_i.str1.1
                0x000000000800c7f5       0x22 /opt/st/stm32cubeide_1.0.2/plugins/com.st.stm32cube.ide.mcu.externaltools.gnu-tools-for-stm32.7-2018-q2-update.linux64_1.0.0.201904181610/tools/bin/../lib/gcc/arm-none-eabi/7.3.1/../../../../arm-none-eabi/lib/thumb/v7e-m/fpv5/hard/libc_nano.a(lib_a-nano-vfprintf_i.o)
                0x000000000800c818                . = ALIGN (0x4)
 *fill*         0x000000000800c817        0x1 

.ARM.extab      0x000000000800c818        0x0
                0x000000000800c818                . = ALIGN (0x4)
 *(.ARM.extab* .gnu.linkonce.armextab.*)
                0x000000000800c818                . = ALIGN (0x4)

.ARM            0x000000000800c818        0x8
                0x000000000800c818                . = ALIGN (0x4)
                0x000000000800c818                __exidx_start = .
 *(.ARM.exidx*)
 .ARM.exidx     0x000000000800c818        0x8 /opt/st/stm32cubeide_1.0.2/plugins/com.st.stm32cube.ide.mcu.externaltools.gnu-tools-for-stm32.7-2018-q2-update.linux64_1.0.0.201904181610/tools/bin/../lib/gcc/arm-none-eabi/7.3.1/thumb/v7e-m/fpv5/hard/libgcc.a(_udivmoddi4.o)
                0x000000000800c820                __exidx_end = .
                0x000000000800c820                . = ALIGN (0x4)

.rel.dyn        0x000000000800c820        0x0
 .rel.iplt      0x000000000800c820        0x0 /opt/st/stm32cubeide_1.0.2/plugins/com.st.stm32cube.ide.mcu.externaltools.gnu-tools-for-stm32.7-2018-q2-update.linux64_1.0.0.201904181610/tools/bin/../lib/gcc/arm-none-eabi/7.3.1/thumb/v7e-m/fpv5/hard/crtbegin.o

.preinit_array  0x000000000800c820        0x0
                0x000000000800c820                . = ALIGN (0x4)
                0x000000000800c820                PROVIDE (__preinit_array_start = .)
 *(.preinit_array*)
                0x000000000800c820                PROVIDE (__preinit_array_end = .)
                0x000000000800c820                . = ALIGN (0x4)

.init_array     0x000000000800c820        0x4
                0x000000000800c820                . = ALIGN (0x4)
                0x000000000800c820                PROVIDE (__init_array_start = .)
 *(SORT_BY_NAME(.init_array.*))
 *(.init_array*)
 .init_array    0x000000000800c820        0x4 /opt/st/stm32cubeide_1.0.2/plugins/com.st.stm32cube.ide.mcu.externaltools.gnu-tools-for-stm32.7-2018-q2-update.linux64_1.0.0.201904181610/tools/bin/../lib/gcc/arm-none-eabi/7.3.1/thumb/v7e-m/fpv5/hard/crtbegin.o
                0x000000000800c824                PROVIDE (__init_array_end = .)
                0x000000000800c824                . = ALIGN (0x4)

.fini_array     0x000000000800c824        0x4
                0x000000000800c824                . = ALIGN (0x4)
                [!provide]                        PROVIDE (__fini_array_start = .)
 *(SORT_BY_NAME(.fini_array.*))
 *(.fini_array*)
 .fini_array    0x000000000800c824        0x4 /opt/st/stm32cubeide_1.0.2/plugins/com.st.stm32cube.ide.mcu.externaltools.gnu-tools-for-stm32.7-2018-q2-update.linux64_1.0.0.201904181610/tools/bin/../lib/gcc/arm-none-eabi/7.3.1/thumb/v7e-m/fpv5/hard/crtbegin.o
                [!provide]                        PROVIDE (__fini_array_end = .)
                0x000000000800c828                . = ALIGN (0x4)
                0x000000000800c828                _sidata = LOADADDR (.data)

.data           0x0000000020000000      0x1f0 load address 0x000000000800c828
                0x0000000020000000                . = ALIGN (0x4)
                0x0000000020000000                _sdata = .
 *(.data)
 *(.data*)
 .data.uwTickFreq
                0x0000000020000000        0x1 Drivers/STM32F7xx_HAL_Driver/Src/stm32f7xx_hal.o
                0x0000000020000000                uwTickFreq
 *fill*         0x0000000020000001        0x3 
 .data.USBD_CDC_DeviceQualifierDesc
                0x0000000020000004        0xa Middlewares/ST/STM32_USB_Device_Library/Class/CDC/Src/usbd_cdc.o
 *fill*         0x000000002000000e        0x2 
 .data.USBD_CDC
                0x0000000020000010       0x38 Middlewares/ST/STM32_USB_Device_Library/Class/CDC/Src/usbd_cdc.o
                0x0000000020000010                USBD_CDC
 .data.USBD_CDC_CfgHSDesc
                0x0000000020000048       0x43 Middlewares/ST/STM32_USB_Device_Library/Class/CDC/Src/usbd_cdc.o
                0x0000000020000048                USBD_CDC_CfgHSDesc
 *fill*         0x000000002000008b        0x1 
 .data.USBD_CDC_CfgFSDesc
                0x000000002000008c       0x43 Middlewares/ST/STM32_USB_Device_Library/Class/CDC/Src/usbd_cdc.o
                0x000000002000008c                USBD_CDC_CfgFSDesc
 *fill*         0x00000000200000cf        0x1 
 .data.USBD_CDC_OtherSpeedCfgDesc
                0x00000000200000d0       0x43 Middlewares/ST/STM32_USB_Device_Library/Class/CDC/Src/usbd_cdc.o
                0x00000000200000d0                USBD_CDC_OtherSpeedCfgDesc
 *fill*         0x0000000020000113        0x1 
 .data.uxCriticalNesting
                0x0000000020000114        0x4 Middlewares/Third_Party/FreeRTOS/Source/portable/GCC/ARM_CM7/r0p1/port.o
 .data.SystemCoreClock
                0x0000000020000118        0x4 Src/system_stm32f7xx.o
                0x0000000020000118                SystemCoreClock
 .data.USBD_Interface_fops_FS
                0x000000002000011c       0x10 Src/usbd_cdc_if.o
                0x000000002000011c                USBD_Interface_fops_FS
 .data.FS_Desc  0x000000002000012c       0x20 Src/usbd_desc.o
                0x000000002000012c                FS_Desc
 .data.USBD_FS_DeviceDesc
                0x000000002000014c       0x12 Src/usbd_desc.o
                0x000000002000014c                USBD_FS_DeviceDesc
 *fill*         0x000000002000015e        0x2 
 .data.USBD_FS_BOSDesc
                0x0000000020000160        0xc Src/usbd_desc.o
                0x0000000020000160                USBD_FS_BOSDesc
 .data.USBD_LangIDDesc
                0x000000002000016c        0x4 Src/usbd_desc.o
                0x000000002000016c                USBD_LangIDDesc
 .data.USBD_StringSerial
                0x0000000020000170       0x1a Src/usbd_desc.o
                0x0000000020000170                USBD_StringSerial
 *fill*         0x000000002000018a        0x2 
 .data._impure_ptr
                0x000000002000018c        0x4 /opt/st/stm32cubeide_1.0.2/plugins/com.st.stm32cube.ide.mcu.externaltools.gnu-tools-for-stm32.7-2018-q2-update.linux64_1.0.0.201904181610/tools/bin/../lib/gcc/arm-none-eabi/7.3.1/../../../../arm-none-eabi/lib/thumb/v7e-m/fpv5/hard/libc_nano.a(lib_a-impure.o)
                0x000000002000018c                _impure_ptr
 .data.impure_data
                0x0000000020000190       0x60 /opt/st/stm32cubeide_1.0.2/plugins/com.st.stm32cube.ide.mcu.externaltools.gnu-tools-for-stm32.7-2018-q2-update.linux64_1.0.0.201904181610/tools/bin/../lib/gcc/arm-none-eabi/7.3.1/../../../../arm-none-eabi/lib/thumb/v7e-m/fpv5/hard/libc_nano.a(lib_a-impure.o)
                0x00000000200001f0                . = ALIGN (0x4)