stm32f7xx_it.c:77:6:NMI_Handler	0	static
stm32f7xx_it.c:90:6:HardFault_Handler	0	static
stm32f7xx_it.c:105:6:MemManage_Handler	0	static
stm32f7xx_it.c:120:6:BusFault_Handler	0	static
stm32f7xx_it.c:135:6:UsageFault_Handler	0	static
stm32f7xx_it.c:150:6:DebugMon_Handler	0	static
stm32f7xx_it.c:170:6:ADC_IRQHandler	16	static,ignoring_inline_asm
stm32f7xx_it.c:190:6:TIM1_UP_TIM10_IRQHandler	0	static
stm32f7xx_it.c:204:6:EXTI15_10_IRQHandler	16	static,ignoring_inline_asm
stm32f7xx_it.c:223:6:TIM7_IRQHandler	8	static
stm32f7xx_it.c:237:6:OTG_FS_IRQHandler	0	static
