Archive member included to satisfy reference by file (symbol)

/opt/st/stm32cubeide_1.0.2/plugins/com.st.stm32cube.ide.mcu.externaltools.gnu-tools-for-stm32.7-2018-q2-update.linux64_1.0.0.201904181610/tools/bin/../lib/gcc/arm-none-eabi/7.3.1/../../../../arm-none-eabi/lib/thumb/v7e-m/fpv5/hard/libc_nano.a(lib_a-errno.o)
                              Src/syscalls.o (__errno)
/opt/st/stm32cubeide_1.0.2/plugins/com.st.stm32cube.ide.mcu.externaltools.gnu-tools-for-stm32.7-2018-q2-update.linux64_1.0.0.201904181610/tools/bin/../lib/gcc/arm-none-eabi/7.3.1/../../../../arm-none-eabi/lib/thumb/v7e-m/fpv5/hard/libc_nano.a(lib_a-exit.o)
                              /opt/st/stm32cubeide_1.0.2/plugins/com.st.stm32cube.ide.mcu.externaltools.gnu-tools-for-stm32.7-2018-q2-update.linux64_1.0.0.201904181610/tools/bin/../lib/gcc/arm-none-eabi/7.3.1/../../../../arm-none-eabi/lib/thumb/v7e-m/fpv5/hard/crt0.o (exit)
/opt/st/stm32cubeide_1.0.2/plugins/com.st.stm32cube.ide.mcu.externaltools.gnu-tools-for-stm32.7-2018-q2-update.linux64_1.0.0.201904181610/tools/bin/../lib/gcc/arm-none-eabi/7.3.1/../../../../arm-none-eabi/lib/thumb/v7e-m/fpv5/hard/libc_nano.a(lib_a-impure.o)
                              /opt/st/stm32cubeide_1.0.2/plugins/com.st.stm32cube.ide.mcu.externaltools.gnu-tools-for-stm32.7-2018-q2-update.linux64_1.0.0.201904181610/tools/bin/../lib/gcc/arm-none-eabi/7.3.1/../../../../arm-none-eabi/lib/thumb/v7e-m/fpv5/hard/libc_nano.a(lib_a-exit.o) (_global_impure_ptr)
/opt/st/stm32cubeide_1.0.2/plugins/com.st.stm32cube.ide.mcu.externaltools.gnu-tools-for-stm32.7-2018-q2-update.linux64_1.0.0.201904181610/tools/bin/../lib/gcc/arm-none-eabi/7.3.1/../../../../arm-none-eabi/lib/thumb/v7e-m/fpv5/hard/libc_nano.a(lib_a-init.o)
                              /opt/st/stm32cubeide_1.0.2/plugins/com.st.stm32cube.ide.mcu.externaltools.gnu-tools-for-stm32.7-2018-q2-update.linux64_1.0.0.201904181610/tools/bin/../lib/gcc/arm-none-eabi/7.3.1/../../../../arm-none-eabi/lib/thumb/v7e-m/fpv5/hard/crt0.o (__libc_init_array)
/opt/st/stm32cubeide_1.0.2/plugins/com.st.stm32cube.ide.mcu.externaltools.gnu-tools-for-stm32.7-2018-q2-update.linux64_1.0.0.201904181610/tools/bin/../lib/gcc/arm-none-eabi/7.3.1/../../../../arm-none-eabi/lib/thumb/v7e-m/fpv5/hard/libc_nano.a(lib_a-malloc.o)
                              Middlewares/ST/STM32_USB_Device_Library/Class/CDC/Src/usbd_cdc.o (malloc)
/opt/st/stm32cubeide_1.0.2/plugins/com.st.stm32cube.ide.mcu.externaltools.gnu-tools-for-stm32.7-2018-q2-update.linux64_1.0.0.201904181610/tools/bin/../lib/gcc/arm-none-eabi/7.3.1/../../../../arm-none-eabi/lib/thumb/v7e-m/fpv5/hard/libc_nano.a(lib_a-memcpy-stub.o)
                              Middlewares/Third_Party/FreeRTOS/Source/queue.o (memcpy)
/opt/st/stm32cubeide_1.0.2/plugins/com.st.stm32cube.ide.mcu.externaltools.gnu-tools-for-stm32.7-2018-q2-update.linux64_1.0.0.201904181610/tools/bin/../lib/gcc/arm-none-eabi/7.3.1/../../../../arm-none-eabi/lib/thumb/v7e-m/fpv5/hard/libc_nano.a(lib_a-memset.o)
                              /opt/st/stm32cubeide_1.0.2/plugins/com.st.stm32cube.ide.mcu.externaltools.gnu-tools-for-stm32.7-2018-q2-update.linux64_1.0.0.201904181610/tools/bin/../lib/gcc/arm-none-eabi/7.3.1/../../../../arm-none-eabi/lib/thumb/v7e-m/fpv5/hard/crt0.o (memset)
/opt/st/stm32cubeide_1.0.2/plugins/com.st.stm32cube.ide.mcu.externaltools.gnu-tools-for-stm32.7-2018-q2-update.linux64_1.0.0.201904181610/tools/bin/../lib/gcc/arm-none-eabi/7.3.1/../../../../arm-none-eabi/lib/thumb/v7e-m/fpv5/hard/libc_nano.a(lib_a-nano-freer.o)
                              /opt/st/stm32cubeide_1.0.2/plugins/com.st.stm32cube.ide.mcu.externaltools.gnu-tools-for-stm32.7-2018-q2-update.linux64_1.0.0.201904181610/tools/bin/../lib/gcc/arm-none-eabi/7.3.1/../../../../arm-none-eabi/lib/thumb/v7e-m/fpv5/hard/libc_nano.a(lib_a-malloc.o) (_free_r)
/opt/st/stm32cubeide_1.0.2/plugins/com.st.stm32cube.ide.mcu.externaltools.gnu-tools-for-stm32.7-2018-q2-update.linux64_1.0.0.201904181610/tools/bin/../lib/gcc/arm-none-eabi/7.3.1/../../../../arm-none-eabi/lib/thumb/v7e-m/fpv5/hard/libc_nano.a(lib_a-nano-mallocr.o)
                              /opt/st/stm32cubeide_1.0.2/plugins/com.st.stm32cube.ide.mcu.externaltools.gnu-tools-for-stm32.7-2018-q2-update.linux64_1.0.0.201904181610/tools/bin/../lib/gcc/arm-none-eabi/7.3.1/../../../../arm-none-eabi/lib/thumb/v7e-m/fpv5/hard/libc_nano.a(lib_a-malloc.o) (_malloc_r)
/opt/st/stm32cubeide_1.0.2/plugins/com.st.stm32cube.ide.mcu.externaltools.gnu-tools-for-stm32.7-2018-q2-update.linux64_1.0.0.201904181610/tools/bin/../lib/gcc/arm-none-eabi/7.3.1/../../../../arm-none-eabi/lib/thumb/v7e-m/fpv5/hard/libc_nano.a(lib_a-sbrkr.o)
                              /opt/st/stm32cubeide_1.0.2/plugins/com.st.stm32cube.ide.mcu.externaltools.gnu-tools-for-stm32.7-2018-q2-update.linux64_1.0.0.201904181610/tools/bin/../lib/gcc/arm-none-eabi/7.3.1/../../../../arm-none-eabi/lib/thumb/v7e-m/fpv5/hard/libc_nano.a(lib_a-nano-mallocr.o) (_sbrk_r)
[...]
Memory Configuration

Name             Origin             Length             Attributes
RAM              0x0000000020000000 0x0000000000080000 xrw
FLASH            0x0000000008000000 0x0000000000200000 xr
*default*        0x0000000000000000 0xffffffffffffffff

Linker script and memory map

LOAD /opt/st/stm32cubeide_1.0.2/plugins/com.st.stm32cube.ide.mcu.externaltools.gnu-tools-for-stm32.7-2018-q2-update.linux64_1.0.0.201904181610/tools/bin/../lib/gcc/arm-none-eabi/7.3.1/thumb/v7e-m/fpv5/hard/crti.o
LOAD /opt/st/stm32cubeide_1.0.2/plugins/com.st.stm32cube.ide.mcu.externaltools.gnu-tools-for-stm32.7-2018-q2-update.linux64_1.0.0.201904181610/tools/bin/../lib/gcc/arm-none-eabi/7.3.1/thumb/v7e-m/fpv5/hard/crtbegin.o
LOAD /opt/st/stm32cubeide_1.0.2/plugins/com.st.stm32cube.ide.mcu.externaltools.gnu-tools-for-stm32.7-2018-q2-update.linux64_1.0.0.201904181610/tools/bin/../lib/gcc/arm-none-eabi/7.3.1/../../../../arm-none-eabi/lib/thumb/v7e-m/fpv5/hard/crt0.o
LOAD Drivers/STM32F7xx_HAL_Driver/Src/stm32f7xx_hal.o
LOAD Drivers/STM32F7xx_HAL_Driver/Src/stm32f7xx_hal_adc.o
LOAD Drivers/STM32F7xx_HAL_Driver/Src/stm32f7xx_hal_adc_ex.o
LOAD Drivers/STM32F7xx_HAL_Driver/Src/stm32f7xx_hal_cortex.o
LOAD Drivers/STM32F7xx_HAL_Driver/Src/stm32f7xx_hal_dma.o
LOAD Drivers/STM32F7xx_HAL_Driver/Src/stm32f7xx_hal_dma_ex.o
LOAD Drivers/STM32F7xx_HAL_Driver/Src/stm32f7xx_hal_eth.o
LOAD Drivers/STM32F7xx_HAL_Driver/Src/stm32f7xx_hal_exti.o
LOAD Drivers/STM32F7xx_HAL_Driver/Src/stm32f7xx_hal_flash.o
LOAD Drivers/STM32F7xx_HAL_Driver/Src/stm32f7xx_hal_flash_ex.o
LOAD Drivers/STM32F7xx_HAL_Driver/Src/stm32f7xx_hal_gpio.o
LOAD Drivers/STM32F7xx_HAL_Driver/Src/stm32f7xx_hal_i2c.o
LOAD Drivers/STM32F7xx_HAL_Driver/Src/stm32f7xx_hal_i2c_ex.o
LOAD Drivers/STM32F7xx_HAL_Driver/Src/stm32f7xx_hal_pcd.o
LOAD Drivers/STM32F7xx_HAL_Driver/Src/stm32f7xx_hal_pcd_ex.o
LOAD Drivers/STM32F7xx_HAL_Driver/Src/stm32f7xx_hal_pwr.o
LOAD Drivers/STM32F7xx_HAL_Driver/Src/stm32f7xx_hal_pwr_ex.o
LOAD Drivers/STM32F7xx_HAL_Driver/Src/stm32f7xx_hal_rcc.o
LOAD Drivers/STM32F7xx_HAL_Driver/Src/stm32f7xx_hal_rcc_ex.o
LOAD Drivers/STM32F7xx_HAL_Driver/Src/stm32f7xx_hal_tim.o
LOAD Drivers/STM32F7xx_HAL_Driver/Src/stm32f7xx_hal_tim_ex.o
LOAD Drivers/STM32F7xx_HAL_Driver/Src/stm32f7xx_hal_uart.o
LOAD Drivers/STM32F7xx_HAL_Driver/Src/stm32f7xx_hal_uart_ex.o
LOAD Drivers/STM32F7xx_HAL_Driver/Src/stm32f7xx_ll_usb.o
LOAD Middlewares/ST/STM32_USB_Device_Library/Class/CDC/Src/usbd_cdc.o
LOAD Middlewares/ST/STM32_USB_Device_Library/Core/Src/usbd_core.o
LOAD Middlewares/ST/STM32_USB_Device_Library/Core/Src/usbd_ctlreq.o
LOAD Middlewares/ST/STM32_USB_Device_Library/Core/Src/usbd_ioreq.o
LOAD Middlewares/Third_Party/FreeRTOS/Source/CMSIS_RTOS/cmsis_os.o
LOAD Middlewares/Third_Party/FreeRTOS/Source/croutine.o
LOAD Middlewares/Third_Party/FreeRTOS/Source/event_groups.o
LOAD Middlewares/Third_Party/FreeRTOS/Source/list.o
LOAD Middlewares/Third_Party/FreeRTOS/Source/queue.o
LOAD Middlewares/Third_Party/FreeRTOS/Source/stream_buffer.o
LOAD Middlewares/Third_Party/FreeRTOS/Source/tasks.o
LOAD Middlewares/Third_Party/FreeRTOS/Source/timers.o
LOAD Middlewares/Third_Party/FreeRTOS/Source/portable/GCC/ARM_CM7/r0p1/port.o
LOAD Middlewares/Third_Party/FreeRTOS/Source/portable/MemMang/heap_4.o
LOAD Src/ADCtoUSB.o
LOAD Src/PeriodicPrintTask.o
LOAD Src/buttonPressTask.o
LOAD Src/freertos.o
LOAD Src/helperFunctions.o
LOAD Src/main.o
LOAD Src/stm32f7xx_hal_msp.o
LOAD Src/stm32f7xx_hal_timebase_tim.o
LOAD Src/stm32f7xx_it.o
LOAD Src/syscalls.o
LOAD Src/sysmem.o
LOAD Src/system_stm32f7xx.o
LOAD Src/usb_device.o
LOAD Src/usbd_cdc_if.o
LOAD Src/usbd_conf.o
LOAD Src/usbd_desc.o
LOAD Startup/startup_stm32f767zitx.o
START GROUP
LOAD /opt/st/stm32cubeide_1.0.2/plugins/com.st.stm32cube.ide.mcu.externaltools.gnu-tools-for-stm32.7-2018-q2-update.linux64_1.0.0.201904181610/tools/bin/../lib/gcc/arm-none-eabi/7.3.1/../../../../arm-none-eabi/lib/thumb/v7e-m/fpv5/hard/libc_nano.a
LOAD /opt/st/stm32cubeide_1.0.2/plugins/com.st.stm32cube.ide.mcu.externaltools.gnu-tools-for-stm32.7-2018-q2-update.linux64_1.0.0.201904181610/tools/bin/../lib/gcc/arm-none-eabi/7.3.1/../../../../arm-none-eabi/lib/thumb/v7e-m/fpv5/hard/libm.a
END GROUP
START GROUP
LOAD /opt/st/stm32cubeide_1.0.2/plugins/com.st.stm32cube.ide.mcu.externaltools.gnu-tools-for-stm32.7-2018-q2-update.linux64_1.0.0.201904181610/tools/bin/../lib/gcc/arm-none-eabi/7.3.1/thumb/v7e-m/fpv5/hard/libgcc.a
LOAD /opt/st/stm32cubeide_1.0.2/plugins/com.st.stm32cube.ide.mcu.externaltools.gnu-tools-for-stm32.7-2018-q2-update.linux64_1.0.0.201904181610/tools/bin/../lib/gcc/arm-none-eabi/7.3.1/../../../../arm-none-eabi/lib/thumb/v7e-m/fpv5/hard/libc_nano.a
END GROUP
START GROUP
LOAD /opt/st/stm32cubeide_1.0.2/plugins/com.st.stm32cube.ide.mcu.externaltools.gnu-tools-for-stm32.7-2018-q2-update.linux64_1.0.0.201904181610/tools/bin/../lib/gcc/arm-none-eabi/7.3.1/thumb/v7e-m/fpv5/hard/libgcc.a
LOAD /opt/st/stm32cubeide_1.0.2/plugins/com.st.stm32cube.ide.mcu.externaltools.gnu-tools-for-stm32.7-2018-q2-update.linux64_1.0.0.201904181610/tools/bin/../lib/gcc/arm-none-eabi/7.3.1/../../../../arm-none-eabi/lib/thumb/v7e-m/fpv5/hard/libc_nano.a
LOAD /opt/st/stm32cubeide_1.0.2/plugins/com.st.stm32cube.ide.mcu.externaltools.gnu-tools-for-stm32.7-2018-q2-update.linux64_1.0.0.201904181610/tools/bin/../lib/gcc/arm-none-eabi/7.3.1/../../../../arm-none-eabi/lib/thumb/v7e-m/fpv5/hard/libnosys.a
END GROUP
START GROUP
LOAD /opt/st/stm32cubeide_1.0.2/plugins/com.st.stm32cube.ide.mcu.externaltools.gnu-tools-for-stm32.7-2018-q2-update.linux64_1.0.0.201904181610/tools/bin/../lib/gcc/arm-none-eabi/7.3.1/thumb/v7e-m/fpv5/hard/libgcc.a
LOAD /opt/st/stm32cubeide_1.0.2/plugins/com.st.stm32cube.ide.mcu.externaltools.gnu-tools-for-stm32.7-2018-q2-update.linux64_1.0.0.201904181610/tools/bin/../lib/gcc/arm-none-eabi/7.3.1/../../../../arm-none-eabi/lib/thumb/v7e-m/fpv5/hard/libc_nano.a
LOAD /opt/st/stm32cubeide_1.0.2/plugins/com.st.stm32cube.ide.mcu.externaltools.gnu-tools-for-stm32.7-2018-q2-update.linux64_1.0.0.201904181610/tools/bin/../lib/gcc/arm-none-eabi/7.3.1/../../../../arm-none-eabi/lib/thumb/v7e-m/fpv5/hard/libnosys.a
END GROUP
LOAD /opt/st/stm32cubeide_1.0.2/plugins/com.st.stm32cube.ide.mcu.externaltools.gnu-tools-for-stm32.7-2018-q2-update.linux64_1.0.0.201904181610/tools/bin/../lib/gcc/arm-none-eabi/7.3.1/thumb/v7e-m/fpv5/hard/crtend.o
LOAD /opt/st/stm32cubeide_1.0.2/plugins/com.st.stm32cube.ide.mcu.externaltools.gnu-tools-for-stm32.7-2018-q2-update.linux64_1.0.0.201904181610/tools/bin/../lib/gcc/arm-none-eabi/7.3.1/thumb/v7e-m/fpv5/hard/crtn.o
                0x0000000020080000                _estack = 0x20080000
                0x0000000000000200                _Min_Heap_Size = 0x200
                0x0000000000000400                _Min_Stack_Size = 0x400

.isr_vector     0x0000000008000000      0x1f8
                0x0000000008000000                . = ALIGN (0x4)
 *(.isr_vector)
 .isr_vector    0x0000000008000000      0x1f8 Startup/startup_stm32f767zitx.o
                0x0000000008000000                g_pfnVectors
                0x00000000080001f8                . = ALIGN (0x4)

.text           0x0000000008000200     0x7190
                0x0000000008000200                . = ALIGN (0x4)
 *(.text)
 .text          0x0000000008000200       0x40 /opt/st/stm32cubeide_1.0.2/plugins/com.st.stm32cube.ide.mcu.externaltools.gnu-tools-for-stm32.7-2018-q2-update.linux64_1.0.0.201904181610/tools/bin/../lib/gcc/arm-none-eabi/7.3.1/thumb/v7e-m/fpv5/hard/crtbegin.o
 .text          0x0000000008000240       0x30 /opt/st/stm32cubeide_1.0.2/plugins/com.st.stm32cube.ide.mcu.externaltools.gnu-tools-for-stm32.7-2018-q2-update.linux64_1.0.0.201904181610/tools/bin/../lib/gcc/arm-none-eabi/7.3.1/thumb/v7e-m/fpv5/hard/libgcc.a(_aeabi_uldivmod.o)
                0x0000000008000240                __aeabi_uldivmod
 .text          0x0000000008000270      0x2cc /opt/st/stm32cubeide_1.0.2/plugins/com.st.stm32cube.ide.mcu.externaltools.gnu-tools-for-stm32.7-2018-q2-update.linux64_1.0.0.201904181610/tools/bin/../lib/gcc/arm-none-eabi/7.3.1/thumb/v7e-m/fpv5/hard/libgcc.a(_udivmoddi4.o)
                0x0000000008000270                __udivmoddi4
 .text          0x000000000800053c        0x4 /opt/st/stm32cubeide_1.0.2/plugins/com.st.stm32cube.ide.mcu.externaltools.gnu-tools-for-stm32.7-2018-q2-update.linux64_1.0.0.201904181610/tools/bin/../lib/gcc/arm-none-eabi/7.3.1/thumb/v7e-m/fpv5/hard/libgcc.a(_dvmd_tls.o)
                0x000000000800053c                __aeabi_ldiv0
                0x000000000800053c                __aeabi_idiv0
 *(.text*)
 .text.HAL_Init
                0x0000000008000540       0x18 Drivers/STM32F7xx_HAL_Driver/Src/stm32f7xx_hal.o
                0x0000000008000540                HAL_Init
 .text.HAL_IncTick
                0x0000000008000558       0x18 Drivers/STM32F7xx_HAL_Driver/Src/stm32f7xx_hal.o
                0x0000000008000558                HAL_IncTick
 .text.HAL_GetTick
                0x0000000008000570        0xc Drivers/STM32F7xx_HAL_Driver/Src/stm32f7xx_hal.o
                0x0000000008000570                HAL_GetTick
 .text.HAL_Delay
                0x000000000800057c       0x24 Drivers/STM32F7xx_HAL_Driver/Src/stm32f7xx_hal.o
                0x000000000800057c                HAL_Delay
 .text.HAL_ADC_Init
                0x00000000080005a0      0x16c Drivers/STM32F7xx_HAL_Driver/Src/stm32f7xx_hal_adc.o
                0x00000000080005a0                HAL_ADC_Init
 .text.HAL_ADC_Start_IT
                0x000000000800070c      0x120 Drivers/STM32F7xx_HAL_Driver/Src/stm32f7xx_hal_adc.o
                0x000000000800070c                HAL_ADC_Start_IT
 .text.HAL_ADC_GetValue
                0x000000000800082c        0x8 Drivers/STM32F7xx_HAL_Driver/Src/stm32f7xx_hal_adc.o
                0x000000000800082c                HAL_ADC_GetValue
 .text.HAL_ADC_ConvCpltCallback
                0x0000000008000834        0x4 Drivers/STM32F7xx_HAL_Driver/Src/stm32f7xx_hal_adc.o
                0x0000000008000834                HAL_ADC_ConvCpltCallback
 .text.HAL_ADC_LevelOutOfWindowCallback
                0x0000000008000838        0x4 Drivers/STM32F7xx_HAL_Driver/Src/stm32f7xx_hal_adc.o
                0x0000000008000838                HAL_ADC_LevelOutOfWindowCallback
 .text.HAL_ADC_ErrorCallback
                0x000000000800083c        0x4 Drivers/STM32F7xx_HAL_Driver/Src/stm32f7xx_hal_adc.o
                0x000000000800083c                HAL_ADC_ErrorCallback
 .text.HAL_ADC_IRQHandler
                0x0000000008000840      0x130 Drivers/STM32F7xx_HAL_Driver/Src/stm32f7xx_hal_adc.o
                0x0000000008000840                HAL_ADC_IRQHandler
 .text.HAL_ADC_ConfigChannel
                0x0000000008000970      0x168 Drivers/STM32F7xx_HAL_Driver/Src/stm32f7xx_hal_adc.o
                0x0000000008000970                HAL_ADC_ConfigChannel
 .text.HAL_ADCEx_InjectedConvCpltCallback
                0x0000000008000ad8        0x4 Drivers/STM32F7xx_HAL_Driver/Src/stm32f7xx_hal_adc_ex.o
                0x0000000008000ad8                HAL_ADCEx_InjectedConvCpltCallback
 .text.HAL_NVIC_SetPriorityGrouping
                0x0000000008000adc       0x28 Drivers/STM32F7xx_HAL_Driver/Src/stm32f7xx_hal_cortex.o
                0x0000000008000adc                HAL_NVIC_SetPriorityGrouping
 .text.HAL_NVIC_SetPriority
                0x0000000008000b04       0x6c Drivers/STM32F7xx_HAL_Driver/Src/stm32f7xx_hal_cortex.o
                0x0000000008000b04                HAL_NVIC_SetPriority
 .text.HAL_NVIC_EnableIRQ
                0x0000000008000b70       0x1c Drivers/STM32F7xx_HAL_Driver/Src/stm32f7xx_hal_cortex.o
                0x0000000008000b70                HAL_NVIC_EnableIRQ
 .text.ETH_MACDMAConfig
                0x0000000008000b8c      0x100 Drivers/STM32F7xx_HAL_Driver/Src/stm32f7xx_hal_eth.o
 .text.HAL_ETH_Init
                0x0000000008000c8c      0x3a0 Drivers/STM32F7xx_HAL_Driver/Src/stm32f7xx_hal_eth.o
                0x0000000008000c8c                HAL_ETH_Init
 .text.HAL_GPIO_Init
                0x000000000800102c      0x23c Drivers/STM32F7xx_HAL_Driver/Src/stm32f7xx_hal_gpio.o
                0x000000000800102c                HAL_GPIO_Init
 .text.HAL_GPIO_WritePin
                0x0000000008001268        0x8 Drivers/STM32F7xx_HAL_Driver/Src/stm32f7xx_hal_gpio.o
                0x0000000008001268                HAL_GPIO_WritePin
 .text.HAL_GPIO_TogglePin
                0x0000000008001270       0x10 Drivers/STM32F7xx_HAL_Driver/Src/stm32f7xx_hal_gpio.o
                0x0000000008001270                HAL_GPIO_TogglePin
 .text.HAL_GPIO_EXTI_Callback
                0x0000000008001280        0x4 Drivers/STM32F7xx_HAL_Driver/Src/stm32f7xx_hal_gpio.o
                0x0000000008001280                HAL_GPIO_EXTI_Callback
 .text.HAL_GPIO_EXTI_IRQHandler
                0x0000000008001284       0x18 Drivers/STM32F7xx_HAL_Driver/Src/stm32f7xx_hal_gpio.o
                0x0000000008001284                HAL_GPIO_EXTI_IRQHandler
 .text.HAL_PCD_Init
                0x000000000800129c      0x124 Drivers/STM32F7xx_HAL_Driver/Src/stm32f7xx_hal_pcd.o
                0x000000000800129c                HAL_PCD_Init
 .text.HAL_PCD_Start
                0x00000000080013c0       0x2c Drivers/STM32F7xx_HAL_Driver/Src/stm32f7xx_hal_pcd.o
                0x00000000080013c0                HAL_PCD_Start
 .text.HAL_PCD_IRQHandler
                0x00000000080013ec      0x710 Drivers/STM32F7xx_HAL_Driver/Src/stm32f7xx_hal_pcd.o
                0x00000000080013ec                HAL_PCD_IRQHandler
 .text.HAL_PCD_SetAddress
                0x0000000008001afc       0x28 Drivers/STM32F7xx_HAL_Driver/Src/stm32f7xx_hal_pcd.o
                0x0000000008001afc                HAL_PCD_SetAddress
 .text.HAL_PCD_EP_Open
                0x0000000008001b24       0x74 Drivers/STM32F7xx_HAL_Driver/Src/stm32f7xx_hal_pcd.o
                0x0000000008001b24                HAL_PCD_EP_Open
 .text.HAL_PCD_EP_Close
                0x0000000008001b98       0x68 Drivers/STM32F7xx_HAL_Driver/Src/stm32f7xx_hal_pcd.o
                0x0000000008001b98                HAL_PCD_EP_Close
 .text.HAL_PCD_EP_Receive
                0x0000000008001c00       0x50 Drivers/STM32F7xx_HAL_Driver/Src/stm32f7xx_hal_pcd.o
                0x0000000008001c00                HAL_PCD_EP_Receive
 .text.HAL_PCD_EP_GetRxCount
                0x0000000008001c50       0x14 Drivers/STM32F7xx_HAL_Driver/Src/stm32f7xx_hal_pcd.o
                0x0000000008001c50                HAL_PCD_EP_GetRxCount
 .text.HAL_PCD_EP_Transmit
                0x0000000008001c64       0x48 Drivers/STM32F7xx_HAL_Driver/Src/stm32f7xx_hal_pcd.o
                0x0000000008001c64                HAL_PCD_EP_Transmit
 .text.HAL_PCD_EP_SetStall
                0x0000000008001cac       0x88 Drivers/STM32F7xx_HAL_Driver/Src/stm32f7xx_hal_pcd.o
                0x0000000008001cac                HAL_PCD_EP_SetStall
 .text.HAL_PCD_EP_ClrStall
                0x0000000008001d34       0x78 Drivers/STM32F7xx_HAL_Driver/Src/stm32f7xx_hal_pcd.o
                0x0000000008001d34                HAL_PCD_EP_ClrStall
 .text.HAL_PCDEx_SetTxFiFo
                0x0000000008001dac       0x48 Drivers/STM32F7xx_HAL_Driver/Src/stm32f7xx_hal_pcd_ex.o
                0x0000000008001dac                HAL_PCDEx_SetTxFiFo
 .text.HAL_PCDEx_SetRxFiFo
                0x0000000008001df4        0x8 Drivers/STM32F7xx_HAL_Driver/Src/stm32f7xx_hal_pcd_ex.o
                0x0000000008001df4                HAL_PCDEx_SetRxFiFo
 .text.HAL_PCDEx_ActivateLPM
                0x0000000008001dfc       0x2c Drivers/STM32F7xx_HAL_Driver/Src/stm32f7xx_hal_pcd_ex.o
                0x0000000008001dfc                HAL_PCDEx_ActivateLPM
 .text.HAL_PWR_EnableBkUpAccess
                0x0000000008001e28       0x10 Drivers/STM32F7xx_HAL_Driver/Src/stm32f7xx_hal_pwr.o
                0x0000000008001e28                HAL_PWR_EnableBkUpAccess
 .text.HAL_RCC_OscConfig
                0x0000000008001e38      0x39c Drivers/STM32F7xx_HAL_Driver/Src/stm32f7xx_hal_rcc.o
                0x0000000008001e38                HAL_RCC_OscConfig
 .text.HAL_RCC_ClockConfig
                0x00000000080021d4      0x194 Drivers/STM32F7xx_HAL_Driver/Src/stm32f7xx_hal_rcc.o
                0x00000000080021d4                HAL_RCC_ClockConfig
 .text.HAL_RCC_GetSysClockFreq
                0x0000000008002368       0x68 Drivers/STM32F7xx_HAL_Driver/Src/stm32f7xx_hal_rcc.o
                0x0000000008002368                HAL_RCC_GetSysClockFreq
 .text.HAL_RCC_GetHCLKFreq
                0x00000000080023d0        0xc Drivers/STM32F7xx_HAL_Driver/Src/stm32f7xx_hal_rcc.o
                0x00000000080023d0                HAL_RCC_GetHCLKFreq
 .text.HAL_RCC_GetPCLK1Freq
                0x00000000080023dc       0x20 Drivers/STM32F7xx_HAL_Driver/Src/stm32f7xx_hal_rcc.o
                0x00000000080023dc                HAL_RCC_GetPCLK1Freq
 .text.HAL_RCC_GetPCLK2Freq
                0x00000000080023fc       0x20 Drivers/STM32F7xx_HAL_Driver/Src/stm32f7xx_hal_rcc.o
                0x00000000080023fc                HAL_RCC_GetPCLK2Freq
 .text.HAL_RCC_GetClockConfig
                0x000000000800241c       0x44 Drivers/STM32F7xx_HAL_Driver/Src/stm32f7xx_hal_rcc.o
                0x000000000800241c                HAL_RCC_GetClockConfig
 .text.HAL_RCCEx_PeriphCLKConfig
                0x0000000008002460      0x588 Drivers/STM32F7xx_HAL_Driver/Src/stm32f7xx_hal_rcc_ex.o
                0x0000000008002460                HAL_RCCEx_PeriphCLKConfig
 .text.HAL_TIM_Base_Init
                0x00000000080029e8      0x108 Drivers/STM32F7xx_HAL_Driver/Src/stm32f7xx_hal_tim.o
                0x00000000080029e8                HAL_TIM_Base_Init
 .text.HAL_TIM_Base_Start_IT
                0x0000000008002af0       0x2c Drivers/STM32F7xx_HAL_Driver/Src/stm32f7xx_hal_tim.o
                0x0000000008002af0                HAL_TIM_Base_Start_IT
 .text.HAL_TIM_OC_DelayElapsedCallback
                0x0000000008002b1c        0x4 Drivers/STM32F7xx_HAL_Driver/Src/stm32f7xx_hal_tim.o
                0x0000000008002b1c                HAL_TIM_OC_DelayElapsedCallback
 .text.HAL_TIM_IC_CaptureCallback
                0x0000000008002b20        0x4 Drivers/STM32F7xx_HAL_Driver/Src/stm32f7xx_hal_tim.o
                0x0000000008002b20                HAL_TIM_IC_CaptureCallback
 .text.HAL_TIM_PWM_PulseFinishedCallback
                0x0000000008002b24        0x4 Drivers/STM32F7xx_HAL_Driver/Src/stm32f7xx_hal_tim.o
                0x0000000008002b24                HAL_TIM_PWM_PulseFinishedCallback
 .text.HAL_TIM_TriggerCallback
                0x0000000008002b28        0x4 Drivers/STM32F7xx_HAL_Driver/Src/stm32f7xx_hal_tim.o
                0x0000000008002b28                HAL_TIM_TriggerCallback
 .text.HAL_TIM_IRQHandler
                0x0000000008002b2c      0x170 Drivers/STM32F7xx_HAL_Driver/Src/stm32f7xx_hal_tim.o
                0x0000000008002b2c                HAL_TIM_IRQHandler
 .text.HAL_TIMEx_MasterConfigSynchronization
                0x0000000008002c9c       0x60 Drivers/STM32F7xx_HAL_Driver/Src/stm32f7xx_hal_tim_ex.o
                0x0000000008002c9c                HAL_TIMEx_MasterConfigSynchronization
 .text.HAL_TIMEx_CommutCallback
                0x0000000008002cfc        0x4 Drivers/STM32F7xx_HAL_Driver/Src/stm32f7xx_hal_tim_ex.o
                0x0000000008002cfc                HAL_TIMEx_CommutCallback
 .text.HAL_TIMEx_BreakCallback
                0x0000000008002d00        0x4 Drivers/STM32F7xx_HAL_Driver/Src/stm32f7xx_hal_tim_ex.o
                0x0000000008002d00                HAL_TIMEx_BreakCallback
 .text.HAL_TIMEx_Break2Callback
                0x0000000008002d04        0x4 Drivers/STM32F7xx_HAL_Driver/Src/stm32f7xx_hal_tim_ex.o
                0x0000000008002d04                HAL_TIMEx_Break2Callback
 .text.UART_AdvFeatureConfig
                0x0000000008002d08       0xb0 Drivers/STM32F7xx_HAL_Driver/Src/stm32f7xx_hal_uart.o
                0x0000000008002d08                UART_AdvFeatureConfig
 .text.HAL_UART_Init
                0x0000000008002db8      0x3a8 Drivers/STM32F7xx_HAL_Driver/Src/stm32f7xx_hal_uart.o
                0x0000000008002db8                HAL_UART_Init
 .text.USB_CoreInit
                0x0000000008003160       0xd0 Drivers/STM32F7xx_HAL_Driver/Src/stm32f7xx_ll_usb.o
                0x0000000008003160                USB_CoreInit
 .text.USB_SetTurnaroundTime
                0x0000000008003230      0x100 Drivers/STM32F7xx_HAL_Driver/Src/stm32f7xx_ll_usb.o
                0x0000000008003230                USB_SetTurnaroundTime
 .text.USB_EnableGlobalInt
                0x0000000008003330       0x10 Drivers/STM32F7xx_HAL_Driver/Src/stm32f7xx_ll_usb.o
                0x0000000008003330                USB_EnableGlobalInt
 .text.USB_DisableGlobalInt
                0x0000000008003340       0x10 Drivers/STM32F7xx_HAL_Driver/Src/stm32f7xx_ll_usb.o
                0x0000000008003340                USB_DisableGlobalInt
 .text.USB_SetCurrentMode
                0x0000000008003350       0x30 Drivers/STM32F7xx_HAL_Driver/Src/stm32f7xx_ll_usb.o
                0x0000000008003350                USB_SetCurrentMode
 .text.USB_DevInit
                0x0000000008003380      0x1fc Drivers/STM32F7xx_HAL_Driver/Src/stm32f7xx_ll_usb.o
                0x0000000008003380                USB_DevInit
 .text.USB_FlushTxFifo
                0x000000000800357c       0x24 Drivers/STM32F7xx_HAL_Driver/Src/stm32f7xx_ll_usb.o
                0x000000000800357c                USB_FlushTxFifo
 .text.USB_GetDevSpeed
                0x00000000080035a0       0x18 Drivers/STM32F7xx_HAL_Driver/Src/stm32f7xx_ll_usb.o
                0x00000000080035a0                USB_GetDevSpeed
 .text.USB_ActivateEndpoint
                0x00000000080035b8       0x84 Drivers/STM32F7xx_HAL_Driver/Src/stm32f7xx_ll_usb.o
                0x00000000080035b8                USB_ActivateEndpoint
 .text.USB_DeactivateEndpoint
                0x000000000800363c       0x68 Drivers/STM32F7xx_HAL_Driver/Src/stm32f7xx_ll_usb.o
                0x000000000800363c                USB_DeactivateEndpoint
 .text.USB_EPStartXfer
                0x00000000080036a4      0x204 Drivers/STM32F7xx_HAL_Driver/Src/stm32f7xx_ll_usb.o
                0x00000000080036a4                USB_EPStartXfer
 .text.USB_EP0StartXfer
                0x00000000080038a8      0x118 Drivers/STM32F7xx_HAL_Driver/Src/stm32f7xx_ll_usb.o
                0x00000000080038a8                USB_EP0StartXfer
 .text.USB_WritePacket
                0x00000000080039c0       0x2c Drivers/STM32F7xx_HAL_Driver/Src/stm32f7xx_ll_usb.o
                0x00000000080039c0                USB_WritePacket
 .text.USB_ReadPacket
                0x00000000080039ec       0x28 Drivers/STM32F7xx_HAL_Driver/Src/stm32f7xx_ll_usb.o
                0x00000000080039ec                USB_ReadPacket
 .text.USB_EPSetStall
                0x0000000008003a14       0x60 Drivers/STM32F7xx_HAL_Driver/Src/stm32f7xx_ll_usb.o
                0x0000000008003a14                USB_EPSetStall
 .text.USB_EPClearStall
                0x0000000008003a74       0x58 Drivers/STM32F7xx_HAL_Driver/Src/stm32f7xx_ll_usb.o
                0x0000000008003a74                USB_EPClearStall
 .text.USB_SetDevAddress
                0x0000000008003acc       0x24 Drivers/STM32F7xx_HAL_Driver/Src/stm32f7xx_ll_usb.o
                0x0000000008003acc                USB_SetDevAddress
 .text.USB_DevConnect
                0x0000000008003af0       0x18 Drivers/STM32F7xx_HAL_Driver/Src/stm32f7xx_ll_usb.o
                0x0000000008003af0                USB_DevConnect
 .text.USB_DevDisconnect
                0x0000000008003b08       0x18 Drivers/STM32F7xx_HAL_Driver/Src/stm32f7xx_ll_usb.o
                0x0000000008003b08                USB_DevDisconnect
 .text.USB_ReadInterrupts
                0x0000000008003b20        0x8 Drivers/STM32F7xx_HAL_Driver/Src/stm32f7xx_ll_usb.o
                0x0000000008003b20                USB_ReadInterrupts
 .text.USB_ReadDevAllOutEpInterrupt
                0x0000000008003b28       0x10 Drivers/STM32F7xx_HAL_Driver/Src/stm32f7xx_ll_usb.o
                0x0000000008003b28                USB_ReadDevAllOutEpInterrupt
 .text.USB_ReadDevAllInEpInterrupt
                0x0000000008003b38       0x10 Drivers/STM32F7xx_HAL_Driver/Src/stm32f7xx_ll_usb.o
                0x0000000008003b38                USB_ReadDevAllInEpInterrupt
 .text.USB_ReadDevOutEPInterrupt
                0x0000000008003b48       0x14 Drivers/STM32F7xx_HAL_Driver/Src/stm32f7xx_ll_usb.o
                0x0000000008003b48                USB_ReadDevOutEPInterrupt
 .text.USB_ReadDevInEPInterrupt
                0x0000000008003b5c       0x28 Drivers/STM32F7xx_HAL_Driver/Src/stm32f7xx_ll_usb.o
                0x0000000008003b5c                USB_ReadDevInEPInterrupt
 .text.USB_GetMode
                0x0000000008003b84        0x8 Drivers/STM32F7xx_HAL_Driver/Src/stm32f7xx_ll_usb.o
                0x0000000008003b84                USB_GetMode
 .text.USB_ActivateSetup
                0x0000000008003b8c       0x38 Drivers/STM32F7xx_HAL_Driver/Src/stm32f7xx_ll_usb.o
                0x0000000008003b8c                USB_ActivateSetup
 .text.USB_EP0_OutStart
                0x0000000008003bc4       0x50 Drivers/STM32F7xx_HAL_Driver/Src/stm32f7xx_ll_usb.o
                0x0000000008003bc4                USB_EP0_OutStart
 .text.USBD_CDC_EP0_RxReady
                0x0000000008003c14       0x2c Middlewares/ST/STM32_USB_Device_Library/Class/CDC/Src/usbd_cdc.o
 .text.USBD_CDC_GetFSCfgDesc
                0x0000000008003c40        0xc Middlewares/ST/STM32_USB_Device_Library/Class/CDC/Src/usbd_cdc.o
 .text.USBD_CDC_GetHSCfgDesc
                0x0000000008003c4c        0xc Middlewares/ST/STM32_USB_Device_Library/Class/CDC/Src/usbd_cdc.o
 .text.USBD_CDC_GetOtherSpeedCfgDesc
                0x0000000008003c58        0xc Middlewares/ST/STM32_USB_Device_Library/Class/CDC/Src/usbd_cdc.o
 .text.USBD_CDC_GetDeviceQualifierDescriptor
                0x0000000008003c64        0xc Middlewares/ST/STM32_USB_Device_Library/Class/CDC/Src/usbd_cdc.o
                0x0000000008003c64                USBD_CDC_GetDeviceQualifierDescriptor
 .text.USBD_CDC_DataOut
                0x0000000008003c70       0x30 Middlewares/ST/STM32_USB_Device_Library/Class/CDC/Src/usbd_cdc.o
 .text.USBD_CDC_DataIn
                0x0000000008003ca0       0x48 Middlewares/ST/STM32_USB_Device_Library/Class/CDC/Src/usbd_cdc.o
 .text.USBD_CDC_Setup
                0x0000000008003ce8       0xc8 Middlewares/ST/STM32_USB_Device_Library/Class/CDC/Src/usbd_cdc.o
 .text.USBD_CDC_DeInit
                0x0000000008003db0       0x44 Middlewares/ST/STM32_USB_Device_Library/Class/CDC/Src/usbd_cdc.o
 .text.USBD_CDC_Init
                0x0000000008003df4       0xac Middlewares/ST/STM32_USB_Device_Library/Class/CDC/Src/usbd_cdc.o
 .text.USBD_CDC_RegisterInterface
                0x0000000008003ea0       0x10 Middlewares/ST/STM32_USB_Device_Library/Class/CDC/Src/usbd_cdc.o
                0x0000000008003ea0                USBD_CDC_RegisterInterface
 .text.USBD_CDC_SetTxBuffer
                0x0000000008003eb0       0x10 Middlewares/ST/STM32_USB_Device_Library/Class/CDC/Src/usbd_cdc.o
                0x0000000008003eb0                USBD_CDC_SetTxBuffer
 .text.USBD_CDC_SetRxBuffer
                0x0000000008003ec0        0xc Middlewares/ST/STM32_USB_Device_Library/Class/CDC/Src/usbd_cdc.o
                0x0000000008003ec0                USBD_CDC_SetRxBuffer
 .text.USBD_CDC_TransmitPacket
                0x0000000008003ecc       0x34 Middlewares/ST/STM32_USB_Device_Library/Class/CDC/Src/usbd_cdc.o
                0x0000000008003ecc                USBD_CDC_TransmitPacket
 .text.USBD_CDC_ReceivePacket
                0x0000000008003f00       0x30 Middlewares/ST/STM32_USB_Device_Library/Class/CDC/Src/usbd_cdc.o
                0x0000000008003f00                USBD_CDC_ReceivePacket
 .text.USBD_Init
                0x0000000008003f30       0x2c Middlewares/ST/STM32_USB_Device_Library/Core/Src/usbd_core.o
                0x0000000008003f30                USBD_Init
 .text.USBD_RegisterClass
                0x0000000008003f5c       0x10 Middlewares/ST/STM32_USB_Device_Library/Core/Src/usbd_core.o
                0x0000000008003f5c                USBD_RegisterClass
 .text.USBD_Start
                0x0000000008003f6c        0xc Middlewares/ST/STM32_USB_Device_Library/Core/Src/usbd_core.o
                0x0000000008003f6c                USBD_Start
 .text.USBD_SetClassConfig
                0x0000000008003f78       0x14 Middlewares/ST/STM32_USB_Device_Library/Core/Src/usbd_core.o
                0x0000000008003f78                USBD_SetClassConfig
 .text.USBD_ClrClassConfig
                0x0000000008003f8c       0x10 Middlewares/ST/STM32_USB_Device_Library/Core/Src/usbd_core.o
                0x0000000008003f8c                USBD_ClrClassConfig
 .text.USBD_LL_SetupStage
                0x0000000008003f9c       0x60 Middlewares/ST/STM32_USB_Device_Library/Core/Src/usbd_core.o
                0x0000000008003f9c                USBD_LL_SetupStage
 .text.USBD_LL_DataOutStage
                0x0000000008003ffc       0x80 Middlewares/ST/STM32_USB_Device_Library/Core/Src/usbd_core.o
                0x0000000008003ffc                USBD_LL_DataOutStage
 .text.USBD_LL_DataInStage
                0x000000000800407c       0xb4 Middlewares/ST/STM32_USB_Device_Library/Core/Src/usbd_core.o
                0x000000000800407c                USBD_LL_DataInStage
 .text.USBD_LL_Reset
                0x0000000008004130       0x50 Middlewares/ST/STM32_USB_Device_Library/Core/Src/usbd_core.o
                0x0000000008004130                USBD_LL_Reset
 .text.USBD_LL_SetSpeed
                0x0000000008004180        0x8 Middlewares/ST/STM32_USB_Device_Library/Core/Src/usbd_core.o
                0x0000000008004180                USBD_LL_SetSpeed
 .text.USBD_LL_Suspend
                0x0000000008004188       0x14 Middlewares/ST/STM32_USB_Device_Library/Core/Src/usbd_core.o
                0x0000000008004188                USBD_LL_Suspend
 .text.USBD_LL_Resume
                0x000000000800419c       0x10 Middlewares/ST/STM32_USB_Device_Library/Core/Src/usbd_core.o
                0x000000000800419c                USBD_LL_Resume
 .text.USBD_LL_SOF
                0x00000000080041ac       0x1c Middlewares/ST/STM32_USB_Device_Library/Core/Src/usbd_core.o
                0x00000000080041ac                USBD_LL_SOF
 .text.USBD_LL_IsoINIncomplete
                0x00000000080041c8        0x4 Middlewares/ST/STM32_USB_Device_Library/Core/Src/usbd_core.o
                0x00000000080041c8                USBD_LL_IsoINIncomplete
 .text.USBD_LL_IsoOUTIncomplete
                0x00000000080041cc        0x4 Middlewares/ST/STM32_USB_Device_Library/Core/Src/usbd_core.o
                0x00000000080041cc                USBD_LL_IsoOUTIncomplete
 .text.USBD_LL_DevConnected
                0x00000000080041d0        0x4 Middlewares/ST/STM32_USB_Device_Library/Core/Src/usbd_core.o
                0x00000000080041d0                USBD_LL_DevConnected
 .text.USBD_LL_DevDisconnected
                0x00000000080041d4       0x18 Middlewares/ST/STM32_USB_Device_Library/Core/Src/usbd_core.o
                0x00000000080041d4                USBD_LL_DevDisconnected
 .text.USBD_StdDevReq
                0x00000000080041ec      0x334 Middlewares/ST/STM32_USB_Device_Library/Core/Src/usbd_ctlreq.o
                0x00000000080041ec                USBD_StdDevReq
 .text.USBD_StdItfReq
                0x0000000008004520       0x58 Middlewares/ST/STM32_USB_Device_Library/Core/Src/usbd_ctlreq.o
                0x0000000008004520                USBD_StdItfReq
 .text.USBD_StdEPReq
                0x0000000008004578      0x130 Middlewares/ST/STM32_USB_Device_Library/Core/Src/usbd_ctlreq.o
                0x0000000008004578                USBD_StdEPReq
 .text.USBD_ParseSetupRequest
                0x00000000080046a8       0x28 Middlewares/ST/STM32_USB_Device_Library/Core/Src/usbd_ctlreq.o
                0x00000000080046a8                USBD_ParseSetupRequest
 .text.USBD_CtlError
                0x00000000080046d0       0x18 Middlewares/ST/STM32_USB_Device_Library/Core/Src/usbd_ctlreq.o
                0x00000000080046d0                USBD_CtlError
 .text.USBD_GetString
                0x00000000080046e8       0x4c Middlewares/ST/STM32_USB_Device_Library/Core/Src/usbd_ctlreq.o
                0x00000000080046e8                USBD_GetString
 .text.USBD_CtlSendData
                0x0000000008004734       0x1c Middlewares/ST/STM32_USB_Device_Library/Core/Src/usbd_ioreq.o
                0x0000000008004734                USBD_CtlSendData
 .text.USBD_CtlContinueSendData
                0x0000000008004750       0x10 Middlewares/ST/STM32_USB_Device_Library/Core/Src/usbd_ioreq.o
                0x0000000008004750                USBD_CtlContinueSendData
 .text.USBD_CtlPrepareRx
                0x0000000008004760       0x20 Middlewares/ST/STM32_USB_Device_Library/Core/Src/usbd_ioreq.o
                0x0000000008004760                USBD_CtlPrepareRx
 .text.USBD_CtlContinueRx
                0x0000000008004780       0x10 Middlewares/ST/STM32_USB_Device_Library/Core/Src/usbd_ioreq.o
                0x0000000008004780                USBD_CtlContinueRx
 .text.USBD_CtlSendStatus
                0x0000000008004790       0x18 Middlewares/ST/STM32_USB_Device_Library/Core/Src/usbd_ioreq.o
                0x0000000008004790                USBD_CtlSendStatus
 .text.USBD_CtlReceiveStatus
                0x00000000080047a8       0x18 Middlewares/ST/STM32_USB_Device_Library/Core/Src/usbd_ioreq.o
                0x00000000080047a8                USBD_CtlReceiveStatus
 .text.osKernelStart
                0x00000000080047c0        0xc Middlewares/Third_Party/FreeRTOS/Source/CMSIS_RTOS/cmsis_os.o
                0x00000000080047c0                osKernelStart
 .text.osThreadCreate
                0x00000000080047cc       0x30 Middlewares/Third_Party/FreeRTOS/Source/CMSIS_RTOS/cmsis_os.o
                0x00000000080047cc                osThreadCreate
 .text.osDelay  0x00000000080047fc       0x10 Middlewares/Third_Party/FreeRTOS/Source/CMSIS_RTOS/cmsis_os.o
                0x00000000080047fc                osDelay
 .text.vListInitialise
                0x000000000800480c       0x18 Middlewares/Third_Party/FreeRTOS/Source/list.o
                0x000000000800480c                vListInitialise
 .text.vListInitialiseItem
                0x0000000008004824        0x8 Middlewares/Third_Party/FreeRTOS/Source/list.o
                0x0000000008004824                vListInitialiseItem
 .text.vListInsertEnd
                0x000000000800482c       0x20 Middlewares/Third_Party/FreeRTOS/Source/list.o
                0x000000000800482c                vListInsertEnd
 .text.vListInsert
                0x000000000800484c       0x34 Middlewares/Third_Party/FreeRTOS/Source/list.o
                0x000000000800484c                vListInsert
 .text.uxListRemove
                0x0000000008004880       0x28 Middlewares/Third_Party/FreeRTOS/Source/list.o
                0x0000000008004880                uxListRemove
 .text.prvUnlockQueue
                0x00000000080048a8       0x94 Middlewares/Third_Party/FreeRTOS/Source/queue.o
 .text.xQueueGenericCreate
                0x000000000800493c       0x8c Middlewares/Third_Party/FreeRTOS/Source/queue.o
                0x000000000800493c                xQueueGenericCreate
 .text.xQueueGenericSend
                0x00000000080049c8      0x310 Middlewares/Third_Party/FreeRTOS/Source/queue.o
                0x00000000080049c8                xQueueGenericSend
 .text.xQueueGenericSendFromISR
                0x0000000008004cd8      0x148 Middlewares/Third_Party/FreeRTOS/Source/queue.o
                0x0000000008004cd8                xQueueGenericSendFromISR
 .text.xQueueGiveFromISR
                0x0000000008004e20       0xc0 Middlewares/Third_Party/FreeRTOS/Source/queue.o
                0x0000000008004e20                xQueueGiveFromISR
 .text.xQueueReceive
                0x0000000008004ee0      0x2dc Middlewares/Third_Party/FreeRTOS/Source/queue.o
                0x0000000008004ee0                xQueueReceive
 .text.prvIdleTask
                0x00000000080051bc       0x70 Middlewares/Third_Party/FreeRTOS/Source/tasks.o
 .text.prvAddCurrentTaskToDelayedList
                0x000000000800522c       0x8c Middlewares/Third_Party/FreeRTOS/Source/tasks.o
 .text.xTaskCreate
                0x00000000080052b8      0x268 Middlewares/Third_Party/FreeRTOS/Source/tasks.o
                0x00000000080052b8                xTaskCreate
 .text.vTaskStartScheduler
                0x0000000008005520      0x1e4 Middlewares/Third_Party/FreeRTOS/Source/tasks.o
                0x0000000008005520                vTaskStartScheduler
 .text.vTaskSuspendAll
                0x0000000008005704       0x10 Middlewares/Third_Party/FreeRTOS/Source/tasks.o
                0x0000000008005704                vTaskSuspendAll
 .text.xTaskIncrementTick
                0x0000000008005714      0x15c Middlewares/Third_Party/FreeRTOS/Source/tasks.o
                0x0000000008005714                xTaskIncrementTick
 .text.xTaskResumeAll
                0x0000000008005870      0x114 Middlewares/Third_Party/FreeRTOS/Source/tasks.o
                0x0000000008005870                xTaskResumeAll
 .text.vTaskDelay
                0x0000000008005984       0x4c Middlewares/Third_Party/FreeRTOS/Source/tasks.o
                0x0000000008005984                vTaskDelay
 .text.vTaskSwitchContext
                0x00000000080059d0       0x80 Middlewares/Third_Party/FreeRTOS/Source/tasks.o
                0x00000000080059d0                vTaskSwitchContext
 .text.vTaskPlaceOnEventList
                0x0000000008005a50       0xa4 Middlewares/Third_Party/FreeRTOS/Source/tasks.o
                0x0000000008005a50                vTaskPlaceOnEventList
 .text.xTaskRemoveFromEventList
                0x0000000008005af4       0x90 Middlewares/Third_Party/FreeRTOS/Source/tasks.o
                0x0000000008005af4                xTaskRemoveFromEventList
 .text.vTaskInternalSetTimeOutState
                0x0000000008005b84       0x18 Middlewares/Third_Party/FreeRTOS/Source/tasks.o
                0x0000000008005b84                vTaskInternalSetTimeOutState
 .text.xTaskCheckForTimeOut
                0x0000000008005b9c       0x94 Middlewares/Third_Party/FreeRTOS/Source/tasks.o
                0x0000000008005b9c                xTaskCheckForTimeOut
 .text.vTaskMissedYield
                0x0000000008005c30        0xc Middlewares/Third_Party/FreeRTOS/Source/tasks.o
                0x0000000008005c30                vTaskMissedYield
 .text.xTaskGetSchedulerState
                0x0000000008005c3c       0x20 Middlewares/Third_Party/FreeRTOS/Source/tasks.o
                0x0000000008005c3c                xTaskGetSchedulerState
 .text.xTaskPriorityDisinherit
                0x0000000008005c5c       0xbc Middlewares/Third_Party/FreeRTOS/Source/tasks.o
                0x0000000008005c5c                xTaskPriorityDisinherit
 .text.prvTaskExitError
                0x0000000008005d18       0x48 Middlewares/Third_Party/FreeRTOS/Source/portable/GCC/ARM_CM7/r0p1/port.o
 .text.unlikely.prvPortStartFirstTask
                0x0000000008005d60       0x28 Middlewares/Third_Party/FreeRTOS/Source/portable/GCC/ARM_CM7/r0p1/port.o
 .text.unlikely.vPortEnableVFP
                0x0000000008005d88       0x14 Middlewares/Third_Party/FreeRTOS/Source/portable/GCC/ARM_CM7/r0p1/port.o
 .text.pxPortInitialiseStack
                0x0000000008005d9c       0x30 Middlewares/Third_Party/FreeRTOS/Source/portable/GCC/ARM_CM7/r0p1/port.o
                0x0000000008005d9c                pxPortInitialiseStack
 *fill*         0x0000000008005dcc        0x4 
 .text.SVC_Handler
                0x0000000008005dd0       0x24 Middlewares/Third_Party/FreeRTOS/Source/portable/GCC/ARM_CM7/r0p1/port.o
                0x0000000008005dd0                SVC_Handler
 .text.vPortEnterCritical
                0x0000000008005df4       0x4c Middlewares/Third_Party/FreeRTOS/Source/portable/GCC/ARM_CM7/r0p1/port.o
                0x0000000008005df4                vPortEnterCritical
 .text.vPortExitCritical
                0x0000000008005e40       0x2c Middlewares/Third_Party/FreeRTOS/Source/portable/GCC/ARM_CM7/r0p1/port.o
                0x0000000008005e40                vPortExitCritical
 *fill*         0x0000000008005e6c        0x4 
 .text.PendSV_Handler
                0x0000000008005e70       0x64 Middlewares/Third_Party/FreeRTOS/Source/portable/GCC/ARM_CM7/r0p1/port.o
                0x0000000008005e70                PendSV_Handler
 .text.SysTick_Handler
                0x0000000008005ed4       0x30 Middlewares/Third_Party/FreeRTOS/Source/portable/GCC/ARM_CM7/r0p1/port.o
                0x0000000008005ed4                SysTick_Handler
 .text.vPortSetupTimerInterrupt
                0x0000000008005f04       0x3c Middlewares/Third_Party/FreeRTOS/Source/portable/GCC/ARM_CM7/r0p1/port.o
                0x0000000008005f04                vPortSetupTimerInterrupt
 .text.xPortStartScheduler
                0x0000000008005f40       0xd0 Middlewares/Third_Party/FreeRTOS/Source/portable/GCC/ARM_CM7/r0p1/port.o
                0x0000000008005f40                xPortStartScheduler
 .text.vPortValidateInterruptPriority
                0x0000000008006010       0x64 Middlewares/Third_Party/FreeRTOS/Source/portable/GCC/ARM_CM7/r0p1/port.o
                0x0000000008006010                vPortValidateInterruptPriority
 .text.unlikely.prvInsertBlockIntoFreeList
                0x0000000008006074       0x50 Middlewares/Third_Party/FreeRTOS/Source/portable/MemMang/heap_4.o
 .text.pvPortMalloc
                0x00000000080060c4      0x130 Middlewares/Third_Party/FreeRTOS/Source/portable/MemMang/heap_4.o
                0x00000000080060c4                pvPortMalloc
 .text.vPortFree
                0x00000000080061f4       0x78 Middlewares/Third_Party/FreeRTOS/Source/portable/MemMang/heap_4.o
                0x00000000080061f4                vPortFree
 .text.TransmitTask
                0x000000000800626c       0x44 Src/ADCtoUSB.o
                0x000000000800626c                TransmitTask
 .text.vPeriodicPrintTask
                0x00000000080062b0       0x10 Src/PeriodicPrintTask.o
                0x00000000080062b0                vPeriodicPrintTask
 .text.toggleAllLEDs
                0x00000000080062c0       0x28 Src/helperFunctions.o
                0x00000000080062c0                toggleAllLEDs
 .text.StartDefaultTask
                0x00000000080062e8       0x10 Src/main.o
                0x00000000080062e8                StartDefaultTask
 .text.SystemClock_Config
                0x00000000080062f8       0xb8 Src/main.o
                0x00000000080062f8                SystemClock_Config
 .text.startup.main
                0x00000000080063b0      0x2c8 Src/main.o
                0x00000000080063b0                main
 .text.HAL_TIM_PeriodElapsedCallback
                0x0000000008006678       0x14 Src/main.o
                0x0000000008006678                HAL_TIM_PeriodElapsedCallback
 .text.Error_Handler
                0x000000000800668c        0x4 Src/main.o
                0x000000000800668c                Error_Handler
 .text.HAL_MspInit
                0x0000000008006690       0x40 Src/stm32f7xx_hal_msp.o
                0x0000000008006690                HAL_MspInit
 .text.HAL_ADC_MspInit
                0x00000000080066d0       0x74 Src/stm32f7xx_hal_msp.o
                0x00000000080066d0                HAL_ADC_MspInit
 .text.HAL_ETH_MspInit
                0x0000000008006744      0x10c Src/stm32f7xx_hal_msp.o
                0x0000000008006744                HAL_ETH_MspInit
 .text.HAL_TIM_Base_MspInit
                0x0000000008006850       0x40 Src/stm32f7xx_hal_msp.o
                0x0000000008006850                HAL_TIM_Base_MspInit
 .text.HAL_UART_MspInit
                0x0000000008006890       0x6c Src/stm32f7xx_hal_msp.o
                0x0000000008006890                HAL_UART_MspInit
 .text.HAL_InitTick
                0x00000000080068fc       0x7c Src/stm32f7xx_hal_timebase_tim.o
                0x00000000080068fc                HAL_InitTick
 .text.NMI_Handler
                0x0000000008006978        0x4 Src/stm32f7xx_it.o
                0x0000000008006978                NMI_Handler
 .text.HardFault_Handler
                0x000000000800697c        0x4 Src/stm32f7xx_it.o
                0x000000000800697c                HardFault_Handler
 .text.MemManage_Handler
                0x0000000008006980        0x4 Src/stm32f7xx_it.o
                0x0000000008006980                MemManage_Handler
 .text.BusFault_Handler
                0x0000000008006984        0x4 Src/stm32f7xx_it.o
                0x0000000008006984                BusFault_Handler
 .text.UsageFault_Handler
                0x0000000008006988        0x4 Src/stm32f7xx_it.o
                0x0000000008006988                UsageFault_Handler
 .text.DebugMon_Handler
                0x000000000800698c        0x4 Src/stm32f7xx_it.o
                0x000000000800698c                DebugMon_Handler
 .text.ADC_IRQHandler
                0x0000000008006990       0x5c Src/stm32f7xx_it.o
                0x0000000008006990                ADC_IRQHandler
 .text.TIM1_UP_TIM10_IRQHandler
                0x00000000080069ec        0xc Src/stm32f7xx_it.o
                0x00000000080069ec                TIM1_UP_TIM10_IRQHandler
 .text.EXTI15_10_IRQHandler
                0x00000000080069f8       0x48 Src/stm32f7xx_it.o
                0x00000000080069f8                EXTI15_10_IRQHandler
 .text.TIM7_IRQHandler
                0x0000000008006a40       0x1c Src/stm32f7xx_it.o
                0x0000000008006a40                TIM7_IRQHandler
 .text.OTG_FS_IRQHandler
                0x0000000008006a5c        0xc Src/stm32f7xx_it.o
                0x0000000008006a5c                OTG_FS_IRQHandler
 .text._sbrk    0x0000000008006a68       0x3c Src/sysmem.o
                0x0000000008006a68                _sbrk
 .text.SystemInit
                0x0000000008006aa4       0x50 Src/system_stm32f7xx.o
                0x0000000008006aa4                SystemInit
 .text.MX_USB_DEVICE_Init
                0x0000000008006af4       0x58 Src/usb_device.o
                0x0000000008006af4                MX_USB_DEVICE_Init
 .text.CDC_DeInit_FS
                0x0000000008006b4c        0x4 Src/usbd_cdc_if.o
 .text.CDC_Init_FS
                0x0000000008006b50       0x28 Src/usbd_cdc_if.o
 .text.CDC_Control_FS
                0x0000000008006b78       0x2c Src/usbd_cdc_if.o
 .text.CDC_Receive_FS
                0x0000000008006ba4       0x3c Src/usbd_cdc_if.o
 .text.CDC_Transmit_FS
                0x0000000008006be0       0x2c Src/usbd_cdc_if.o
                0x0000000008006be0                CDC_Transmit_FS
 .text.HAL_PCD_MspInit
                0x0000000008006c0c       0xa0 Src/usbd_conf.o
                0x0000000008006c0c                HAL_PCD_MspInit
 .text.HAL_PCD_SetupStageCallback
                0x0000000008006cac        0xc Src/usbd_conf.o
                0x0000000008006cac                HAL_PCD_SetupStageCallback
 .text.HAL_PCD_DataOutStageCallback
                0x0000000008006cb8       0x14 Src/usbd_conf.o
                0x0000000008006cb8                HAL_PCD_DataOutStageCallback
 .text.HAL_PCD_DataInStageCallback
                0x0000000008006ccc       0x14 Src/usbd_conf.o
                0x0000000008006ccc                HAL_PCD_DataInStageCallback
 .text.HAL_PCD_SOFCallback
                0x0000000008006ce0        0x8 Src/usbd_conf.o
                0x0000000008006ce0                HAL_PCD_SOFCallback
 .text.HAL_PCD_ResetCallback
                0x0000000008006ce8       0x2c Src/usbd_conf.o
                0x0000000008006ce8                HAL_PCD_ResetCallback
 .text.HAL_PCD_SuspendCallback
                0x0000000008006d14       0x30 Src/usbd_conf.o
                0x0000000008006d14                HAL_PCD_SuspendCallback
 .text.HAL_PCD_ResumeCallback
                0x0000000008006d44        0x8 Src/usbd_conf.o
                0x0000000008006d44                HAL_PCD_ResumeCallback
 .text.HAL_PCD_ISOOUTIncompleteCallback
                0x0000000008006d4c        0x8 Src/usbd_conf.o
                0x0000000008006d4c                HAL_PCD_ISOOUTIncompleteCallback
 .text.HAL_PCD_ISOINIncompleteCallback
                0x0000000008006d54        0x8 Src/usbd_conf.o
                0x0000000008006d54                HAL_PCD_ISOINIncompleteCallback
 .text.HAL_PCD_ConnectCallback
                0x0000000008006d5c        0x8 Src/usbd_conf.o
                0x0000000008006d5c                HAL_PCD_ConnectCallback
 .text.HAL_PCD_DisconnectCallback
                0x0000000008006d64        0x8 Src/usbd_conf.o
                0x0000000008006d64                HAL_PCD_DisconnectCallback
 .text.USBD_LL_Init
                0x0000000008006d6c       0x64 Src/usbd_conf.o
                0x0000000008006d6c                USBD_LL_Init
 .text.USBD_LL_Start
                0x0000000008006dd0       0x1c Src/usbd_conf.o
                0x0000000008006dd0                USBD_LL_Start
 .text.USBD_LL_OpenEP
                0x0000000008006dec       0x24 Src/usbd_conf.o
                0x0000000008006dec                USBD_LL_OpenEP
 .text.USBD_LL_CloseEP
                0x0000000008006e10       0x1c Src/usbd_conf.o
                0x0000000008006e10                USBD_LL_CloseEP
 .text.USBD_LL_StallEP
                0x0000000008006e2c       0x1c Src/usbd_conf.o
                0x0000000008006e2c                USBD_LL_StallEP
 .text.USBD_LL_ClearStallEP
                0x0000000008006e48       0x1c Src/usbd_conf.o
                0x0000000008006e48                USBD_LL_ClearStallEP
 .text.USBD_LL_IsStallEP
                0x0000000008006e64       0x28 Src/usbd_conf.o
                0x0000000008006e64                USBD_LL_IsStallEP
 .text.USBD_LL_SetUSBAddress
                0x0000000008006e8c       0x1c Src/usbd_conf.o
                0x0000000008006e8c                USBD_LL_SetUSBAddress
 .text.USBD_LL_Transmit
                0x0000000008006ea8       0x1c Src/usbd_conf.o
                0x0000000008006ea8                USBD_LL_Transmit
 .text.USBD_LL_PrepareReceive
                0x0000000008006ec4       0x1c Src/usbd_conf.o
                0x0000000008006ec4                USBD_LL_PrepareReceive
 .text.USBD_LL_GetRxDataSize
                0x0000000008006ee0        0x8 Src/usbd_conf.o
                0x0000000008006ee0                USBD_LL_GetRxDataSize
 .text.HAL_PCDEx_LPM_Callback
                0x0000000008006ee8       0x60 Src/usbd_conf.o
                0x0000000008006ee8                HAL_PCDEx_LPM_Callback
 .text.USBD_FS_DeviceDescriptor
                0x0000000008006f48        0xc Src/usbd_desc.o
                0x0000000008006f48                USBD_FS_DeviceDescriptor
 .text.USBD_FS_LangIDStrDescriptor
                0x0000000008006f54        0xc Src/usbd_desc.o
                0x0000000008006f54                USBD_FS_LangIDStrDescriptor
 .text.USBD_FS_USR_BOSDescriptor
                0x0000000008006f60        0xc Src/usbd_desc.o
                0x0000000008006f60                USBD_FS_USR_BOSDescriptor
 .text.USBD_FS_ManufacturerStrDescriptor
                0x0000000008006f6c       0x1c Src/usbd_desc.o
                0x0000000008006f6c                USBD_FS_ManufacturerStrDescriptor
 .text.USBD_FS_ProductStrDescriptor
                0x0000000008006f88       0x1c Src/usbd_desc.o
                0x0000000008006f88                USBD_FS_ProductStrDescriptor
 .text.USBD_FS_ConfigStrDescriptor
                0x0000000008006fa4       0x1c Src/usbd_desc.o
                0x0000000008006fa4                USBD_FS_ConfigStrDescriptor
 .text.USBD_FS_InterfaceStrDescriptor
                0x0000000008006fc0       0x1c Src/usbd_desc.o
                0x0000000008006fc0                USBD_FS_InterfaceStrDescriptor
 .text.USBD_FS_SerialStrDescriptor
                0x0000000008006fdc      0x138 Src/usbd_desc.o
                0x0000000008006fdc                USBD_FS_SerialStrDescriptor
 .text.Reset_Handler
                0x0000000008007114       0x50 Startup/startup_stm32f767zitx.o
                0x0000000008007114                Reset_Handler
 .text.Default_Handler
                0x0000000008007164        0x2 Startup/startup_stm32f767zitx.o
                0x0000000008007164                RTC_Alarm_IRQHandler
                0x0000000008007164                EXTI2_IRQHandler
                0x0000000008007164                TIM8_CC_IRQHandler
                0x0000000008007164                UART8_IRQHandler
                0x0000000008007164                SPI4_IRQHandler
                0x0000000008007164                TIM1_CC_IRQHandler
                0x0000000008007164                DMA2_Stream5_IRQHandler
                0x0000000008007164                JPEG_IRQHandler
                0x0000000008007164                DMA1_Stream5_IRQHandler
                0x0000000008007164                CAN3_RX1_IRQHandler
                0x0000000008007164                PVD_IRQHandler
                0x0000000008007164                TAMP_STAMP_IRQHandler
                0x0000000008007164                CAN2_RX1_IRQHandler
                0x0000000008007164                EXTI3_IRQHandler
                0x0000000008007164                TIM8_TRG_COM_TIM14_IRQHandler
                0x0000000008007164                DFSDM1_FLT1_IRQHandler
                0x0000000008007164                TIM8_UP_TIM13_IRQHandler
                0x0000000008007164                I2C3_ER_IRQHandler
                0x0000000008007164                DFSDM1_FLT2_IRQHandler
                0x0000000008007164                EXTI0_IRQHandler
                0x0000000008007164                I2C2_EV_IRQHandler
                0x0000000008007164                DMA1_Stream2_IRQHandler
                0x0000000008007164                CAN1_RX0_IRQHandler
                0x0000000008007164                FPU_IRQHandler
                0x0000000008007164                OTG_HS_WKUP_IRQHandler
                0x0000000008007164                CAN3_SCE_IRQHandler
                0x0000000008007164                LTDC_ER_IRQHandler
                0x0000000008007164                CAN2_SCE_IRQHandler
                0x0000000008007164                DMA2_Stream2_IRQHandler
                0x0000000008007164                SPI1_IRQHandler
                0x0000000008007164                TIM6_DAC_IRQHandler
                0x0000000008007164                TIM1_BRK_TIM9_IRQHandler
                0x0000000008007164                DCMI_IRQHandler
                0x0000000008007164                CAN2_RX0_IRQHandler
                0x0000000008007164                DMA2_Stream3_IRQHandler
                0x0000000008007164                SAI2_IRQHandler
                0x0000000008007164                DFSDM1_FLT3_IRQHandler
                0x0000000008007164                USART6_IRQHandler
                0x0000000008007164                CAN3_RX0_IRQHandler
                0x0000000008007164                USART3_IRQHandler
                0x0000000008007164                CAN1_RX1_IRQHandler
                0x0000000008007164                UART5_IRQHandler
                0x0000000008007164                DMA2_Stream0_IRQHandler
                0x0000000008007164                TIM4_IRQHandler
                0x0000000008007164                QUADSPI_IRQHandler
                0x0000000008007164                I2C1_EV_IRQHandler
                0x0000000008007164                DMA1_Stream6_IRQHandler
                0x0000000008007164                DMA1_Stream1_IRQHandler
                0x0000000008007164                UART4_IRQHandler
                0x0000000008007164                TIM3_IRQHandler
                0x0000000008007164                RCC_IRQHandler
                0x0000000008007164                TIM8_BRK_TIM12_IRQHandler
                0x0000000008007164                Default_Handler
                0x0000000008007164                CEC_IRQHandler
                0x0000000008007164                DMA1_Stream7_IRQHandler
                0x0000000008007164                SPI5_IRQHandler
                0x0000000008007164                SDMMC1_IRQHandler
                0x0000000008007164                CAN2_TX_IRQHandler
                0x0000000008007164                TIM5_IRQHandler
                0x0000000008007164                DMA2_Stream7_IRQHandler
                0x0000000008007164                I2C3_EV_IRQHandler
                0x0000000008007164                EXTI9_5_IRQHandler
                0x0000000008007164                RTC_WKUP_IRQHandler
                0x0000000008007164                LTDC_IRQHandler
                0x0000000008007164                ETH_WKUP_IRQHandler
                0x0000000008007164                SPDIF_RX_IRQHandler
                0x0000000008007164                SPI2_IRQHandler
                0x0000000008007164                OTG_HS_EP1_IN_IRQHandler
                0x0000000008007164                DMA1_Stream0_IRQHandler
                0x0000000008007164                CAN1_TX_IRQHandler
                0x0000000008007164                EXTI4_IRQHandler
                0x0000000008007164                RNG_IRQHandler
                0x0000000008007164                ETH_IRQHandler
                0x0000000008007164                OTG_HS_EP1_OUT_IRQHandler
                0x0000000008007164                WWDG_IRQHandler
                0x0000000008007164                SPI6_IRQHandler
                0x0000000008007164                MDIOS_IRQHandler
                0x0000000008007164                I2C4_EV_IRQHandler
                0x0000000008007164                CAN3_TX_IRQHandler
                0x0000000008007164                TIM2_IRQHandler
                0x0000000008007164                OTG_FS_WKUP_IRQHandler
                0x0000000008007164                TIM1_TRG_COM_TIM11_IRQHandler
                0x0000000008007164                OTG_HS_IRQHandler
                0x0000000008007164                DMA2D_IRQHandler
                0x0000000008007164                EXTI1_IRQHandler
                0x0000000008007164                SDMMC2_IRQHandler
                0x0000000008007164                UART7_IRQHandler
                0x0000000008007164                USART2_IRQHandler
                0x0000000008007164                DFSDM1_FLT0_IRQHandler
                0x0000000008007164                I2C2_ER_IRQHandler
                0x0000000008007164                DMA2_Stream1_IRQHandler
                0x0000000008007164                CAN1_SCE_IRQHandler
                0x0000000008007164                FLASH_IRQHandler
                0x0000000008007164                DMA2_Stream4_IRQHandler
                0x0000000008007164                USART1_IRQHandler
                0x0000000008007164                SPI3_IRQHandler
                0x0000000008007164                DMA1_Stream4_IRQHandler
                0x0000000008007164                I2C1_ER_IRQHandler
                0x0000000008007164                FMC_IRQHandler
                0x0000000008007164                LPTIM1_IRQHandler
                0x0000000008007164                I2C4_ER_IRQHandler
                0x0000000008007164                DMA2_Stream6_IRQHandler
                0x0000000008007164                SAI1_IRQHandler
                0x0000000008007164                DMA1_Stream3_IRQHandler
 *fill*         0x0000000008007166        0x2 
 .text.__errno  0x0000000008007168        0xc /opt/st/stm32cubeide_1.0.2/plugins/com.st.stm32cube.ide.mcu.externaltools.gnu-tools-for-stm32.7-2018-q2-update.linux64_1.0.0.201904181610/tools/bin/../lib/gcc/arm-none-eabi/7.3.1/../../../../arm-none-eabi/lib/thumb/v7e-m/fpv5/hard/libc_nano.a(lib_a-errno.o)
                0x0000000008007168                __errno
 .text.__libc_init_array
                0x0000000008007174       0x48 /opt/st/stm32cubeide_1.0.2/plugins/com.st.stm32cube.ide.mcu.externaltools.gnu-tools-for-stm32.7-2018-q2-update.linux64_1.0.0.201904181610/tools/bin/../lib/gcc/arm-none-eabi/7.3.1/../../../../arm-none-eabi/lib/thumb/v7e-m/fpv5/hard/libc_nano.a(lib_a-init.o)
                0x0000000008007174                __libc_init_array
 .text.malloc   0x00000000080071bc       0x10 /opt/st/stm32cubeide_1.0.2/plugins/com.st.stm32cube.ide.mcu.externaltools.gnu-tools-for-stm32.7-2018-q2-update.linux64_1.0.0.201904181610/tools/bin/../lib/gcc/arm-none-eabi/7.3.1/../../../../arm-none-eabi/lib/thumb/v7e-m/fpv5/hard/libc_nano.a(lib_a-malloc.o)
                0x00000000080071bc                malloc
 .text.free     0x00000000080071cc       0x10 /opt/st/stm32cubeide_1.0.2/plugins/com.st.stm32cube.ide.mcu.externaltools.gnu-tools-for-stm32.7-2018-q2-update.linux64_1.0.0.201904181610/tools/bin/../lib/gcc/arm-none-eabi/7.3.1/../../../../arm-none-eabi/lib/thumb/v7e-m/fpv5/hard/libc_nano.a(lib_a-malloc.o)
                0x00000000080071cc                free
 .text.memcpy   0x00000000080071dc       0x16 /opt/st/stm32cubeide_1.0.2/plugins/com.st.stm32cube.ide.mcu.externaltools.gnu-tools-for-stm32.7-2018-q2-update.linux64_1.0.0.201904181610/tools/bin/../lib/gcc/arm-none-eabi/7.3.1/../../../../arm-none-eabi/lib/thumb/v7e-m/fpv5/hard/libc_nano.a(lib_a-memcpy-stub.o)
                0x00000000080071dc                memcpy
 .text.memset   0x00000000080071f2       0x10 /opt/st/stm32cubeide_1.0.2/plugins/com.st.stm32cube.ide.mcu.externaltools.gnu-tools-for-stm32.7-2018-q2-update.linux64_1.0.0.201904181610/tools/bin/../lib/gcc/arm-none-eabi/7.3.1/../../../../arm-none-eabi/lib/thumb/v7e-m/fpv5/hard/libc_nano.a(lib_a-memset.o)
                0x00000000080071f2                memset
 *fill*         0x0000000008007202        0x2 
 .text._free_r  0x0000000008007204       0x9c /opt/st/stm32cubeide_1.0.2/plugins/com.st.stm32cube.ide.mcu.externaltools.gnu-tools-for-stm32.7-2018-q2-update.linux64_1.0.0.201904181610/tools/bin/../lib/gcc/arm-none-eabi/7.3.1/../../../../arm-none-eabi/lib/thumb/v7e-m/fpv5/hard/libc_nano.a(lib_a-nano-freer.o)
                0x0000000008007204                _free_r
 .text._malloc_r
                0x00000000080072a0       0xb4 /opt/st/stm32cubeide_1.0.2/plugins/com.st.stm32cube.ide.mcu.externaltools.gnu-tools-for-stm32.7-2018-q2-update.linux64_1.0.0.201904181610/tools/bin/../lib/gcc/arm-none-eabi/7.3.1/../../../../arm-none-eabi/lib/thumb/v7e-m/fpv5/hard/libc_nano.a(lib_a-nano-mallocr.o)
                0x00000000080072a0                _malloc_r
 .text._sbrk_r  0x0000000008007354       0x20 /opt/st/stm32cubeide_1.0.2/plugins/com.st.stm32cube.ide.mcu.externaltools.gnu-tools-for-stm32.7-2018-q2-update.linux64_1.0.0.201904181610/tools/bin/../lib/gcc/arm-none-eabi/7.3.1/../../../../arm-none-eabi/lib/thumb/v7e-m/fpv5/hard/libc_nano.a(lib_a-sbrkr.o)
                0x0000000008007354                _sbrk_r
 .text.__malloc_lock
                0x0000000008007374        0x2 /opt/st/stm32cubeide_1.0.2/plugins/com.st.stm32cube.ide.mcu.externaltools.gnu-tools-for-stm32.7-2018-q2-update.linux64_1.0.0.201904181610/tools/bin/../lib/gcc/arm-none-eabi/7.3.1/../../../../arm-none-eabi/lib/thumb/v7e-m/fpv5/hard/libc_nano.a(lib_a-mlock.o)
                0x0000000008007374                __malloc_lock
 .text.__malloc_unlock
                0x0000000008007376        0x2 /opt/st/stm32cubeide_1.0.2/plugins/com.st.stm32cube.ide.mcu.externaltools.gnu-tools-for-stm32.7-2018-q2-update.linux64_1.0.0.201904181610/tools/bin/../lib/gcc/arm-none-eabi/7.3.1/../../../../arm-none-eabi/lib/thumb/v7e-m/fpv5/hard/libc_nano.a(lib_a-mlock.o)
                0x0000000008007376                __malloc_unlock
 *(.glue_7)
 .glue_7        0x0000000008007378        0x0 linker stubs
 *(.glue_7t)
 .glue_7t       0x0000000008007378        0x0 linker stubs
 *(.eh_frame)
 .eh_frame      0x0000000008007378        0x0 /opt/st/stm32cubeide_1.0.2/plugins/com.st.stm32cube.ide.mcu.externaltools.gnu-tools-for-stm32.7-2018-q2-update.linux64_1.0.0.201904181610/tools/bin/../lib/gcc/arm-none-eabi/7.3.1/thumb/v7e-m/fpv5/hard/crtbegin.o
 *(.init)
 .init          0x0000000008007378        0x4 /opt/st/stm32cubeide_1.0.2/plugins/com.st.stm32cube.ide.mcu.externaltools.gnu-tools-for-stm32.7-2018-q2-update.linux64_1.0.0.201904181610/tools/bin/../lib/gcc/arm-none-eabi/7.3.1/thumb/v7e-m/fpv5/hard/crti.o
                0x0000000008007378                _init
 .init          0x000000000800737c        0x8 /opt/st/stm32cubeide_1.0.2/plugins/com.st.stm32cube.ide.mcu.externaltools.gnu-tools-for-stm32.7-2018-q2-update.linux64_1.0.0.201904181610/tools/bin/../lib/gcc/arm-none-eabi/7.3.1/thumb/v7e-m/fpv5/hard/crtn.o
 *(.fini)
 .fini          0x0000000008007384        0x4 /opt/st/stm32cubeide_1.0.2/plugins/com.st.stm32cube.ide.mcu.externaltools.gnu-tools-for-stm32.7-2018-q2-update.linux64_1.0.0.201904181610/tools/bin/../lib/gcc/arm-none-eabi/7.3.1/thumb/v7e-m/fpv5/hard/crti.o
                0x0000000008007384                _fini
 .fini          0x0000000008007388        0x8 /opt/st/stm32cubeide_1.0.2/plugins/com.st.stm32cube.ide.mcu.externaltools.gnu-tools-for-stm32.7-2018-q2-update.linux64_1.0.0.201904181610/tools/bin/../lib/gcc/arm-none-eabi/7.3.1/thumb/v7e-m/fpv5/hard/crtn.o
                0x0000000008007390                . = ALIGN (0x4)
                0x0000000008007390                _etext = .

.vfp11_veneer   0x0000000008007390        0x0
 .vfp11_veneer  0x0000000008007390        0x0 linker stubs

.v4_bx          0x0000000008007390        0x0
 .v4_bx         0x0000000008007390        0x0 linker stubs

.iplt           0x0000000008007390        0x0
 .iplt          0x0000000008007390        0x0 /opt/st/stm32cubeide_1.0.2/plugins/com.st.stm32cube.ide.mcu.externaltools.gnu-tools-for-stm32.7-2018-q2-update.linux64_1.0.0.201904181610/tools/bin/../lib/gcc/arm-none-eabi/7.3.1/thumb/v7e-m/fpv5/hard/crtbegin.o

.rodata         0x0000000008007390       0xac
                0x0000000008007390                . = ALIGN (0x4)
 *(.rodata)
 .rodata        0x0000000008007390       0x14 Src/main.o
 *(.rodata*)
 .rodata.CSWTCH.49
                0x00000000080073a4        0x4 Drivers/STM32F7xx_HAL_Driver/Src/stm32f7xx_hal_uart.o
 .rodata.CSWTCH.50
                0x00000000080073a8        0xd Drivers/STM32F7xx_HAL_Driver/Src/stm32f7xx_hal_uart.o
 *fill*         0x00000000080073b5        0x3 
 .rodata.main.str1.4
                0x00000000080073b8       0x14 Src/main.o
 .rodata.str1.4
                0x00000000080073cc        0xc Src/main.o
 .rodata.AHBPrescTable
                0x00000000080073d8       0x10 Src/system_stm32f7xx.o
                0x00000000080073d8                AHBPrescTable
 .rodata.APBPrescTable
                0x00000000080073e8        0x8 Src/system_stm32f7xx.o
                0x00000000080073e8                APBPrescTable
 .rodata.CSWTCH.24
                0x00000000080073f0        0x4 Src/usbd_conf.o
 .rodata.USBD_FS_ConfigStrDescriptor.str1.4
                0x00000000080073f4        0xb Src/usbd_desc.o
 *fill*         0x00000000080073ff        0x1 
 .rodata.USBD_FS_InterfaceStrDescriptor.str1.4
                0x0000000008007400        0xe Src/usbd_desc.o
 *fill*         0x000000000800740e        0x2 
 .rodata.USBD_FS_ManufacturerStrDescriptor.str1.4
                0x0000000008007410       0x13 Src/usbd_desc.o
 *fill*         0x0000000008007423        0x1 
 .rodata.USBD_FS_ProductStrDescriptor.str1.4
                0x0000000008007424       0x18 Src/usbd_desc.o
                                         0x16 (size before relaxing)
                0x000000000800743c                . = ALIGN (0x4)

.ARM.extab      0x000000000800743c        0x0
                0x000000000800743c                . = ALIGN (0x4)
 *(.ARM.extab* .gnu.linkonce.armextab.*)
                0x000000000800743c                . = ALIGN (0x4)

.ARM            0x000000000800743c        0x8
                0x000000000800743c                . = ALIGN (0x4)
                0x000000000800743c                __exidx_start = .
 *(.ARM.exidx*)
 .ARM.exidx     0x000000000800743c        0x8 /opt/st/stm32cubeide_1.0.2/plugins/com.st.stm32cube.ide.mcu.externaltools.gnu-tools-for-stm32.7-2018-q2-update.linux64_1.0.0.201904181610/tools/bin/../lib/gcc/arm-none-eabi/7.3.1/thumb/v7e-m/fpv5/hard/libgcc.a(_udivmoddi4.o)
                0x0000000008007444                __exidx_end = .
                0x0000000008007444                . = ALIGN (0x4)

.rel.dyn        0x0000000008007444        0x0
 .rel.iplt      0x0000000008007444        0x0 /opt/st/stm32cubeide_1.0.2/plugins/com.st.stm32cube.ide.mcu.externaltools.gnu-tools-for-stm32.7-2018-q2-update.linux64_1.0.0.201904181610/tools/bin/../lib/gcc/arm-none-eabi/7.3.1/thumb/v7e-m/fpv5/hard/crtbegin.o

.preinit_array  0x0000000008007444        0x0
                0x0000000008007444                . = ALIGN (0x4)
                0x0000000008007444                PROVIDE (__preinit_array_start = .)
 *(.preinit_array*)
                0x0000000008007444                PROVIDE (__preinit_array_end = .)
                0x0000000008007444                . = ALIGN (0x4)

.init_array     0x0000000008007444        0x4
                0x0000000008007444                . = ALIGN (0x4)
                0x0000000008007444                PROVIDE (__init_array_start = .)
 *(SORT_BY_NAME(.init_array.*))
 *(.init_array*)
 .init_array    0x0000000008007444        0x4 /opt/st/stm32cubeide_1.0.2/plugins/com.st.stm32cube.ide.mcu.externaltools.gnu-tools-for-stm32.7-2018-q2-update.linux64_1.0.0.201904181610/tools/bin/../lib/gcc/arm-none-eabi/7.3.1/thumb/v7e-m/fpv5/hard/crtbegin.o
                0x0000000008007448                PROVIDE (__init_array_end = .)
                0x0000000008007448                . = ALIGN (0x4)

.fini_array     0x0000000008007448        0x4
                0x0000000008007448                . = ALIGN (0x4)
                [!provide]                        PROVIDE (__fini_array_start = .)
 *(SORT_BY_NAME(.fini_array.*))
 *(.fini_array*)
 .fini_array    0x0000000008007448        0x4 /opt/st/stm32cubeide_1.0.2/plugins/com.st.stm32cube.ide.mcu.externaltools.gnu-tools-for-stm32.7-2018-q2-update.linux64_1.0.0.201904181610/tools/bin/../lib/gcc/arm-none-eabi/7.3.1/thumb/v7e-m/fpv5/hard/crtbegin.o
                [!provide]                        PROVIDE (__fini_array_end = .)
                0x000000000800744c                . = ALIGN (0x4)
                0x000000000800744c                _sidata = LOADADDR (.data)

.data           0x0000000020000000      0x1f0 load address 0x000000000800744c
                0x0000000020000000                . = ALIGN (0x4)
                0x0000000020000000                _sdata = .
 *(.data)
 *(.data*)
 .data.uwTickFreq
                0x0000000020000000        0x1 Drivers/STM32F7xx_HAL_Driver/Src/stm32f7xx_hal.o
                0x0000000020000000                uwTickFreq
 *fill*         0x0000000020000001        0x3 
 .data.USBD_CDC
                0x0000000020000004       0x38 Middlewares/ST/STM32_USB_Device_Library/Class/CDC/Src/usbd_cdc.o
                0x0000000020000004                USBD_CDC
 .data.USBD_CDC_CfgFSDesc
                0x000000002000003c       0x43 Middlewares/ST/STM32_USB_Device_Library/Class/CDC/Src/usbd_cdc.o
                0x000000002000003c                USBD_CDC_CfgFSDesc
 *fill*         0x000000002000007f        0x1 
 .data.USBD_CDC_CfgHSDesc
                0x0000000020000080       0x43 Middlewares/ST/STM32_USB_Device_Library/Class/CDC/Src/usbd_cdc.o
                0x0000000020000080                USBD_CDC_CfgHSDesc
 *fill*         0x00000000200000c3        0x1 
 .data.USBD_CDC_DeviceQualifierDesc
                0x00000000200000c4        0xa Middlewares/ST/STM32_USB_Device_Library/Class/CDC/Src/usbd_cdc.o
 *fill*         0x00000000200000ce        0x2 
 .data.USBD_CDC_OtherSpeedCfgDesc
                0x00000000200000d0       0x43 Middlewares/ST/STM32_USB_Device_Library/Class/CDC/Src/usbd_cdc.o
                0x00000000200000d0                USBD_CDC_OtherSpeedCfgDesc
 *fill*         0x0000000020000113        0x1 
 .data.uxCriticalNesting
                0x0000000020000114        0x4 Middlewares/Third_Party/FreeRTOS/Source/portable/GCC/ARM_CM7/r0p1/port.o
 .data.SystemCoreClock
                0x0000000020000118        0x4 Src/system_stm32f7xx.o
                0x0000000020000118                SystemCoreClock
 .data.USBD_Interface_fops_FS
                0x000000002000011c       0x10 Src/usbd_cdc_if.o
                0x000000002000011c                USBD_Interface_fops_FS
 .data.FS_Desc  0x000000002000012c       0x20 Src/usbd_desc.o
                0x000000002000012c                FS_Desc
 .data.USBD_FS_BOSDesc
                0x000000002000014c        0xc Src/usbd_desc.o
                0x000000002000014c                USBD_FS_BOSDesc
 .data.USBD_FS_DeviceDesc
                0x0000000020000158       0x12 Src/usbd_desc.o
                0x0000000020000158                USBD_FS_DeviceDesc
 *fill*         0x000000002000016a        0x2 
 .data.USBD_LangIDDesc
                0x000000002000016c        0x4 Src/usbd_desc.o
                0x000000002000016c                USBD_LangIDDesc
 .data.USBD_StringSerial
                0x0000000020000170       0x1a Src/usbd_desc.o
                0x0000000020000170                USBD_StringSerial
 *fill*         0x000000002000018a        0x2 
 .data._impure_ptr
                0x000000002000018c        0x4 /opt/st/stm32cubeide_1.0.2/plugins/com.st.stm32cube.ide.mcu.externaltools.gnu-tools-for-stm32.7-2018-q2-update.linux64_1.0.0.201904181610/tools/bin/../lib/gcc/arm-none-eabi/7.3.1/../../../../arm-none-eabi/lib/thumb/v7e-m/fpv5/hard/libc_nano.a(lib_a-impure.o)
                0x000000002000018c                _impure_ptr
 .data.impure_data
                0x0000000020000190       0x60 /opt/st/stm32cubeide_1.0.2/plugins/com.st.stm32cube.ide.mcu.externaltools.gnu-tools-for-stm32.7-2018-q2-update.linux64_1.0.0.201904181610/tools/bin/../lib/gcc/arm-none-eabi/7.3.1/../../../../arm-none-eabi/lib/thumb/v7e-m/fpv5/hard/libc_nano.a(lib_a-impure.o)
                0x00000000200001f0                . = ALIGN (0x4)
                0x00000000200001f0                _edata = .

.igot.plt       0x00000000200001f0        0x0 load address 0x000000000800763c
 .igot.plt      0x00000000200001f0        0x0 /opt/st/stm32cubeide_1.0.2/plugins/com.st.stm32cube.ide.mcu.externaltools.gnu-tools-for-stm32.7-2018-q2-update.linux64_1.0.0.201904181610/tools/bin/../lib/gcc/arm-none-eabi/7.3.1/thumb/v7e-m/fpv5/hard/crtbegin.o
                0x00000000200001f0                . = ALIGN (0x4)

.bss            0x00000000200001f0     0x57cc load address 0x000000000800763c
                0x00000000200001f0                _sbss = .
                0x00000000200001f0                __bss_start__ = _sbss
 *(.bss)
 .bss           0x00000000200001f0       0x1c /opt/st/stm32cubeide_1.0.2/plugins/com.st.stm32cube.ide.mcu.externaltools.gnu-tools-for-stm32.7-2018-q2-update.linux64_1.0.0.201904181610/tools/bin/../lib/gcc/arm-none-eabi/7.3.1/thumb/v7e-m/fpv5/hard/crtbegin.o
 *(.bss*)
 .bss.cfgidx.11426
                0x000000002000020c        0x1 Middlewares/ST/STM32_USB_Device_Library/Core/Src/usbd_ctlreq.o
 *fill*         0x000000002000020d        0x3 
 .bss.pxCurrentTCB
                0x0000000020000210        0x4 Middlewares/Third_Party/FreeRTOS/Source/tasks.o
                0x0000000020000210                pxCurrentTCB
 .bss.pxDelayedTaskList
                0x0000000020000214        0x4 Middlewares/Third_Party/FreeRTOS/Source/tasks.o
 .bss.pxOverflowDelayedTaskList
                0x0000000020000218        0x4 Middlewares/Third_Party/FreeRTOS/Source/tasks.o
 .bss.pxReadyTasksLists
                0x000000002000021c       0x8c Middlewares/Third_Party/FreeRTOS/Source/tasks.o
 .bss.uxCurrentNumberOfTasks
                0x00000000200002a8        0x4 Middlewares/Third_Party/FreeRTOS/Source/tasks.o
 .bss.uxDeletedTasksWaitingCleanUp
                0x00000000200002ac        0x4 Middlewares/Third_Party/FreeRTOS/Source/tasks.o
 .bss.uxPendedTicks
                0x00000000200002b0        0x4 Middlewares/Third_Party/FreeRTOS/Source/tasks.o
 .bss.uxSchedulerSuspended
                0x00000000200002b4        0x4 Middlewares/Third_Party/FreeRTOS/Source/tasks.o
 .bss.uxTaskNumber
                0x00000000200002b8        0x4 Middlewares/Third_Party/FreeRTOS/Source/tasks.o
 .bss.uxTopReadyPriority
                0x00000000200002bc        0x4 Middlewares/Third_Party/FreeRTOS/Source/tasks.o
 .bss.xDelayedTaskList1
                0x00000000200002c0       0x14 Middlewares/Third_Party/FreeRTOS/Source/tasks.o
 .bss.xDelayedTaskList2
                0x00000000200002d4       0x14 Middlewares/Third_Party/FreeRTOS/Source/tasks.o
 .bss.xIdleTaskHandle
                0x00000000200002e8        0x4 Middlewares/Third_Party/FreeRTOS/Source/tasks.o
 .bss.xNextTaskUnblockTime
                0x00000000200002ec        0x4 Middlewares/Third_Party/FreeRTOS/Source/tasks.o
 .bss.xNumOfOverflows
                0x00000000200002f0        0x4 Middlewares/Third_Party/FreeRTOS/Source/tasks.o
 .bss.xPendingReadyList
                0x00000000200002f4       0x14 Middlewares/Third_Party/FreeRTOS/Source/tasks.o
 .bss.xSchedulerRunning
                0x0000000020000308        0x4 Middlewares/Third_Party/FreeRTOS/Source/tasks.o
 .bss.xSuspendedTaskList
                0x000000002000030c       0x14 Middlewares/Third_Party/FreeRTOS/Source/tasks.o
 .bss.xTasksWaitingTermination
                0x0000000020000320       0x14 Middlewares/Third_Party/FreeRTOS/Source/tasks.o
 .bss.xTickCount
                0x0000000020000334        0x4 Middlewares/Third_Party/FreeRTOS/Source/tasks.o
 .bss.xYieldPending
                0x0000000020000338        0x4 Middlewares/Third_Party/FreeRTOS/Source/tasks.o
 .bss.ucMaxSysCallPriority
                0x000000002000033c        0x1 Middlewares/Third_Party/FreeRTOS/Source/portable/GCC/ARM_CM7/r0p1/port.o
 *fill*         0x000000002000033d        0x3 
 .bss.ulMaxPRIGROUPValue
                0x0000000020000340        0x4 Middlewares/Third_Party/FreeRTOS/Source/portable/GCC/ARM_CM7/r0p1/port.o
 .bss.pxEnd     0x0000000020000344        0x4 Middlewares/Third_Party/FreeRTOS/Source/portable/MemMang/heap_4.o
 .bss.ucHeap    0x0000000020000348     0x3c00 Middlewares/Third_Party/FreeRTOS/Source/portable/MemMang/heap_4.o
 .bss.xBlockAllocatedBit
                0x0000000020003f48        0x4 Middlewares/Third_Party/FreeRTOS/Source/portable/MemMang/heap_4.o
 .bss.xFreeBytesRemaining
                0x0000000020003f4c        0x4 Middlewares/Third_Party/FreeRTOS/Source/portable/MemMang/heap_4.o
 .bss.xMinimumEverFreeBytesRemaining
                0x0000000020003f50        0x4 Middlewares/Third_Party/FreeRTOS/Source/portable/MemMang/heap_4.o
 .bss.xStart    0x0000000020003f54        0x8 Middlewares/Third_Party/FreeRTOS/Source/portable/MemMang/heap_4.o
 .bss.HADCtoUSBTask
                0x0000000020003f5c        0x4 Src/main.o
                0x0000000020003f5c                HADCtoUSBTask
 .bss.PeriodicPrintHandler
                0x0000000020003f60        0x4 Src/main.o
                0x0000000020003f60                PeriodicPrintHandler
 .bss.buttonBinarySemph
                0x0000000020003f64        0x4 Src/main.o
                0x0000000020003f64                buttonBinarySemph
 .bss.heap_end.6424
                0x0000000020003f68        0x4 Src/sysmem.o
 .bss.__malloc_free_list
                0x0000000020003f6c        0x4 /opt/st/stm32cubeide_1.0.2/plugins/com.st.stm32cube.ide.mcu.externaltools.gnu-tools-for-stm32.7-2018-q2-update.linux64_1.0.0.201904181610/tools/bin/../lib/gcc/arm-none-eabi/7.3.1/../../../../arm-none-eabi/lib/thumb/v7e-m/fpv5/hard/libc_nano.a(lib_a-nano-mallocr.o)
                0x0000000020003f6c                __malloc_free_list
 .bss.__malloc_sbrk_start
                0x0000000020003f70        0x4 /opt/st/stm32cubeide_1.0.2/plugins/com.st.stm32cube.ide.mcu.externaltools.gnu-tools-for-stm32.7-2018-q2-update.linux64_1.0.0.201904181610/tools/bin/../lib/gcc/arm-none-eabi/7.3.1/../../../../arm-none-eabi/lib/thumb/v7e-m/fpv5/hard/libc_nano.a(lib_a-nano-mallocr.o)
                0x0000000020003f70                __malloc_sbrk_start
 *(COMMON)
 COMMON         0x0000000020003f74        0x4 Drivers/STM32F7xx_HAL_Driver/Src/stm32f7xx_hal.o
                0x0000000020003f74                uwTick
 COMMON         0x0000000020003f78      0x158 Src/main.o
                0x0000000020003f78                defaultTaskHandle
                0x0000000020003f7c                huart3
                0x0000000020003ffc                HADCQueue
                0x0000000020004000                hadc1
                0x0000000020004048                heth
                0x0000000020004090                htim7
 COMMON         0x00000000200040d0       0x40 Src/stm32f7xx_hal_timebase_tim.o
                0x00000000200040d0                htim1
 COMMON         0x0000000020004110      0x29c Src/usb_device.o
                0x0000000020004110                hUsbDeviceFS
 COMMON         0x00000000200043ac     0x1007 Src/usbd_cdc_if.o
                0x00000000200043ac                UserRxBufferFS
                0x0000000020004bac                UserTxBufferFS
                0x00000000200053ac                buffer
 *fill*         0x00000000200053b3        0x1 
 COMMON         0x00000000200053b4      0x404 Src/usbd_conf.o
                0x00000000200053b4                hpcd_USB_OTG_FS
 COMMON         0x00000000200057b8      0x200 Src/usbd_desc.o
                0x00000000200057b8                USBD_StrDesc
 COMMON         0x00000000200059b8        0x4 /opt/st/stm32cubeide_1.0.2/plugins/com.st.stm32cube.ide.mcu.externaltools.gnu-tools-for-stm32.7-2018-q2-update.linux64_1.0.0.201904181610/tools/bin/../lib/gcc/arm-none-eabi/7.3.1/../../../../arm-none-eabi/lib/thumb/v7e-m/fpv5/hard/libc_nano.a(lib_a-reent.o)
                0x00000000200059b8                errno
                0x00000000200059bc                . = ALIGN (0x4)
                0x00000000200059bc                _ebss = .
                0x00000000200059bc                __bss_end__ = _ebss

._user_heap_stack
                0x00000000200059bc      0x604 load address 0x000000000800763c
                0x00000000200059c0                . = ALIGN (0x8)
 *fill*         0x00000000200059bc        0x4 
                0x00000000200059c0                PROVIDE (end = .)
                [!provide]                        PROVIDE (_end = .)
                0x0000000020005bc0                . = (. + _Min_Heap_Size)
 *fill*         0x00000000200059c0      0x200 
                0x0000000020005fc0                . = (. + _Min_Stack_Size)
 *fill*         0x0000000020005bc0      0x400 
                0x0000000020005fc0                . = ALIGN (0x8)

/DISCARD/
 libc.a(*)
 libm.a(*)
 libgcc.a(*)

.ARM.attributes
                0x0000000000000000       0x2e
 *(.ARM.attributes)
 .ARM.attributes
                0x0000000000000000       0x20 /opt/st/stm32cubeide_1.0.2/plugins/com.st.stm32cube.ide.mcu.externaltools.gnu-tools-for-stm32.7-2018-q2-update.linux64_1.0.0.201904181610/tools/bin/../lib/gcc/arm-none-eabi/7.3.1/thumb/v7e-m/fpv5/hard/crti.o
 .ARM.attributes
                0x0000000000000020       0x32 /opt/st/stm32cubeide_1.0.2/plugins/com.st.stm32cube.ide.mcu.externaltools.gnu-tools-for-stm32.7-2018-q2-update.linux64_1.0.0.201904181610/tools/bin/../lib/gcc/arm-none-eabi/7.3.1/thumb/v7e-m/fpv5/hard/crtbegin.o
 .ARM.attributes
                0x0000000000000052       0x37 Drivers/STM32F7xx_HAL_Driver/Src/stm32f7xx_hal.o
 .ARM.attributes
                0x0000000000000089       0x37 Drivers/STM32F7xx_HAL_Driver/Src/stm32f7xx_hal_adc.o
 .ARM.attributes
                0x00000000000000c0       0x37 Drivers/STM32F7xx_HAL_Driver/Src/stm32f7xx_hal_adc_ex.o
 .ARM.attributes
                0x00000000000000f7       0x37 Drivers/STM32F7xx_HAL_Driver/Src/stm32f7xx_hal_cortex.o
 .ARM.attributes
                0x000000000000012e       0x37 Drivers/STM32F7xx_HAL_Driver/Src/stm32f7xx_hal_eth.o
 .ARM.attributes
                0x0000000000000165       0x37 Drivers/STM32F7xx_HAL_Driver/Src/stm32f7xx_hal_gpio.o
 .ARM.attributes
                0x000000000000019c       0x37 Drivers/STM32F7xx_HAL_Driver/Src/stm32f7xx_hal_pcd.o
 .ARM.attributes
                0x00000000000001d3       0x37 Drivers/STM32F7xx_HAL_Driver/Src/stm32f7xx_hal_pcd_ex.o
 .ARM.attributes
                0x000000000000020a       0x37 Drivers/STM32F7xx_HAL_Driver/Src/stm32f7xx_hal_pwr.o
 .ARM.attributes
                0x0000000000000241       0x37 Drivers/STM32F7xx_HAL_Driver/Src/stm32f7xx_hal_rcc.o
 .ARM.attributes
                0x0000000000000278       0x37 Drivers/STM32F7xx_HAL_Driver/Src/stm32f7xx_hal_rcc_ex.o
 .ARM.attributes
                0x00000000000002af       0x37 Drivers/STM32F7xx_HAL_Driver/Src/stm32f7xx_hal_tim.o
 .ARM.attributes
                0x00000000000002e6       0x37 Drivers/STM32F7xx_HAL_Driver/Src/stm32f7xx_hal_tim_ex.o
 .ARM.attributes
                0x000000000000031d       0x37 Drivers/STM32F7xx_HAL_Driver/Src/stm32f7xx_hal_uart.o
 .ARM.attributes
                0x0000000000000354       0x37 Drivers/STM32F7xx_HAL_Driver/Src/stm32f7xx_ll_usb.o
 .ARM.attributes
                0x000000000000038b       0x37 Middlewares/ST/STM32_USB_Device_Library/Class/CDC/Src/usbd_cdc.o
 .ARM.attributes
                0x00000000000003c2       0x37 Middlewares/ST/STM32_USB_Device_Library/Core/Src/usbd_core.o
 .ARM.attributes
                0x00000000000003f9       0x37 Middlewares/ST/STM32_USB_Device_Library/Core/Src/usbd_ctlreq.o
 .ARM.attributes
                0x0000000000000430       0x37 Middlewares/ST/STM32_USB_Device_Library/Core/Src/usbd_ioreq.o
 .ARM.attributes
                0x0000000000000467       0x37 Middlewares/Third_Party/FreeRTOS/Source/CMSIS_RTOS/cmsis_os.o
 .ARM.attributes
                0x000000000000049e       0x37 Middlewares/Third_Party/FreeRTOS/Source/list.o
 .ARM.attributes
                0x00000000000004d5       0x37 Middlewares/Third_Party/FreeRTOS/Source/queue.o
 .ARM.attributes
                0x000000000000050c       0x37 Middlewares/Third_Party/FreeRTOS/Source/tasks.o
 .ARM.attributes
                0x0000000000000543       0x37 Middlewares/Third_Party/FreeRTOS/Source/portable/GCC/ARM_CM7/r0p1/port.o
 .ARM.attributes
                0x000000000000057a       0x37 Middlewares/Third_Party/FreeRTOS/Source/portable/MemMang/heap_4.o
 .ARM.attributes
                0x00000000000005b1       0x37 Src/ADCtoUSB.o
 .ARM.attributes
                0x00000000000005e8       0x37 Src/PeriodicPrintTask.o
 .ARM.attributes
                0x000000000000061f       0x37 Src/helperFunctions.o
 .ARM.attributes
                0x0000000000000656       0x37 Src/main.o
 .ARM.attributes
                0x000000000000068d       0x37 Src/stm32f7xx_hal_msp.o
 .ARM.attributes
                0x00000000000006c4       0x37 Src/stm32f7xx_hal_timebase_tim.o
 .ARM.attributes
                0x00000000000006fb       0x37 Src/stm32f7xx_it.o
 .ARM.attributes
                0x0000000000000732       0x37 Src/sysmem.o
 .ARM.attributes
                0x0000000000000769       0x37 Src/system_stm32f7xx.o
 .ARM.attributes
                0x00000000000007a0       0x37 Src/usb_device.o
 .ARM.attributes
                0x00000000000007d7       0x37 Src/usbd_cdc_if.o
 .ARM.attributes
                0x000000000000080e       0x37 Src/usbd_conf.o
 .ARM.attributes
                0x0000000000000845       0x37 Src/usbd_desc.o
 .ARM.attributes
                0x000000000000087c       0x21 Startup/startup_stm32f767zitx.o
 .ARM.attributes
                0x000000000000089d       0x32 /opt/st/stm32cubeide_1.0.2/plugins/com.st.stm32cube.ide.mcu.externaltools.gnu-tools-for-stm32.7-2018-q2-update.linux64_1.0.0.201904181610/tools/bin/../lib/gcc/arm-none-eabi/7.3.1/../../../../arm-none-eabi/lib/thumb/v7e-m/fpv5/hard/libc_nano.a(lib_a-errno.o)
 .ARM.attributes
                0x00000000000008cf       0x32 /opt/st/stm32cubeide_1.0.2/plugins/com.st.stm32cube.ide.mcu.externaltools.gnu-tools-for-stm32.7-2018-q2-update.linux64_1.0.0.201904181610/tools/bin/../lib/gcc/arm-none-eabi/7.3.1/../../../../arm-none-eabi/lib/thumb/v7e-m/fpv5/hard/libc_nano.a(lib_a-impure.o)
 .ARM.attributes
                0x0000000000000901       0x32 /opt/st/stm32cubeide_1.0.2/plugins/com.st.stm32cube.ide.mcu.externaltools.gnu-tools-for-stm32.7-2018-q2-update.linux64_1.0.0.201904181610/tools/bin/../lib/gcc/arm-none-eabi/7.3.1/../../../../arm-none-eabi/lib/thumb/v7e-m/fpv5/hard/libc_nano.a(lib_a-init.o)
 .ARM.attributes
                0x0000000000000933       0x32 /opt/st/stm32cubeide_1.0.2/plugins/com.st.stm32cube.ide.mcu.externaltools.gnu-tools-for-stm32.7-2018-q2-update.linux64_1.0.0.201904181610/tools/bin/../lib/gcc/arm-none-eabi/7.3.1/../../../../arm-none-eabi/lib/thumb/v7e-m/fpv5/hard/libc_nano.a(lib_a-malloc.o)
 .ARM.attributes
                0x0000000000000965       0x32 /opt/st/stm32cubeide_1.0.2/plugins/com.st.stm32cube.ide.mcu.externaltools.gnu-tools-for-stm32.7-2018-q2-update.linux64_1.0.0.201904181610/tools/bin/../lib/gcc/arm-none-eabi/7.3.1/../../../../arm-none-eabi/lib/thumb/v7e-m/fpv5/hard/libc_nano.a(lib_a-memcpy-stub.o)
 .ARM.attributes
                0x0000000000000997       0x32 /opt/st/stm32cubeide_1.0.2/plugins/com.st.stm32cube.ide.mcu.externaltools.gnu-tools-for-stm32.7-2018-q2-update.linux64_1.0.0.201904181610/tools/bin/../lib/gcc/arm-none-eabi/7.3.1/../../../../arm-none-eabi/lib/thumb/v7e-m/fpv5/hard/libc_nano.a(lib_a-memset.o)
 .ARM.attributes
                0x00000000000009c9       0x32 /opt/st/stm32cubeide_1.0.2/plugins/com.st.stm32cube.ide.mcu.externaltools.gnu-tools-for-stm32.7-2018-q2-update.linux64_1.0.0.201904181610/tools/bin/../lib/gcc/arm-none-eabi/7.3.1/../../../../arm-none-eabi/lib/thumb/v7e-m/fpv5/hard/libc_nano.a(lib_a-nano-freer.o)
 .ARM.attributes
                0x00000000000009fb       0x32 /opt/st/stm32cubeide_1.0.2/plugins/com.st.stm32cube.ide.mcu.externaltools.gnu-tools-for-stm32.7-2018-q2-update.linux64_1.0.0.201904181610/tools/bin/../lib/gcc/arm-none-eabi/7.3.1/../../../../arm-none-eabi/lib/thumb/v7e-m/fpv5/hard/libc_nano.a(lib_a-nano-mallocr.o)
 .ARM.attributes
                0x0000000000000a2d       0x32 /opt/st/stm32cubeide_1.0.2/plugins/com.st.stm32cube.ide.mcu.externaltools.gnu-tools-for-stm32.7-2018-q2-update.linux64_1.0.0.201904181610/tools/bin/../lib/gcc/arm-none-eabi/7.3.1/../../../../arm-none-eabi/lib/thumb/v7e-m/fpv5/hard/libc_nano.a(lib_a-sbrkr.o)
 .ARM.attributes
                0x0000000000000a5f       0x32 /opt/st/stm32cubeide_1.0.2/plugins/com.st.stm32cube.ide.mcu.externaltools.gnu-tools-for-stm32.7-2018-q2-update.linux64_1.0.0.201904181610/tools/bin/../lib/gcc/arm-none-eabi/7.3.1/../../../../arm-none-eabi/lib/thumb/v7e-m/fpv5/hard/libc_nano.a(lib_a-mlock.o)
 .ARM.attributes
                0x0000000000000a91       0x32 /opt/st/stm32cubeide_1.0.2/plugins/com.st.stm32cube.ide.mcu.externaltools.gnu-tools-for-stm32.7-2018-q2-update.linux64_1.0.0.201904181610/tools/bin/../lib/gcc/arm-none-eabi/7.3.1/../../../../arm-none-eabi/lib/thumb/v7e-m/fpv5/hard/libc_nano.a(lib_a-reent.o)
 .ARM.attributes
                0x0000000000000ac3       0x20 /opt/st/stm32cubeide_1.0.2/plugins/com.st.stm32cube.ide.mcu.externaltools.gnu-tools-for-stm32.7-2018-q2-update.linux64_1.0.0.201904181610/tools/bin/../lib/gcc/arm-none-eabi/7.3.1/thumb/v7e-m/fpv5/hard/libgcc.a(_aeabi_uldivmod.o)
 .ARM.attributes
                0x0000000000000ae3       0x32 /opt/st/stm32cubeide_1.0.2/plugins/com.st.stm32cube.ide.mcu.externaltools.gnu-tools-for-stm32.7-2018-q2-update.linux64_1.0.0.201904181610/tools/bin/../lib/gcc/arm-none-eabi/7.3.1/thumb/v7e-m/fpv5/hard/libgcc.a(_udivmoddi4.o)
 .ARM.attributes
                0x0000000000000b15       0x20 /opt/st/stm32cubeide_1.0.2/plugins/com.st.stm32cube.ide.mcu.externaltools.gnu-tools-for-stm32.7-2018-q2-update.linux64_1.0.0.201904181610/tools/bin/../lib/gcc/arm-none-eabi/7.3.1/thumb/v7e-m/fpv5/hard/libgcc.a(_dvmd_tls.o)
 .ARM.attributes
                0x0000000000000b35       0x20 /opt/st/stm32cubeide_1.0.2/plugins/com.st.stm32cube.ide.mcu.externaltools.gnu-tools-for-stm32.7-2018-q2-update.linux64_1.0.0.201904181610/tools/bin/../lib/gcc/arm-none-eabi/7.3.1/thumb/v7e-m/fpv5/hard/crtn.o
OUTPUT(USBproject.elf elf32-littlearm)

.comment        0x0000000000000000       0x7b
 .comment       0x0000000000000000       0x7b Drivers/STM32F7xx_HAL_Driver/Src/stm32f7xx_hal.o
                                         0x7c (size before relaxing)
 .comment       0x000000000000007b       0x7c Drivers/STM32F7xx_HAL_Driver/Src/stm32f7xx_hal_adc.o
 .comment       0x000000000000007b       0x7c Drivers/STM32F7xx_HAL_Driver/Src/stm32f7xx_hal_adc_ex.o
 .comment       0x000000000000007b       0x7c Drivers/STM32F7xx_HAL_Driver/Src/stm32f7xx_hal_cortex.o
 .comment       0x000000000000007b       0x7c Drivers/STM32F7xx_HAL_Driver/Src/stm32f7xx_hal_eth.o
 .comment       0x000000000000007b       0x7c Drivers/STM32F7xx_HAL_Driver/Src/stm32f7xx_hal_gpio.o
 .comment       0x000000000000007b       0x7c Drivers/STM32F7xx_HAL_Driver/Src/stm32f7xx_hal_pcd.o
 .comment       0x000000000000007b       0x7c Drivers/STM32F7xx_HAL_Driver/Src/stm32f7xx_hal_pcd_ex.o
 .comment       0x000000000000007b       0x7c Drivers/STM32F7xx_HAL_Driver/Src/stm32f7xx_hal_pwr.o
 .comment       0x000000000000007b       0x7c Drivers/STM32F7xx_HAL_Driver/Src/stm32f7xx_hal_rcc.o
 .comment       0x000000000000007b       0x7c Drivers/STM32F7xx_HAL_Driver/Src/stm32f7xx_hal_rcc_ex.o
 .comment       0x000000000000007b       0x7c Drivers/STM32F7xx_HAL_Driver/Src/stm32f7xx_hal_tim.o
 .comment       0x000000000000007b       0x7c Drivers/STM32F7xx_HAL_Driver/Src/stm32f7xx_hal_tim_ex.o
 .comment       0x000000000000007b       0x7c Drivers/STM32F7xx_HAL_Driver/Src/stm32f7xx_hal_uart.o
 .comment       0x000000000000007b       0x7c Drivers/STM32F7xx_HAL_Driver/Src/stm32f7xx_ll_usb.o
 .comment       0x000000000000007b       0x7c Middlewares/ST/STM32_USB_Device_Library/Class/CDC/Src/usbd_cdc.o
 .comment       0x000000000000007b       0x7c Middlewares/ST/STM32_USB_Device_Library/Core/Src/usbd_core.o
 .comment       0x000000000000007b       0x7c Middlewares/ST/STM32_USB_Device_Library/Core/Src/usbd_ctlreq.o
 .comment       0x000000000000007b       0x7c Middlewares/ST/STM32_USB_Device_Library/Core/Src/usbd_ioreq.o
 .comment       0x000000000000007b       0x7c Middlewares/Third_Party/FreeRTOS/Source/CMSIS_RTOS/cmsis_os.o