stm32f7xx_it.c:78:6:NMI_Handler	4	static
stm32f7xx_it.c:91:6:HardFault_Handler	4	static
stm32f7xx_it.c:106:6:MemManage_Handler	4	static
stm32f7xx_it.c:121:6:BusFault_Handler	4	static
stm32f7xx_it.c:136:6:UsageFault_Handler	4	static
stm32f7xx_it.c:151:6:DebugMon_Handler	4	static
stm32f7xx_it.c:171:6:ADC_IRQHandler	16	static
stm32f7xx_it.c:192:6:TIM1_UP_TIM10_IRQHandler	8	static
stm32f7xx_it.c:206:6:EXTI15_10_IRQHandler	16	static,ignoring_inline_asm
stm32f7xx_it.c:230:6:TIM7_IRQHandler	8	static
stm32f7xx_it.c:243:6:OTG_FS_IRQHandler	8	static
